<!doctype html public "-//w3c//dtd html 4.0 transitional//en">
<html><head>
<title>Static Call Graph - [.\Objects\Hoverboard.axf]</title></head>
<body><HR>
<H1>Static Call Graph for image .\Objects\Hoverboard.axf</H1><HR>
<BR><P>#&#060CALLGRAPH&#062# ARM Linker, 5060750: Last Updated: Sat Apr 18 18:39:46 2020
<BR><P>
<H3>Maximum Stack Usage =        208 bytes + Unknown(Cycles, Untraceable Function Pointers)</H3><H3>
Call chain for Maximum Stack Depth:</H3>
TIMER13_IRQHandler &rArr; TIMER_20ms &rArr; GetAccelerometerData &rArr; atan &rArr; __kernel_poly &rArr; __aeabi_dmul
<P>
<H3>
Mutually Recursive functions
</H3> <LI><a href="#[19]">ADC_CMP_IRQHandler</a>&nbsp;&nbsp;&nbsp;&rArr;&nbsp;&nbsp;&nbsp;<a href="#[19]">ADC_CMP_IRQHandler</a><BR>
</UL>
<P>
<H3>
Function Pointers
</H3><UL>
 <LI><a href="#[19]">ADC_CMP_IRQHandler</a> from startup_gd32f1x0.o(.text) referenced from startup_gd32f1x0.o(RESET)
 <LI><a href="#[7]">BusFault_Handler</a> from it.o(.text) referenced from startup_gd32f1x0.o(RESET)
 <LI><a href="#[32]">CAN0_RX0_IRQHandler</a> from startup_gd32f1x0.o(.text) referenced from startup_gd32f1x0.o(RESET)
 <LI><a href="#[33]">CAN0_RX1_IRQHandler</a> from startup_gd32f1x0.o(.text) referenced from startup_gd32f1x0.o(RESET)
 <LI><a href="#[34]">CAN0_SCE_IRQHandler</a> from startup_gd32f1x0.o(.text) referenced from startup_gd32f1x0.o(RESET)
 <LI><a href="#[31]">CAN0_TX_IRQHandler</a> from startup_gd32f1x0.o(.text) referenced from startup_gd32f1x0.o(RESET)
 <LI><a href="#[39]">CAN1_RX0_IRQHandler</a> from startup_gd32f1x0.o(.text) referenced from startup_gd32f1x0.o(RESET)
 <LI><a href="#[3a]">CAN1_RX1_IRQHandler</a> from startup_gd32f1x0.o(.text) referenced from startup_gd32f1x0.o(RESET)
 <LI><a href="#[3b]">CAN1_SCE_IRQHandler</a> from startup_gd32f1x0.o(.text) referenced from startup_gd32f1x0.o(RESET)
 <LI><a href="#[38]">CAN1_TX_IRQHandler</a> from startup_gd32f1x0.o(.text) referenced from startup_gd32f1x0.o(RESET)
 <LI><a href="#[29]">CEC_IRQHandler</a> from startup_gd32f1x0.o(.text) referenced from startup_gd32f1x0.o(RESET)
 <LI><a href="#[16]">DMA_Channel0_IRQHandler</a> from it.o(.text) referenced from startup_gd32f1x0.o(RESET)
 <LI><a href="#[17]">DMA_Channel1_2_IRQHandler</a> from it.o(.text) referenced from startup_gd32f1x0.o(RESET)
 <LI><a href="#[18]">DMA_Channel3_4_IRQHandler</a> from it.o(.text) referenced from startup_gd32f1x0.o(RESET)
 <LI><a href="#[36]">DMA_Channel5_6_IRQHandler</a> from startup_gd32f1x0.o(.text) referenced from startup_gd32f1x0.o(RESET)
 <LI><a href="#[a]">DebugMon_Handler</a> from it.o(.text) referenced from startup_gd32f1x0.o(RESET)
 <LI><a href="#[12]">EXTI0_1_IRQHandler</a> from startup_gd32f1x0.o(.text) referenced from startup_gd32f1x0.o(RESET)
 <LI><a href="#[13]">EXTI2_3_IRQHandler</a> from startup_gd32f1x0.o(.text) referenced from startup_gd32f1x0.o(RESET)
 <LI><a href="#[14]">EXTI4_15_IRQHandler</a> from startup_gd32f1x0.o(.text) referenced from startup_gd32f1x0.o(RESET)
 <LI><a href="#[10]">FMC_IRQHandler</a> from startup_gd32f1x0.o(.text) referenced from startup_gd32f1x0.o(RESET)
 <LI><a href="#[5]">HardFault_Handler</a> from it.o(.text) referenced from startup_gd32f1x0.o(RESET)
 <LI><a href="#[2a]">I2C0_ER_IRQHandler</a> from startup_gd32f1x0.o(.text) referenced from startup_gd32f1x0.o(RESET)
 <LI><a href="#[23]">I2C0_EV_IRQHandler</a> from startup_gd32f1x0.o(.text) referenced from startup_gd32f1x0.o(RESET)
 <LI><a href="#[2b]">I2C1_ER_IRQHandler</a> from startup_gd32f1x0.o(.text) referenced from startup_gd32f1x0.o(RESET)
 <LI><a href="#[24]">I2C1_EV_IRQHandler</a> from startup_gd32f1x0.o(.text) referenced from startup_gd32f1x0.o(RESET)
 <LI><a href="#[2d]">I2C2_ER_IRQHandler</a> from startup_gd32f1x0.o(.text) referenced from startup_gd32f1x0.o(RESET)
 <LI><a href="#[2c]">I2C2_EV_IRQHandler</a> from startup_gd32f1x0.o(.text) referenced from startup_gd32f1x0.o(RESET)
 <LI><a href="#[e]">LVD_IRQHandler</a> from startup_gd32f1x0.o(.text) referenced from startup_gd32f1x0.o(RESET)
 <LI><a href="#[6]">MemManage_Handler</a> from it.o(.text) referenced from startup_gd32f1x0.o(RESET)
 <LI><a href="#[4]">NMI_Handler</a> from it.o(.text) referenced from startup_gd32f1x0.o(RESET)
 <LI><a href="#[b]">PendSV_Handler</a> from it.o(.text) referenced from startup_gd32f1x0.o(RESET)
 <LI><a href="#[11]">RCU_IRQHandler</a> from startup_gd32f1x0.o(.text) referenced from startup_gd32f1x0.o(RESET)
 <LI><a href="#[f]">RTC_IRQHandler</a> from startup_gd32f1x0.o(.text) referenced from startup_gd32f1x0.o(RESET)
 <LI><a href="#[3]">Reset_Handler</a> from startup_gd32f1x0.o(.text) referenced from startup_gd32f1x0.o(RESET)
 <LI><a href="#[35]">SLCD_IRQHandler</a> from startup_gd32f1x0.o(.text) referenced from startup_gd32f1x0.o(RESET)
 <LI><a href="#[25]">SPI0_IRQHandler</a> from startup_gd32f1x0.o(.text) referenced from startup_gd32f1x0.o(RESET)
 <LI><a href="#[26]">SPI1_IRQHandler</a> from startup_gd32f1x0.o(.text) referenced from startup_gd32f1x0.o(RESET)
 <LI><a href="#[37]">SPI2_IRQHandler</a> from startup_gd32f1x0.o(.text) referenced from startup_gd32f1x0.o(RESET)
 <LI><a href="#[9]">SVC_Handler</a> from it.o(.text) referenced from startup_gd32f1x0.o(RESET)
 <LI><a href="#[c]">SysTick_Handler</a> from it.o(.text) referenced from startup_gd32f1x0.o(RESET)
 <LI><a href="#[3c]">SystemInit</a> from system_gd32f1x0.o(.text) referenced from startup_gd32f1x0.o(.text)
 <LI><a href="#[1a]">TIMER0_BRK_UP_TRG_COM_IRQHandler</a> from it.o(.text) referenced from startup_gd32f1x0.o(RESET)
 <LI><a href="#[1b]">TIMER0_Channel_IRQHandler</a> from startup_gd32f1x0.o(.text) referenced from startup_gd32f1x0.o(RESET)
 <LI><a href="#[1f]">TIMER13_IRQHandler</a> from it.o(.text) referenced from startup_gd32f1x0.o(RESET)
 <LI><a href="#[20]">TIMER14_IRQHandler</a> from startup_gd32f1x0.o(.text) referenced from startup_gd32f1x0.o(RESET)
 <LI><a href="#[21]">TIMER15_IRQHandler</a> from startup_gd32f1x0.o(.text) referenced from startup_gd32f1x0.o(RESET)
 <LI><a href="#[22]">TIMER16_IRQHandler</a> from startup_gd32f1x0.o(.text) referenced from startup_gd32f1x0.o(RESET)
 <LI><a href="#[1c]">TIMER1_IRQHandler</a> from startup_gd32f1x0.o(.text) referenced from startup_gd32f1x0.o(RESET)
 <LI><a href="#[1d]">TIMER2_IRQHandler</a> from startup_gd32f1x0.o(.text) referenced from startup_gd32f1x0.o(RESET)
 <LI><a href="#[1e]">TIMER5_DAC_IRQHandler</a> from startup_gd32f1x0.o(.text) referenced from startup_gd32f1x0.o(RESET)
 <LI><a href="#[15]">TSI_IRQHandler</a> from startup_gd32f1x0.o(.text) referenced from startup_gd32f1x0.o(RESET)
 <LI><a href="#[27]">USART0_IRQHandler</a> from startup_gd32f1x0.o(.text) referenced from startup_gd32f1x0.o(RESET)
 <LI><a href="#[28]">USART1_IRQHandler</a> from startup_gd32f1x0.o(.text) referenced from startup_gd32f1x0.o(RESET)
 <LI><a href="#[30]">USBDWakeUp_IRQHandler</a> from startup_gd32f1x0.o(.text) referenced from startup_gd32f1x0.o(RESET)
 <LI><a href="#[2f]">USBD_HP_IRQHandler</a> from startup_gd32f1x0.o(.text) referenced from startup_gd32f1x0.o(RESET)
 <LI><a href="#[2e]">USBD_LP_IRQHandler</a> from startup_gd32f1x0.o(.text) referenced from startup_gd32f1x0.o(RESET)
 <LI><a href="#[8]">UsageFault_Handler</a> from it.o(.text) referenced from startup_gd32f1x0.o(RESET)
 <LI><a href="#[d]">WWDGT_IRQHandler</a> from startup_gd32f1x0.o(.text) referenced from startup_gd32f1x0.o(RESET)
 <LI><a href="#[3e]">__main</a> from __main.o(!!!main) referenced from startup_gd32f1x0.o(.text)
</UL>
<P>
<H3>
Global Symbols
</H3>
<P><STRONG><a name="[3e]"></a>__main</STRONG> (Thumb, 8 bytes, Stack size 0 bytes, __main.o(!!!main))
<BR><BR>[Calls]<UL><LI><a href="#[40]">&gt;&gt;</a>&nbsp;&nbsp;&nbsp;__rt_entry
<LI><a href="#[3f]">&gt;&gt;</a>&nbsp;&nbsp;&nbsp;__scatterload
</UL>

<P><STRONG><a name="[3f]"></a>__scatterload</STRONG> (Thumb, 0 bytes, Stack size unknown bytes, __scatter.o(!!!scatter))
<BR><BR>[Called By]<UL><LI><a href="#[3e]">&gt;&gt;</a>&nbsp;&nbsp;&nbsp;__main
</UL>

<P><STRONG><a name="[41]"></a>__scatterload_rt2</STRONG> (Thumb, 44 bytes, Stack size unknown bytes, __scatter.o(!!!scatter), UNUSED)
<BR><BR>[Calls]<UL><LI><a href="#[40]">&gt;&gt;</a>&nbsp;&nbsp;&nbsp;__rt_entry
</UL>

<P><STRONG><a name="[113]"></a>__scatterload_rt2_thumb_only</STRONG> (Thumb, 0 bytes, Stack size unknown bytes, __scatter.o(!!!scatter), UNUSED)

<P><STRONG><a name="[114]"></a>__scatterload_null</STRONG> (Thumb, 0 bytes, Stack size unknown bytes, __scatter.o(!!!scatter), UNUSED)

<P><STRONG><a name="[115]"></a>__decompress</STRONG> (Thumb, 90 bytes, Stack size unknown bytes, __dczerorl2.o(!!dczerorl2), UNUSED)

<P><STRONG><a name="[116]"></a>__decompress1</STRONG> (Thumb, 0 bytes, Stack size unknown bytes, __dczerorl2.o(!!dczerorl2), UNUSED)

<P><STRONG><a name="[117]"></a>__scatterload_zeroinit</STRONG> (Thumb, 28 bytes, Stack size unknown bytes, __scatter_zi.o(!!handler_zi), UNUSED)

<P><STRONG><a name="[45]"></a>__rt_lib_init</STRONG> (Thumb, 0 bytes, Stack size unknown bytes, libinit.o(.ARM.Collect$$libinit$$00000000))
<BR><BR>[Called By]<UL><LI><a href="#[44]">&gt;&gt;</a>&nbsp;&nbsp;&nbsp;__rt_entry_li
</UL>

<P><STRONG><a name="[118]"></a>__rt_lib_init_alloca_1</STRONG> (Thumb, 0 bytes, Stack size unknown bytes, libinit2.o(.ARM.Collect$$libinit$$0000002E))

<P><STRONG><a name="[119]"></a>__rt_lib_init_argv_1</STRONG> (Thumb, 0 bytes, Stack size unknown bytes, libinit2.o(.ARM.Collect$$libinit$$0000002C))

<P><STRONG><a name="[11a]"></a>__rt_lib_init_atexit_1</STRONG> (Thumb, 0 bytes, Stack size unknown bytes, libinit2.o(.ARM.Collect$$libinit$$0000001B))

<P><STRONG><a name="[11b]"></a>__rt_lib_init_clock_1</STRONG> (Thumb, 0 bytes, Stack size unknown bytes, libinit2.o(.ARM.Collect$$libinit$$00000021))

<P><STRONG><a name="[11c]"></a>__rt_lib_init_cpp_1</STRONG> (Thumb, 0 bytes, Stack size unknown bytes, libinit2.o(.ARM.Collect$$libinit$$00000032))

<P><STRONG><a name="[11d]"></a>__rt_lib_init_exceptions_1</STRONG> (Thumb, 0 bytes, Stack size unknown bytes, libinit2.o(.ARM.Collect$$libinit$$00000030))

<P><STRONG><a name="[11e]"></a>__rt_lib_init_fp_1</STRONG> (Thumb, 0 bytes, Stack size unknown bytes, libinit2.o(.ARM.Collect$$libinit$$00000002))

<P><STRONG><a name="[11f]"></a>__rt_lib_init_fp_trap_1</STRONG> (Thumb, 0 bytes, Stack size unknown bytes, libinit2.o(.ARM.Collect$$libinit$$0000001F))

<P><STRONG><a name="[120]"></a>__rt_lib_init_getenv_1</STRONG> (Thumb, 0 bytes, Stack size unknown bytes, libinit2.o(.ARM.Collect$$libinit$$00000023))

<P><STRONG><a name="[121]"></a>__rt_lib_init_heap_1</STRONG> (Thumb, 0 bytes, Stack size unknown bytes, libinit2.o(.ARM.Collect$$libinit$$0000000A))

<P><STRONG><a name="[122]"></a>__rt_lib_init_lc_collate_1</STRONG> (Thumb, 0 bytes, Stack size unknown bytes, libinit2.o(.ARM.Collect$$libinit$$00000011))

<P><STRONG><a name="[123]"></a>__rt_lib_init_lc_ctype_1</STRONG> (Thumb, 0 bytes, Stack size unknown bytes, libinit2.o(.ARM.Collect$$libinit$$00000013))

<P><STRONG><a name="[124]"></a>__rt_lib_init_lc_monetary_1</STRONG> (Thumb, 0 bytes, Stack size unknown bytes, libinit2.o(.ARM.Collect$$libinit$$00000015))

<P><STRONG><a name="[125]"></a>__rt_lib_init_lc_numeric_1</STRONG> (Thumb, 0 bytes, Stack size unknown bytes, libinit2.o(.ARM.Collect$$libinit$$00000017))

<P><STRONG><a name="[126]"></a>__rt_lib_init_lc_time_1</STRONG> (Thumb, 0 bytes, Stack size unknown bytes, libinit2.o(.ARM.Collect$$libinit$$00000019))

<P><STRONG><a name="[127]"></a>__rt_lib_init_preinit_1</STRONG> (Thumb, 0 bytes, Stack size unknown bytes, libinit2.o(.ARM.Collect$$libinit$$00000004))

<P><STRONG><a name="[128]"></a>__rt_lib_init_rand_1</STRONG> (Thumb, 0 bytes, Stack size unknown bytes, libinit2.o(.ARM.Collect$$libinit$$0000000E))

<P><STRONG><a name="[129]"></a>__rt_lib_init_return</STRONG> (Thumb, 0 bytes, Stack size unknown bytes, libinit2.o(.ARM.Collect$$libinit$$00000033))

<P><STRONG><a name="[12a]"></a>__rt_lib_init_signal_1</STRONG> (Thumb, 0 bytes, Stack size unknown bytes, libinit2.o(.ARM.Collect$$libinit$$0000001D))

<P><STRONG><a name="[12b]"></a>__rt_lib_init_stdio_1</STRONG> (Thumb, 0 bytes, Stack size unknown bytes, libinit2.o(.ARM.Collect$$libinit$$00000025))

<P><STRONG><a name="[12c]"></a>__rt_lib_init_user_alloc_1</STRONG> (Thumb, 0 bytes, Stack size unknown bytes, libinit2.o(.ARM.Collect$$libinit$$0000000C))

<P><STRONG><a name="[4a]"></a>__rt_lib_shutdown</STRONG> (Thumb, 0 bytes, Stack size unknown bytes, libshutdown.o(.ARM.Collect$$libshutdown$$00000000))
<BR><BR>[Called By]<UL><LI><a href="#[49]">&gt;&gt;</a>&nbsp;&nbsp;&nbsp;__rt_exit_ls
</UL>

<P><STRONG><a name="[12d]"></a>__rt_lib_shutdown_cpp_1</STRONG> (Thumb, 0 bytes, Stack size unknown bytes, libshutdown2.o(.ARM.Collect$$libshutdown$$00000002))

<P><STRONG><a name="[12e]"></a>__rt_lib_shutdown_fp_trap_1</STRONG> (Thumb, 0 bytes, Stack size unknown bytes, libshutdown2.o(.ARM.Collect$$libshutdown$$00000007))

<P><STRONG><a name="[12f]"></a>__rt_lib_shutdown_heap_1</STRONG> (Thumb, 0 bytes, Stack size unknown bytes, libshutdown2.o(.ARM.Collect$$libshutdown$$0000000F))

<P><STRONG><a name="[130]"></a>__rt_lib_shutdown_return</STRONG> (Thumb, 0 bytes, Stack size unknown bytes, libshutdown2.o(.ARM.Collect$$libshutdown$$00000010))

<P><STRONG><a name="[131]"></a>__rt_lib_shutdown_signal_1</STRONG> (Thumb, 0 bytes, Stack size unknown bytes, libshutdown2.o(.ARM.Collect$$libshutdown$$0000000A))

<P><STRONG><a name="[132]"></a>__rt_lib_shutdown_stdio_1</STRONG> (Thumb, 0 bytes, Stack size unknown bytes, libshutdown2.o(.ARM.Collect$$libshutdown$$00000004))

<P><STRONG><a name="[133]"></a>__rt_lib_shutdown_user_alloc_1</STRONG> (Thumb, 0 bytes, Stack size unknown bytes, libshutdown2.o(.ARM.Collect$$libshutdown$$0000000C))

<P><STRONG><a name="[40]"></a>__rt_entry</STRONG> (Thumb, 0 bytes, Stack size unknown bytes, __rtentry.o(.ARM.Collect$$rtentry$$00000000))
<BR><BR>[Called By]<UL><LI><a href="#[3e]">&gt;&gt;</a>&nbsp;&nbsp;&nbsp;__main
<LI><a href="#[41]">&gt;&gt;</a>&nbsp;&nbsp;&nbsp;__scatterload_rt2
</UL>

<P><STRONG><a name="[134]"></a>__rt_entry_presh_1</STRONG> (Thumb, 0 bytes, Stack size unknown bytes, __rtentry2.o(.ARM.Collect$$rtentry$$00000002))

<P><STRONG><a name="[42]"></a>__rt_entry_sh</STRONG> (Thumb, 0 bytes, Stack size unknown bytes, __rtentry4.o(.ARM.Collect$$rtentry$$00000004))
<BR><BR>[Stack]<UL><LI>Max Depth = 8 + Unknown Stack Size
<LI>Call Chain = __rt_entry_sh &rArr; __user_setup_stackheap
</UL>
<BR>[Calls]<UL><LI><a href="#[43]">&gt;&gt;</a>&nbsp;&nbsp;&nbsp;__user_setup_stackheap
</UL>

<P><STRONG><a name="[44]"></a>__rt_entry_li</STRONG> (Thumb, 0 bytes, Stack size unknown bytes, __rtentry2.o(.ARM.Collect$$rtentry$$0000000A))
<BR><BR>[Calls]<UL><LI><a href="#[45]">&gt;&gt;</a>&nbsp;&nbsp;&nbsp;__rt_lib_init
</UL>

<P><STRONG><a name="[135]"></a>__rt_entry_postsh_1</STRONG> (Thumb, 0 bytes, Stack size unknown bytes, __rtentry2.o(.ARM.Collect$$rtentry$$00000009))

<P><STRONG><a name="[46]"></a>__rt_entry_main</STRONG> (Thumb, 0 bytes, Stack size unknown bytes, __rtentry2.o(.ARM.Collect$$rtentry$$0000000D))
<BR><BR>[Stack]<UL><LI>Max Depth = 184 + Unknown Stack Size
<LI>Call Chain = __rt_entry_main &rArr; main &rArr; USART_REMOTE_COM_init &rArr; usart_baudrate_set &rArr; rcu_clock_freq_get
</UL>
<BR>[Calls]<UL><LI><a href="#[47]">&gt;&gt;</a>&nbsp;&nbsp;&nbsp;main
<LI><a href="#[48]">&gt;&gt;</a>&nbsp;&nbsp;&nbsp;exit
</UL>

<P><STRONG><a name="[136]"></a>__rt_entry_postli_1</STRONG> (Thumb, 0 bytes, Stack size unknown bytes, __rtentry2.o(.ARM.Collect$$rtentry$$0000000C))

<P><STRONG><a name="[eb]"></a>__rt_exit</STRONG> (Thumb, 0 bytes, Stack size unknown bytes, rtexit.o(.ARM.Collect$$rtexit$$00000000))
<BR><BR>[Called By]<UL><LI><a href="#[48]">&gt;&gt;</a>&nbsp;&nbsp;&nbsp;exit
</UL>

<P><STRONG><a name="[49]"></a>__rt_exit_ls</STRONG> (Thumb, 0 bytes, Stack size unknown bytes, rtexit2.o(.ARM.Collect$$rtexit$$00000003))
<BR><BR>[Calls]<UL><LI><a href="#[4a]">&gt;&gt;</a>&nbsp;&nbsp;&nbsp;__rt_lib_shutdown
</UL>

<P><STRONG><a name="[137]"></a>__rt_exit_prels_1</STRONG> (Thumb, 0 bytes, Stack size unknown bytes, rtexit2.o(.ARM.Collect$$rtexit$$00000002))

<P><STRONG><a name="[4b]"></a>__rt_exit_exit</STRONG> (Thumb, 0 bytes, Stack size unknown bytes, rtexit2.o(.ARM.Collect$$rtexit$$00000004))
<BR><BR>[Calls]<UL><LI><a href="#[4c]">&gt;&gt;</a>&nbsp;&nbsp;&nbsp;_sys_exit
</UL>

<P><STRONG><a name="[4d]"></a>ShutOff</STRONG> (Thumb, 84 bytes, Stack size 16 bytes, main.o(.text))
<BR><BR>[Stack]<UL><LI>Max Depth = 120<LI>Call Chain = ShutOff &rArr; SendSlave &rArr; SendBuffer &rArr; usart_flag_get
</UL>
<BR>[Calls]<UL><LI><a href="#[50]">&gt;&gt;</a>&nbsp;&nbsp;&nbsp;usart_deinit
<LI><a href="#[52]">&gt;&gt;</a>&nbsp;&nbsp;&nbsp;gpio_bit_write
<LI><a href="#[53]">&gt;&gt;</a>&nbsp;&nbsp;&nbsp;fwdgt_counter_reload
<LI><a href="#[51]">&gt;&gt;</a>&nbsp;&nbsp;&nbsp;SetEnable
<LI><a href="#[4f]">&gt;&gt;</a>&nbsp;&nbsp;&nbsp;SendSlave
<LI><a href="#[4e]">&gt;&gt;</a>&nbsp;&nbsp;&nbsp;Delay
</UL>
<BR>[Called By]<UL><LI><a href="#[47]">&gt;&gt;</a>&nbsp;&nbsp;&nbsp;main
</UL>

<P><STRONG><a name="[6e]"></a>ShowBatteryState</STRONG> (Thumb, 2 bytes, Stack size 0 bytes, main.o(.text))
<BR><BR>[Called By]<UL><LI><a href="#[47]">&gt;&gt;</a>&nbsp;&nbsp;&nbsp;main
</UL>

<P><STRONG><a name="[6d]"></a>BeepsBackwards</STRONG> (Thumb, 42 bytes, Stack size 0 bytes, main.o(.text))
<BR><BR>[Called By]<UL><LI><a href="#[47]">&gt;&gt;</a>&nbsp;&nbsp;&nbsp;main
</UL>

<P><STRONG><a name="[47]"></a>main</STRONG> (Thumb, 1286 bytes, Stack size 24 bytes, main.o(.text))
<BR><BR>[Stack]<UL><LI>Max Depth = 184<LI>Call Chain = main &rArr; USART_REMOTE_COM_init &rArr; usart_baudrate_set &rArr; rcu_clock_freq_get
</UL>
<BR>[Calls]<UL><LI><a href="#[6b]">&gt;&gt;</a>&nbsp;&nbsp;&nbsp;stopNavigator
<LI><a href="#[5e]">&gt;&gt;</a>&nbsp;&nbsp;&nbsp;gpio_input_bit_get
<LI><a href="#[52]">&gt;&gt;</a>&nbsp;&nbsp;&nbsp;gpio_bit_write
<LI><a href="#[53]">&gt;&gt;</a>&nbsp;&nbsp;&nbsp;fwdgt_counter_reload
<LI><a href="#[55]">&gt;&gt;</a>&nbsp;&nbsp;&nbsp;Watchdog_init
<LI><a href="#[5d]">&gt;&gt;</a>&nbsp;&nbsp;&nbsp;USART_REMOTE_COM_init
<LI><a href="#[59]">&gt;&gt;</a>&nbsp;&nbsp;&nbsp;USART_MasterSlave_init
<LI><a href="#[57]">&gt;&gt;</a>&nbsp;&nbsp;&nbsp;TimeoutTimer_init
<LI><a href="#[54]">&gt;&gt;</a>&nbsp;&nbsp;&nbsp;SystemCoreClockUpdate
<LI><a href="#[67]">&gt;&gt;</a>&nbsp;&nbsp;&nbsp;SetSpeed
<LI><a href="#[51]">&gt;&gt;</a>&nbsp;&nbsp;&nbsp;SetEnable
<LI><a href="#[5f]">&gt;&gt;</a>&nbsp;&nbsp;&nbsp;Send_Data_over_REMOTE_serialPort_of_MasterBoard
<LI><a href="#[4f]">&gt;&gt;</a>&nbsp;&nbsp;&nbsp;SendSlave
<LI><a href="#[60]">&gt;&gt;</a>&nbsp;&nbsp;&nbsp;ResetTimeout
<LI><a href="#[5c]">&gt;&gt;</a>&nbsp;&nbsp;&nbsp;PWM_init
<LI><a href="#[56]">&gt;&gt;</a>&nbsp;&nbsp;&nbsp;Interrupt_init
<LI><a href="#[5a]">&gt;&gt;</a>&nbsp;&nbsp;&nbsp;I2C_IMU_init
<LI><a href="#[58]">&gt;&gt;</a>&nbsp;&nbsp;&nbsp;GPIO_init
<LI><a href="#[4e]">&gt;&gt;</a>&nbsp;&nbsp;&nbsp;Delay
<LI><a href="#[5b]">&gt;&gt;</a>&nbsp;&nbsp;&nbsp;ADC_init
<LI><a href="#[6d]">&gt;&gt;</a>&nbsp;&nbsp;&nbsp;BeepsBackwards
<LI><a href="#[6e]">&gt;&gt;</a>&nbsp;&nbsp;&nbsp;ShowBatteryState
<LI><a href="#[4d]">&gt;&gt;</a>&nbsp;&nbsp;&nbsp;ShutOff
<LI><a href="#[63]">&gt;&gt;</a>&nbsp;&nbsp;&nbsp;__aeabi_cfrcmple
<LI><a href="#[66]">&gt;&gt;</a>&nbsp;&nbsp;&nbsp;__aeabi_fmul
<LI><a href="#[64]">&gt;&gt;</a>&nbsp;&nbsp;&nbsp;__aeabi_cfcmple
<LI><a href="#[61]">&gt;&gt;</a>&nbsp;&nbsp;&nbsp;__aeabi_i2f
<LI><a href="#[65]">&gt;&gt;</a>&nbsp;&nbsp;&nbsp;__aeabi_f2iz
<LI><a href="#[62]">&gt;&gt;</a>&nbsp;&nbsp;&nbsp;__aeabi_fdiv
<LI><a href="#[6a]">&gt;&gt;</a>&nbsp;&nbsp;&nbsp;__aeabi_f2d
<LI><a href="#[6c]">&gt;&gt;</a>&nbsp;&nbsp;&nbsp;__aeabi_cdrcmple
<LI><a href="#[69]">&gt;&gt;</a>&nbsp;&nbsp;&nbsp;__aeabi_cdcmple
<LI><a href="#[68]">&gt;&gt;</a>&nbsp;&nbsp;&nbsp;__aeabi_i2d
</UL>
<BR>[Called By]<UL><LI><a href="#[46]">&gt;&gt;</a>&nbsp;&nbsp;&nbsp;__rt_entry_main
</UL>

<P><STRONG><a name="[51]"></a>SetEnable</STRONG> (Thumb, 6 bytes, Stack size 0 bytes, bldc.o(.text))
<BR><BR>[Called By]<UL><LI><a href="#[47]">&gt;&gt;</a>&nbsp;&nbsp;&nbsp;main
<LI><a href="#[4d]">&gt;&gt;</a>&nbsp;&nbsp;&nbsp;ShutOff
</UL>

<P><STRONG><a name="[67]"></a>SetSpeed</STRONG> (Thumb, 34 bytes, Stack size 0 bytes, bldc.o(.text))
<BR><BR>[Called By]<UL><LI><a href="#[47]">&gt;&gt;</a>&nbsp;&nbsp;&nbsp;main
</UL>

<P><STRONG><a name="[6f]"></a>CalculateBLDC</STRONG> (Thumb, 1366 bytes, Stack size 56 bytes, bldc.o(.text))
<BR><BR>[Stack]<UL><LI>Max Depth = 128<LI>Call Chain = CalculateBLDC &rArr; blockPWM &rArr; __aeabi_cdcmple
</UL>
<BR>[Calls]<UL><LI><a href="#[78]">&gt;&gt;</a>&nbsp;&nbsp;&nbsp;timer_channel_output_pulse_value_config
<LI><a href="#[75]">&gt;&gt;</a>&nbsp;&nbsp;&nbsp;timer_automatic_output_enable
<LI><a href="#[74]">&gt;&gt;</a>&nbsp;&nbsp;&nbsp;timer_automatic_output_disable
<LI><a href="#[77]">&gt;&gt;</a>&nbsp;&nbsp;&nbsp;blockPWM
<LI><a href="#[5e]">&gt;&gt;</a>&nbsp;&nbsp;&nbsp;gpio_input_bit_get
<LI><a href="#[52]">&gt;&gt;</a>&nbsp;&nbsp;&nbsp;gpio_bit_write
<LI><a href="#[63]">&gt;&gt;</a>&nbsp;&nbsp;&nbsp;__aeabi_cfrcmple
<LI><a href="#[66]">&gt;&gt;</a>&nbsp;&nbsp;&nbsp;__aeabi_fmul
<LI><a href="#[64]">&gt;&gt;</a>&nbsp;&nbsp;&nbsp;__aeabi_cfcmple
<LI><a href="#[70]">&gt;&gt;</a>&nbsp;&nbsp;&nbsp;__aeabi_ui2f
<LI><a href="#[61]">&gt;&gt;</a>&nbsp;&nbsp;&nbsp;__aeabi_i2f
<LI><a href="#[65]">&gt;&gt;</a>&nbsp;&nbsp;&nbsp;__aeabi_f2iz
<LI><a href="#[62]">&gt;&gt;</a>&nbsp;&nbsp;&nbsp;__aeabi_fdiv
<LI><a href="#[76]">&gt;&gt;</a>&nbsp;&nbsp;&nbsp;__aeabi_fsub
<LI><a href="#[6a]">&gt;&gt;</a>&nbsp;&nbsp;&nbsp;__aeabi_f2d
<LI><a href="#[71]">&gt;&gt;</a>&nbsp;&nbsp;&nbsp;__aeabi_dmul
<LI><a href="#[69]">&gt;&gt;</a>&nbsp;&nbsp;&nbsp;__aeabi_cdcmple
<LI><a href="#[68]">&gt;&gt;</a>&nbsp;&nbsp;&nbsp;__aeabi_i2d
<LI><a href="#[72]">&gt;&gt;</a>&nbsp;&nbsp;&nbsp;__aeabi_dadd
<LI><a href="#[73]">&gt;&gt;</a>&nbsp;&nbsp;&nbsp;__aeabi_d2f
</UL>
<BR>[Called By]<UL><LI><a href="#[16]">&gt;&gt;</a>&nbsp;&nbsp;&nbsp;DMA_Channel0_IRQHandler
</UL>

<P><STRONG><a name="[79]"></a>go_to</STRONG> (Thumb, 166 bytes, Stack size 24 bytes, bldc.o(.text))
<BR><BR>[Stack]<UL><LI>Max Depth = 56<LI>Call Chain = go_to &rArr; __aeabi_cdcmple
</UL>
<BR>[Calls]<UL><LI><a href="#[66]">&gt;&gt;</a>&nbsp;&nbsp;&nbsp;__aeabi_fmul
<LI><a href="#[61]">&gt;&gt;</a>&nbsp;&nbsp;&nbsp;__aeabi_i2f
<LI><a href="#[65]">&gt;&gt;</a>&nbsp;&nbsp;&nbsp;__aeabi_f2iz
<LI><a href="#[62]">&gt;&gt;</a>&nbsp;&nbsp;&nbsp;__aeabi_fdiv
<LI><a href="#[7a]">&gt;&gt;</a>&nbsp;&nbsp;&nbsp;__aeabi_fadd
<LI><a href="#[69]">&gt;&gt;</a>&nbsp;&nbsp;&nbsp;__aeabi_cdcmple
<LI><a href="#[68]">&gt;&gt;</a>&nbsp;&nbsp;&nbsp;__aeabi_i2d
</UL>
<BR>[Called By]<UL><LI><a href="#[d3]">&gt;&gt;</a>&nbsp;&nbsp;&nbsp;move
<LI><a href="#[6b]">&gt;&gt;</a>&nbsp;&nbsp;&nbsp;stopNavigator
</UL>

<P><STRONG><a name="[56]"></a>Interrupt_init</STRONG> (Thumb, 12 bytes, Stack size 8 bytes, setup.o(.text))
<BR><BR>[Stack]<UL><LI>Max Depth = 8<LI>Call Chain = Interrupt_init
</UL>
<BR>[Calls]<UL><LI><a href="#[7b]">&gt;&gt;</a>&nbsp;&nbsp;&nbsp;nvic_priority_group_set
</UL>
<BR>[Called By]<UL><LI><a href="#[47]">&gt;&gt;</a>&nbsp;&nbsp;&nbsp;main
</UL>

<P><STRONG><a name="[55]"></a>Watchdog_init</STRONG> (Thumb, 54 bytes, Stack size 8 bytes, setup.o(.text))
<BR><BR>[Stack]<UL><LI>Max Depth = 20<LI>Call Chain = Watchdog_init &rArr; fwdgt_config
</UL>
<BR>[Calls]<UL><LI><a href="#[7c]">&gt;&gt;</a>&nbsp;&nbsp;&nbsp;rcu_flag_get
<LI><a href="#[7d]">&gt;&gt;</a>&nbsp;&nbsp;&nbsp;rcu_all_reset_flag_clear
<LI><a href="#[7f]">&gt;&gt;</a>&nbsp;&nbsp;&nbsp;fwdgt_window_value_config
<LI><a href="#[80]">&gt;&gt;</a>&nbsp;&nbsp;&nbsp;fwdgt_enable
<LI><a href="#[7e]">&gt;&gt;</a>&nbsp;&nbsp;&nbsp;fwdgt_config
</UL>
<BR>[Called By]<UL><LI><a href="#[47]">&gt;&gt;</a>&nbsp;&nbsp;&nbsp;main
</UL>

<P><STRONG><a name="[57]"></a>TimeoutTimer_init</STRONG> (Thumb, 80 bytes, Stack size 8 bytes, setup.o(.text))
<BR><BR>[Stack]<UL><LI>Max Depth = 28<LI>Call Chain = TimeoutTimer_init &rArr; nvic_irq_enable
</UL>
<BR>[Calls]<UL><LI><a href="#[86]">&gt;&gt;</a>&nbsp;&nbsp;&nbsp;timer_interrupt_enable
<LI><a href="#[84]">&gt;&gt;</a>&nbsp;&nbsp;&nbsp;timer_init
<LI><a href="#[87]">&gt;&gt;</a>&nbsp;&nbsp;&nbsp;timer_enable
<LI><a href="#[82]">&gt;&gt;</a>&nbsp;&nbsp;&nbsp;timer_deinit
<LI><a href="#[83]">&gt;&gt;</a>&nbsp;&nbsp;&nbsp;timer_auto_reload_shadow_disable
<LI><a href="#[81]">&gt;&gt;</a>&nbsp;&nbsp;&nbsp;rcu_periph_clock_enable
<LI><a href="#[85]">&gt;&gt;</a>&nbsp;&nbsp;&nbsp;nvic_irq_enable
</UL>
<BR>[Called By]<UL><LI><a href="#[47]">&gt;&gt;</a>&nbsp;&nbsp;&nbsp;main
</UL>

<P><STRONG><a name="[58]"></a>GPIO_init</STRONG> (Thumb, 950 bytes, Stack size 8 bytes, setup.o(.text))
<BR><BR>[Stack]<UL><LI>Max Depth = 28<LI>Call Chain = GPIO_init &rArr; gpio_output_options_set
</UL>
<BR>[Calls]<UL><LI><a href="#[81]">&gt;&gt;</a>&nbsp;&nbsp;&nbsp;rcu_periph_clock_enable
<LI><a href="#[89]">&gt;&gt;</a>&nbsp;&nbsp;&nbsp;gpio_output_options_set
<LI><a href="#[88]">&gt;&gt;</a>&nbsp;&nbsp;&nbsp;gpio_mode_set
<LI><a href="#[8a]">&gt;&gt;</a>&nbsp;&nbsp;&nbsp;gpio_af_set
</UL>
<BR>[Called By]<UL><LI><a href="#[47]">&gt;&gt;</a>&nbsp;&nbsp;&nbsp;main
</UL>

<P><STRONG><a name="[5c]"></a>PWM_init</STRONG> (Thumb, 356 bytes, Stack size 8 bytes, setup.o(.text))
<BR><BR>[Stack]<UL><LI>Max Depth = 28<LI>Call Chain = PWM_init &rArr; nvic_irq_enable
</UL>
<BR>[Calls]<UL><LI><a href="#[86]">&gt;&gt;</a>&nbsp;&nbsp;&nbsp;timer_interrupt_enable
<LI><a href="#[84]">&gt;&gt;</a>&nbsp;&nbsp;&nbsp;timer_init
<LI><a href="#[87]">&gt;&gt;</a>&nbsp;&nbsp;&nbsp;timer_enable
<LI><a href="#[90]">&gt;&gt;</a>&nbsp;&nbsp;&nbsp;timer_disable
<LI><a href="#[82]">&gt;&gt;</a>&nbsp;&nbsp;&nbsp;timer_deinit
<LI><a href="#[91]">&gt;&gt;</a>&nbsp;&nbsp;&nbsp;timer_channel_output_state_config
<LI><a href="#[8c]">&gt;&gt;</a>&nbsp;&nbsp;&nbsp;timer_channel_output_shadow_config
<LI><a href="#[8d]">&gt;&gt;</a>&nbsp;&nbsp;&nbsp;timer_channel_output_mode_config
<LI><a href="#[8b]">&gt;&gt;</a>&nbsp;&nbsp;&nbsp;timer_channel_output_fast_config
<LI><a href="#[8e]">&gt;&gt;</a>&nbsp;&nbsp;&nbsp;timer_channel_output_config
<LI><a href="#[92]">&gt;&gt;</a>&nbsp;&nbsp;&nbsp;timer_channel_complementary_output_state_config
<LI><a href="#[8f]">&gt;&gt;</a>&nbsp;&nbsp;&nbsp;timer_break_config
<LI><a href="#[83]">&gt;&gt;</a>&nbsp;&nbsp;&nbsp;timer_auto_reload_shadow_disable
<LI><a href="#[81]">&gt;&gt;</a>&nbsp;&nbsp;&nbsp;rcu_periph_clock_enable
<LI><a href="#[85]">&gt;&gt;</a>&nbsp;&nbsp;&nbsp;nvic_irq_enable
<LI><a href="#[78]">&gt;&gt;</a>&nbsp;&nbsp;&nbsp;timer_channel_output_pulse_value_config
</UL>
<BR>[Called By]<UL><LI><a href="#[47]">&gt;&gt;</a>&nbsp;&nbsp;&nbsp;main
</UL>

<P><STRONG><a name="[5b]"></a>ADC_init</STRONG> (Thumb, 226 bytes, Stack size 32 bytes, setup.o(.text))
<BR><BR>[Stack]<UL><LI>Max Depth = 56<LI>Call Chain = ADC_init &rArr; dma_init
</UL>
<BR>[Calls]<UL><LI><a href="#[81]">&gt;&gt;</a>&nbsp;&nbsp;&nbsp;rcu_periph_clock_enable
<LI><a href="#[93]">&gt;&gt;</a>&nbsp;&nbsp;&nbsp;rcu_adc_clock_config
<LI><a href="#[85]">&gt;&gt;</a>&nbsp;&nbsp;&nbsp;nvic_irq_enable
<LI><a href="#[9a]">&gt;&gt;</a>&nbsp;&nbsp;&nbsp;dma_transfer_number_config
<LI><a href="#[98]">&gt;&gt;</a>&nbsp;&nbsp;&nbsp;dma_memory_to_memory_disable
<LI><a href="#[99]">&gt;&gt;</a>&nbsp;&nbsp;&nbsp;dma_interrupt_enable
<LI><a href="#[96]">&gt;&gt;</a>&nbsp;&nbsp;&nbsp;dma_init
<LI><a href="#[94]">&gt;&gt;</a>&nbsp;&nbsp;&nbsp;dma_deinit
<LI><a href="#[97]">&gt;&gt;</a>&nbsp;&nbsp;&nbsp;dma_circulation_enable
<LI><a href="#[9b]">&gt;&gt;</a>&nbsp;&nbsp;&nbsp;dma_channel_enable
<LI><a href="#[a3]">&gt;&gt;</a>&nbsp;&nbsp;&nbsp;adc_watchdog_disable
<LI><a href="#[a2]">&gt;&gt;</a>&nbsp;&nbsp;&nbsp;adc_vbat_disable
<LI><a href="#[a1]">&gt;&gt;</a>&nbsp;&nbsp;&nbsp;adc_tempsensor_vrefint_disable
<LI><a href="#[a7]">&gt;&gt;</a>&nbsp;&nbsp;&nbsp;adc_special_function_config
<LI><a href="#[9d]">&gt;&gt;</a>&nbsp;&nbsp;&nbsp;adc_regular_channel_config
<LI><a href="#[a0]">&gt;&gt;</a>&nbsp;&nbsp;&nbsp;adc_external_trigger_source_config
<LI><a href="#[9f]">&gt;&gt;</a>&nbsp;&nbsp;&nbsp;adc_external_trigger_config
<LI><a href="#[a4]">&gt;&gt;</a>&nbsp;&nbsp;&nbsp;adc_enable
<LI><a href="#[a6]">&gt;&gt;</a>&nbsp;&nbsp;&nbsp;adc_dma_mode_enable
<LI><a href="#[9e]">&gt;&gt;</a>&nbsp;&nbsp;&nbsp;adc_data_alignment_config
<LI><a href="#[9c]">&gt;&gt;</a>&nbsp;&nbsp;&nbsp;adc_channel_length_config
<LI><a href="#[a5]">&gt;&gt;</a>&nbsp;&nbsp;&nbsp;adc_calibration_enable
<LI><a href="#[95]">&gt;&gt;</a>&nbsp;&nbsp;&nbsp;__aeabi_memcpy4
</UL>
<BR>[Called By]<UL><LI><a href="#[47]">&gt;&gt;</a>&nbsp;&nbsp;&nbsp;main
</UL>

<P><STRONG><a name="[5a]"></a>I2C_IMU_init</STRONG> (Thumb, 40 bytes, Stack size 8 bytes, setup.o(.text))
<BR><BR>[Stack]<UL><LI>Max Depth = 144<LI>Call Chain = I2C_IMU_init &rArr; i2c_clock_config &rArr; rcu_clock_freq_get
</UL>
<BR>[Calls]<UL><LI><a href="#[a9]">&gt;&gt;</a>&nbsp;&nbsp;&nbsp;i2c_mode_addr_config
<LI><a href="#[aa]">&gt;&gt;</a>&nbsp;&nbsp;&nbsp;i2c_enable
<LI><a href="#[a8]">&gt;&gt;</a>&nbsp;&nbsp;&nbsp;i2c_clock_config
<LI><a href="#[ab]">&gt;&gt;</a>&nbsp;&nbsp;&nbsp;i2c_ack_config
</UL>
<BR>[Called By]<UL><LI><a href="#[47]">&gt;&gt;</a>&nbsp;&nbsp;&nbsp;main
</UL>

<P><STRONG><a name="[59]"></a>USART_MasterSlave_init</STRONG> (Thumb, 206 bytes, Stack size 32 bytes, setup.o(.text))
<BR><BR>[Stack]<UL><LI>Max Depth = 160<LI>Call Chain = USART_MasterSlave_init &rArr; usart_baudrate_set &rArr; rcu_clock_freq_get
</UL>
<BR>[Calls]<UL><LI><a href="#[ae]">&gt;&gt;</a>&nbsp;&nbsp;&nbsp;usart_word_length_set
<LI><a href="#[b1]">&gt;&gt;</a>&nbsp;&nbsp;&nbsp;usart_transmit_config
<LI><a href="#[af]">&gt;&gt;</a>&nbsp;&nbsp;&nbsp;usart_stop_bit_set
<LI><a href="#[b2]">&gt;&gt;</a>&nbsp;&nbsp;&nbsp;usart_receive_config
<LI><a href="#[ad]">&gt;&gt;</a>&nbsp;&nbsp;&nbsp;usart_parity_config
<LI><a href="#[b0]">&gt;&gt;</a>&nbsp;&nbsp;&nbsp;usart_oversample_config
<LI><a href="#[b3]">&gt;&gt;</a>&nbsp;&nbsp;&nbsp;usart_enable
<LI><a href="#[b4]">&gt;&gt;</a>&nbsp;&nbsp;&nbsp;usart_dma_receive_config
<LI><a href="#[ac]">&gt;&gt;</a>&nbsp;&nbsp;&nbsp;usart_baudrate_set
<LI><a href="#[81]">&gt;&gt;</a>&nbsp;&nbsp;&nbsp;rcu_periph_clock_enable
<LI><a href="#[85]">&gt;&gt;</a>&nbsp;&nbsp;&nbsp;nvic_irq_enable
<LI><a href="#[9a]">&gt;&gt;</a>&nbsp;&nbsp;&nbsp;dma_transfer_number_config
<LI><a href="#[98]">&gt;&gt;</a>&nbsp;&nbsp;&nbsp;dma_memory_to_memory_disable
<LI><a href="#[99]">&gt;&gt;</a>&nbsp;&nbsp;&nbsp;dma_interrupt_enable
<LI><a href="#[96]">&gt;&gt;</a>&nbsp;&nbsp;&nbsp;dma_init
<LI><a href="#[94]">&gt;&gt;</a>&nbsp;&nbsp;&nbsp;dma_deinit
<LI><a href="#[97]">&gt;&gt;</a>&nbsp;&nbsp;&nbsp;dma_circulation_enable
<LI><a href="#[9b]">&gt;&gt;</a>&nbsp;&nbsp;&nbsp;dma_channel_enable
<LI><a href="#[95]">&gt;&gt;</a>&nbsp;&nbsp;&nbsp;__aeabi_memcpy4
</UL>
<BR>[Called By]<UL><LI><a href="#[47]">&gt;&gt;</a>&nbsp;&nbsp;&nbsp;main
</UL>

<P><STRONG><a name="[5d]"></a>USART_REMOTE_COM_init</STRONG> (Thumb, 264 bytes, Stack size 32 bytes, setup.o(.text))
<BR><BR>[Stack]<UL><LI>Max Depth = 160<LI>Call Chain = USART_REMOTE_COM_init &rArr; usart_baudrate_set &rArr; rcu_clock_freq_get
</UL>
<BR>[Calls]<UL><LI><a href="#[ae]">&gt;&gt;</a>&nbsp;&nbsp;&nbsp;usart_word_length_set
<LI><a href="#[b1]">&gt;&gt;</a>&nbsp;&nbsp;&nbsp;usart_transmit_config
<LI><a href="#[af]">&gt;&gt;</a>&nbsp;&nbsp;&nbsp;usart_stop_bit_set
<LI><a href="#[b2]">&gt;&gt;</a>&nbsp;&nbsp;&nbsp;usart_receive_config
<LI><a href="#[ad]">&gt;&gt;</a>&nbsp;&nbsp;&nbsp;usart_parity_config
<LI><a href="#[b0]">&gt;&gt;</a>&nbsp;&nbsp;&nbsp;usart_oversample_config
<LI><a href="#[b3]">&gt;&gt;</a>&nbsp;&nbsp;&nbsp;usart_enable
<LI><a href="#[b4]">&gt;&gt;</a>&nbsp;&nbsp;&nbsp;usart_dma_receive_config
<LI><a href="#[ac]">&gt;&gt;</a>&nbsp;&nbsp;&nbsp;usart_baudrate_set
<LI><a href="#[81]">&gt;&gt;</a>&nbsp;&nbsp;&nbsp;rcu_periph_clock_enable
<LI><a href="#[85]">&gt;&gt;</a>&nbsp;&nbsp;&nbsp;nvic_irq_enable
<LI><a href="#[9a]">&gt;&gt;</a>&nbsp;&nbsp;&nbsp;dma_transfer_number_config
<LI><a href="#[98]">&gt;&gt;</a>&nbsp;&nbsp;&nbsp;dma_memory_to_memory_disable
<LI><a href="#[99]">&gt;&gt;</a>&nbsp;&nbsp;&nbsp;dma_interrupt_enable
<LI><a href="#[96]">&gt;&gt;</a>&nbsp;&nbsp;&nbsp;dma_init
<LI><a href="#[94]">&gt;&gt;</a>&nbsp;&nbsp;&nbsp;dma_deinit
<LI><a href="#[97]">&gt;&gt;</a>&nbsp;&nbsp;&nbsp;dma_circulation_enable
<LI><a href="#[9b]">&gt;&gt;</a>&nbsp;&nbsp;&nbsp;dma_channel_enable
<LI><a href="#[95]">&gt;&gt;</a>&nbsp;&nbsp;&nbsp;__aeabi_memcpy4
</UL>
<BR>[Called By]<UL><LI><a href="#[47]">&gt;&gt;</a>&nbsp;&nbsp;&nbsp;main
</UL>

<P><STRONG><a name="[60]"></a>ResetTimeout</STRONG> (Thumb, 8 bytes, Stack size 0 bytes, it.o(.text))
<BR><BR>[Called By]<UL><LI><a href="#[be]">&gt;&gt;</a>&nbsp;&nbsp;&nbsp;CheckPWMRemoteControlInput
<LI><a href="#[47]">&gt;&gt;</a>&nbsp;&nbsp;&nbsp;main
</UL>

<P><STRONG><a name="[b5]"></a>TIMER_1000ms</STRONG> (Thumb, 8 bytes, Stack size 8 bytes, it.o(.text))
<BR><BR>[Stack]<UL><LI>Max Depth = 160<LI>Call Chain = TIMER_1000ms &rArr; checkNavigationStatus &rArr; move &rArr; SendSlave &rArr; SendBuffer &rArr; usart_flag_get
</UL>
<BR>[Calls]<UL><LI><a href="#[b6]">&gt;&gt;</a>&nbsp;&nbsp;&nbsp;checkNavigationStatus
</UL>
<BR>[Called By]<UL><LI><a href="#[b7]">&gt;&gt;</a>&nbsp;&nbsp;&nbsp;TIMER_100ms
</UL>

<P><STRONG><a name="[b7]"></a>TIMER_100ms</STRONG> (Thumb, 68 bytes, Stack size 8 bytes, it.o(.text))
<BR><BR>[Stack]<UL><LI>Max Depth = 168<LI>Call Chain = TIMER_100ms &rArr; TIMER_1000ms &rArr; checkNavigationStatus &rArr; move &rArr; SendSlave &rArr; SendBuffer &rArr; usart_flag_get
</UL>
<BR>[Calls]<UL><LI><a href="#[b9]">&gt;&gt;</a>&nbsp;&nbsp;&nbsp;isNavigatorRunning
<LI><a href="#[b8]">&gt;&gt;</a>&nbsp;&nbsp;&nbsp;checkInterlockInputs
<LI><a href="#[b5]">&gt;&gt;</a>&nbsp;&nbsp;&nbsp;TIMER_1000ms
<LI><a href="#[6b]">&gt;&gt;</a>&nbsp;&nbsp;&nbsp;stopNavigator
</UL>
<BR>[Called By]<UL><LI><a href="#[ba]">&gt;&gt;</a>&nbsp;&nbsp;&nbsp;TIMER_20ms
</UL>

<P><STRONG><a name="[ba]"></a>TIMER_20ms</STRONG> (Thumb, 36 bytes, Stack size 8 bytes, it.o(.text))
<BR><BR>[Stack]<UL><LI>Max Depth = 200<LI>Call Chain = TIMER_20ms &rArr; GetAccelerometerData &rArr; atan &rArr; __kernel_poly &rArr; __aeabi_dmul
</UL>
<BR>[Calls]<UL><LI><a href="#[bb]">&gt;&gt;</a>&nbsp;&nbsp;&nbsp;GetAccelerometerData
<LI><a href="#[b7]">&gt;&gt;</a>&nbsp;&nbsp;&nbsp;TIMER_100ms
</UL>
<BR>[Called By]<UL><LI><a href="#[1f]">&gt;&gt;</a>&nbsp;&nbsp;&nbsp;TIMER13_IRQHandler
</UL>

<P><STRONG><a name="[c]"></a>SysTick_Handler</STRONG> (Thumb, 12 bytes, Stack size 0 bytes, it.o(.text))
<BR>[Address Reference Count : 1]<UL><LI> startup_gd32f1x0.o(RESET)
</UL>
<P><STRONG><a name="[1f]"></a>TIMER13_IRQHandler</STRONG> (Thumb, 96 bytes, Stack size 8 bytes, it.o(.text))
<BR><BR>[Stack]<UL><LI>Max Depth = 208<LI>Call Chain = TIMER13_IRQHandler &rArr; TIMER_20ms &rArr; GetAccelerometerData &rArr; atan &rArr; __kernel_poly &rArr; __aeabi_dmul
</UL>
<BR>[Calls]<UL><LI><a href="#[bc]">&gt;&gt;</a>&nbsp;&nbsp;&nbsp;timer_interrupt_flag_clear
<LI><a href="#[ba]">&gt;&gt;</a>&nbsp;&nbsp;&nbsp;TIMER_20ms
</UL>
<BR>[Address Reference Count : 1]<UL><LI> startup_gd32f1x0.o(RESET)
</UL>
<P><STRONG><a name="[1a]"></a>TIMER0_BRK_UP_TRG_COM_IRQHandler</STRONG> (Thumb, 28 bytes, Stack size 8 bytes, it.o(.text))
<BR><BR>[Stack]<UL><LI>Max Depth = 16<LI>Call Chain = TIMER0_BRK_UP_TRG_COM_IRQHandler &rArr; CheckPWMRemoteControlInput
</UL>
<BR>[Calls]<UL><LI><a href="#[bc]">&gt;&gt;</a>&nbsp;&nbsp;&nbsp;timer_interrupt_flag_clear
<LI><a href="#[bd]">&gt;&gt;</a>&nbsp;&nbsp;&nbsp;adc_software_trigger_enable
<LI><a href="#[be]">&gt;&gt;</a>&nbsp;&nbsp;&nbsp;CheckPWMRemoteControlInput
</UL>
<BR>[Address Reference Count : 1]<UL><LI> startup_gd32f1x0.o(RESET)
</UL>
<P><STRONG><a name="[16]"></a>DMA_Channel0_IRQHandler</STRONG> (Thumb, 26 bytes, Stack size 8 bytes, it.o(.text))
<BR><BR>[Stack]<UL><LI>Max Depth = 136<LI>Call Chain = DMA_Channel0_IRQHandler &rArr; CalculateBLDC &rArr; blockPWM &rArr; __aeabi_cdcmple
</UL>
<BR>[Calls]<UL><LI><a href="#[bf]">&gt;&gt;</a>&nbsp;&nbsp;&nbsp;dma_interrupt_flag_get
<LI><a href="#[c0]">&gt;&gt;</a>&nbsp;&nbsp;&nbsp;dma_interrupt_flag_clear
<LI><a href="#[6f]">&gt;&gt;</a>&nbsp;&nbsp;&nbsp;CalculateBLDC
</UL>
<BR>[Address Reference Count : 1]<UL><LI> startup_gd32f1x0.o(RESET)
</UL>
<P><STRONG><a name="[17]"></a>DMA_Channel1_2_IRQHandler</STRONG> (Thumb, 26 bytes, Stack size 8 bytes, it.o(.text))
<BR><BR>[Stack]<UL><LI>Max Depth = 28<LI>Call Chain = DMA_Channel1_2_IRQHandler &rArr; dma_interrupt_flag_get
</UL>
<BR>[Calls]<UL><LI><a href="#[bf]">&gt;&gt;</a>&nbsp;&nbsp;&nbsp;dma_interrupt_flag_get
<LI><a href="#[c0]">&gt;&gt;</a>&nbsp;&nbsp;&nbsp;dma_interrupt_flag_clear
<LI><a href="#[c1]">&gt;&gt;</a>&nbsp;&nbsp;&nbsp;UpdateUSART_REMOTE_MASTER_BOARD_Input
</UL>
<BR>[Address Reference Count : 1]<UL><LI> startup_gd32f1x0.o(RESET)
</UL>
<P><STRONG><a name="[18]"></a>DMA_Channel3_4_IRQHandler</STRONG> (Thumb, 26 bytes, Stack size 8 bytes, it.o(.text))
<BR><BR>[Stack]<UL><LI>Max Depth = 60<LI>Call Chain = DMA_Channel3_4_IRQHandler &rArr; UpdateUSARTMasterSlaveInput &rArr; CheckUSARTMasterSlaveInput &rArr; CalcCRC
</UL>
<BR>[Calls]<UL><LI><a href="#[bf]">&gt;&gt;</a>&nbsp;&nbsp;&nbsp;dma_interrupt_flag_get
<LI><a href="#[c0]">&gt;&gt;</a>&nbsp;&nbsp;&nbsp;dma_interrupt_flag_clear
<LI><a href="#[c2]">&gt;&gt;</a>&nbsp;&nbsp;&nbsp;UpdateUSARTMasterSlaveInput
</UL>
<BR>[Address Reference Count : 1]<UL><LI> startup_gd32f1x0.o(RESET)
</UL>
<P><STRONG><a name="[138]"></a>millis</STRONG> (Thumb, 6 bytes, Stack size 0 bytes, it.o(.text), UNUSED)

<P><STRONG><a name="[4e]"></a>Delay</STRONG> (Thumb, 20 bytes, Stack size 0 bytes, it.o(.text))
<BR><BR>[Called By]<UL><LI><a href="#[47]">&gt;&gt;</a>&nbsp;&nbsp;&nbsp;main
<LI><a href="#[4d]">&gt;&gt;</a>&nbsp;&nbsp;&nbsp;ShutOff
</UL>

<P><STRONG><a name="[4]"></a>NMI_Handler</STRONG> (Thumb, 2 bytes, Stack size 0 bytes, it.o(.text))
<BR>[Address Reference Count : 1]<UL><LI> startup_gd32f1x0.o(RESET)
</UL>
<P><STRONG><a name="[5]"></a>HardFault_Handler</STRONG> (Thumb, 4 bytes, Stack size 0 bytes, it.o(.text))
<BR>[Address Reference Count : 1]<UL><LI> startup_gd32f1x0.o(RESET)
</UL>
<P><STRONG><a name="[6]"></a>MemManage_Handler</STRONG> (Thumb, 4 bytes, Stack size 0 bytes, it.o(.text))
<BR>[Address Reference Count : 1]<UL><LI> startup_gd32f1x0.o(RESET)
</UL>
<P><STRONG><a name="[7]"></a>BusFault_Handler</STRONG> (Thumb, 4 bytes, Stack size 0 bytes, it.o(.text))
<BR>[Address Reference Count : 1]<UL><LI> startup_gd32f1x0.o(RESET)
</UL>
<P><STRONG><a name="[8]"></a>UsageFault_Handler</STRONG> (Thumb, 4 bytes, Stack size 0 bytes, it.o(.text))
<BR>[Address Reference Count : 1]<UL><LI> startup_gd32f1x0.o(RESET)
</UL>
<P><STRONG><a name="[9]"></a>SVC_Handler</STRONG> (Thumb, 2 bytes, Stack size 0 bytes, it.o(.text))
<BR>[Address Reference Count : 1]<UL><LI> startup_gd32f1x0.o(RESET)
</UL>
<P><STRONG><a name="[a]"></a>DebugMon_Handler</STRONG> (Thumb, 2 bytes, Stack size 0 bytes, it.o(.text))
<BR>[Address Reference Count : 1]<UL><LI> startup_gd32f1x0.o(RESET)
</UL>
<P><STRONG><a name="[b]"></a>PendSV_Handler</STRONG> (Thumb, 2 bytes, Stack size 0 bytes, it.o(.text))
<BR>[Address Reference Count : 1]<UL><LI> startup_gd32f1x0.o(RESET)
</UL>
<P><STRONG><a name="[c3]"></a>SendBuffer</STRONG> (Thumb, 50 bytes, Stack size 24 bytes, comms.o(.text))
<BR><BR>[Stack]<UL><LI>Max Depth = 32<LI>Call Chain = SendBuffer &rArr; usart_flag_get
</UL>
<BR>[Calls]<UL><LI><a href="#[c5]">&gt;&gt;</a>&nbsp;&nbsp;&nbsp;usart_flag_get
<LI><a href="#[c4]">&gt;&gt;</a>&nbsp;&nbsp;&nbsp;usart_data_transmit
</UL>
<BR>[Called By]<UL><LI><a href="#[4f]">&gt;&gt;</a>&nbsp;&nbsp;&nbsp;SendSlave
</UL>

<P><STRONG><a name="[c7]"></a>CalcCRC</STRONG> (Thumb, 58 bytes, Stack size 12 bytes, comms.o(.text))
<BR><BR>[Stack]<UL><LI>Max Depth = 12<LI>Call Chain = CalcCRC
</UL>
<BR>[Called By]<UL><LI><a href="#[c6]">&gt;&gt;</a>&nbsp;&nbsp;&nbsp;CheckUSARTMasterSlaveInput
<LI><a href="#[4f]">&gt;&gt;</a>&nbsp;&nbsp;&nbsp;SendSlave
</UL>

<P><STRONG><a name="[c6]"></a>CheckUSARTMasterSlaveInput</STRONG> (Thumb, 128 bytes, Stack size 32 bytes, commsmasterslave.o(.text))
<BR><BR>[Stack]<UL><LI>Max Depth = 44<LI>Call Chain = CheckUSARTMasterSlaveInput &rArr; CalcCRC
</UL>
<BR>[Calls]<UL><LI><a href="#[c7]">&gt;&gt;</a>&nbsp;&nbsp;&nbsp;CalcCRC
<LI><a href="#[52]">&gt;&gt;</a>&nbsp;&nbsp;&nbsp;gpio_bit_write
</UL>
<BR>[Called By]<UL><LI><a href="#[c2]">&gt;&gt;</a>&nbsp;&nbsp;&nbsp;UpdateUSARTMasterSlaveInput
</UL>

<P><STRONG><a name="[c2]"></a>UpdateUSARTMasterSlaveInput</STRONG> (Thumb, 70 bytes, Stack size 8 bytes, commsmasterslave.o(.text))
<BR><BR>[Stack]<UL><LI>Max Depth = 52<LI>Call Chain = UpdateUSARTMasterSlaveInput &rArr; CheckUSARTMasterSlaveInput &rArr; CalcCRC
</UL>
<BR>[Calls]<UL><LI><a href="#[c6]">&gt;&gt;</a>&nbsp;&nbsp;&nbsp;CheckUSARTMasterSlaveInput
</UL>
<BR>[Called By]<UL><LI><a href="#[18]">&gt;&gt;</a>&nbsp;&nbsp;&nbsp;DMA_Channel3_4_IRQHandler
</UL>

<P><STRONG><a name="[4f]"></a>SendSlave</STRONG> (Thumb, 226 bytes, Stack size 72 bytes, commsmasterslave.o(.text))
<BR><BR>[Stack]<UL><LI>Max Depth = 104<LI>Call Chain = SendSlave &rArr; SendBuffer &rArr; usart_flag_get
</UL>
<BR>[Calls]<UL><LI><a href="#[c7]">&gt;&gt;</a>&nbsp;&nbsp;&nbsp;CalcCRC
<LI><a href="#[c3]">&gt;&gt;</a>&nbsp;&nbsp;&nbsp;SendBuffer
</UL>
<BR>[Called By]<UL><LI><a href="#[d3]">&gt;&gt;</a>&nbsp;&nbsp;&nbsp;move
<LI><a href="#[6b]">&gt;&gt;</a>&nbsp;&nbsp;&nbsp;stopNavigator
<LI><a href="#[47]">&gt;&gt;</a>&nbsp;&nbsp;&nbsp;main
<LI><a href="#[4d]">&gt;&gt;</a>&nbsp;&nbsp;&nbsp;ShutOff
</UL>

<P><STRONG><a name="[b8]"></a>checkInterlockInputs</STRONG> (Thumb, 34 bytes, Stack size 8 bytes, commsinterlocks.o(.text))
<BR><BR>[Stack]<UL><LI>Max Depth = 8<LI>Call Chain = checkInterlockInputs
</UL>
<BR>[Calls]<UL><LI><a href="#[5e]">&gt;&gt;</a>&nbsp;&nbsp;&nbsp;gpio_input_bit_get
</UL>
<BR>[Called By]<UL><LI><a href="#[b7]">&gt;&gt;</a>&nbsp;&nbsp;&nbsp;TIMER_100ms
</UL>

<P><STRONG><a name="[be]"></a>CheckPWMRemoteControlInput</STRONG> (Thumb, 670 bytes, Stack size 8 bytes, commssteeringpwm.o(.text))
<BR><BR>[Stack]<UL><LI>Max Depth = 8<LI>Call Chain = CheckPWMRemoteControlInput
</UL>
<BR>[Calls]<UL><LI><a href="#[5e]">&gt;&gt;</a>&nbsp;&nbsp;&nbsp;gpio_input_bit_get
<LI><a href="#[52]">&gt;&gt;</a>&nbsp;&nbsp;&nbsp;gpio_bit_write
<LI><a href="#[60]">&gt;&gt;</a>&nbsp;&nbsp;&nbsp;ResetTimeout
</UL>
<BR>[Called By]<UL><LI><a href="#[1a]">&gt;&gt;</a>&nbsp;&nbsp;&nbsp;TIMER0_BRK_UP_TRG_COM_IRQHandler
</UL>

<P><STRONG><a name="[bb]"></a>GetAccelerometerData</STRONG> (Thumb, 2556 bytes, Stack size 96 bytes, commsaccelerometer.o(.text))
<BR><BR>[Stack]<UL><LI>Max Depth = 192<LI>Call Chain = GetAccelerometerData &rArr; atan &rArr; __kernel_poly &rArr; __aeabi_dmul
</UL>
<BR>[Calls]<UL><LI><a href="#[cd]">&gt;&gt;</a>&nbsp;&nbsp;&nbsp;i2c_stop_on_bus
<LI><a href="#[c9]">&gt;&gt;</a>&nbsp;&nbsp;&nbsp;i2c_start_on_bus
<LI><a href="#[ca]">&gt;&gt;</a>&nbsp;&nbsp;&nbsp;i2c_master_addressing
<LI><a href="#[c8]">&gt;&gt;</a>&nbsp;&nbsp;&nbsp;i2c_flag_get
<LI><a href="#[cb]">&gt;&gt;</a>&nbsp;&nbsp;&nbsp;i2c_flag_clear
<LI><a href="#[cc]">&gt;&gt;</a>&nbsp;&nbsp;&nbsp;i2c_data_transmit
<LI><a href="#[ce]">&gt;&gt;</a>&nbsp;&nbsp;&nbsp;i2c_data_receive
<LI><a href="#[ab]">&gt;&gt;</a>&nbsp;&nbsp;&nbsp;i2c_ack_config
<LI><a href="#[cf]">&gt;&gt;</a>&nbsp;&nbsp;&nbsp;sqrt
<LI><a href="#[d1]">&gt;&gt;</a>&nbsp;&nbsp;&nbsp;atan
<LI><a href="#[66]">&gt;&gt;</a>&nbsp;&nbsp;&nbsp;__aeabi_fmul
<LI><a href="#[7a]">&gt;&gt;</a>&nbsp;&nbsp;&nbsp;__aeabi_fadd
<LI><a href="#[6a]">&gt;&gt;</a>&nbsp;&nbsp;&nbsp;__aeabi_f2d
<LI><a href="#[71]">&gt;&gt;</a>&nbsp;&nbsp;&nbsp;__aeabi_dmul
<LI><a href="#[68]">&gt;&gt;</a>&nbsp;&nbsp;&nbsp;__aeabi_i2d
<LI><a href="#[d0]">&gt;&gt;</a>&nbsp;&nbsp;&nbsp;__aeabi_ddiv
<LI><a href="#[72]">&gt;&gt;</a>&nbsp;&nbsp;&nbsp;__aeabi_dadd
<LI><a href="#[73]">&gt;&gt;</a>&nbsp;&nbsp;&nbsp;__aeabi_d2f
</UL>
<BR>[Called By]<UL><LI><a href="#[ba]">&gt;&gt;</a>&nbsp;&nbsp;&nbsp;TIMER_20ms
</UL>

<P><STRONG><a name="[5f]"></a>Send_Data_over_REMOTE_serialPort_of_MasterBoard</STRONG> (Thumb, 2 bytes, Stack size 0 bytes, commsremote.o(.text))
<BR><BR>[Called By]<UL><LI><a href="#[47]">&gt;&gt;</a>&nbsp;&nbsp;&nbsp;main
</UL>

<P><STRONG><a name="[d2]"></a>CheckUSART_Remote_MasterBoard_Input</STRONG> (Thumb, 24 bytes, Stack size 0 bytes, commsremote.o(.text))
<BR><BR>[Called By]<UL><LI><a href="#[c1]">&gt;&gt;</a>&nbsp;&nbsp;&nbsp;UpdateUSART_REMOTE_MASTER_BOARD_Input
</UL>

<P><STRONG><a name="[c1]"></a>UpdateUSART_REMOTE_MASTER_BOARD_Input</STRONG> (Thumb, 76 bytes, Stack size 4 bytes, commsremote.o(.text))
<BR><BR>[Stack]<UL><LI>Max Depth = 4<LI>Call Chain = UpdateUSART_REMOTE_MASTER_BOARD_Input
</UL>
<BR>[Calls]<UL><LI><a href="#[d2]">&gt;&gt;</a>&nbsp;&nbsp;&nbsp;CheckUSART_Remote_MasterBoard_Input
</UL>
<BR>[Called By]<UL><LI><a href="#[17]">&gt;&gt;</a>&nbsp;&nbsp;&nbsp;DMA_Channel1_2_IRQHandler
</UL>

<P><STRONG><a name="[d3]"></a>move</STRONG> (Thumb, 162 bytes, Stack size 40 bytes, navigator.o(.text))
<BR><BR>[Stack]<UL><LI>Max Depth = 144<LI>Call Chain = move &rArr; SendSlave &rArr; SendBuffer &rArr; usart_flag_get
</UL>
<BR>[Calls]<UL><LI><a href="#[79]">&gt;&gt;</a>&nbsp;&nbsp;&nbsp;go_to
<LI><a href="#[4f]">&gt;&gt;</a>&nbsp;&nbsp;&nbsp;SendSlave
<LI><a href="#[66]">&gt;&gt;</a>&nbsp;&nbsp;&nbsp;__aeabi_fmul
<LI><a href="#[61]">&gt;&gt;</a>&nbsp;&nbsp;&nbsp;__aeabi_i2f
<LI><a href="#[65]">&gt;&gt;</a>&nbsp;&nbsp;&nbsp;__aeabi_f2iz
<LI><a href="#[6a]">&gt;&gt;</a>&nbsp;&nbsp;&nbsp;__aeabi_f2d
<LI><a href="#[71]">&gt;&gt;</a>&nbsp;&nbsp;&nbsp;__aeabi_dmul
<LI><a href="#[69]">&gt;&gt;</a>&nbsp;&nbsp;&nbsp;__aeabi_cdcmple
<LI><a href="#[68]">&gt;&gt;</a>&nbsp;&nbsp;&nbsp;__aeabi_i2d
<LI><a href="#[73]">&gt;&gt;</a>&nbsp;&nbsp;&nbsp;__aeabi_d2f
</UL>
<BR>[Called By]<UL><LI><a href="#[b6]">&gt;&gt;</a>&nbsp;&nbsp;&nbsp;checkNavigationStatus
</UL>

<P><STRONG><a name="[b6]"></a>checkNavigationStatus</STRONG> (Thumb, 124 bytes, Stack size 8 bytes, navigator.o(.text))
<BR><BR>[Stack]<UL><LI>Max Depth = 152<LI>Call Chain = checkNavigationStatus &rArr; move &rArr; SendSlave &rArr; SendBuffer &rArr; usart_flag_get
</UL>
<BR>[Calls]<UL><LI><a href="#[d3]">&gt;&gt;</a>&nbsp;&nbsp;&nbsp;move
</UL>
<BR>[Called By]<UL><LI><a href="#[b5]">&gt;&gt;</a>&nbsp;&nbsp;&nbsp;TIMER_1000ms
</UL>

<P><STRONG><a name="[6b]"></a>stopNavigator</STRONG> (Thumb, 36 bytes, Stack size 16 bytes, navigator.o(.text))
<BR><BR>[Stack]<UL><LI>Max Depth = 120<LI>Call Chain = stopNavigator &rArr; SendSlave &rArr; SendBuffer &rArr; usart_flag_get
</UL>
<BR>[Calls]<UL><LI><a href="#[79]">&gt;&gt;</a>&nbsp;&nbsp;&nbsp;go_to
<LI><a href="#[4f]">&gt;&gt;</a>&nbsp;&nbsp;&nbsp;SendSlave
</UL>
<BR>[Called By]<UL><LI><a href="#[b7]">&gt;&gt;</a>&nbsp;&nbsp;&nbsp;TIMER_100ms
<LI><a href="#[47]">&gt;&gt;</a>&nbsp;&nbsp;&nbsp;main
</UL>

<P><STRONG><a name="[b9]"></a>isNavigatorRunning</STRONG> (Thumb, 28 bytes, Stack size 0 bytes, navigator.o(.text))
<BR><BR>[Called By]<UL><LI><a href="#[b7]">&gt;&gt;</a>&nbsp;&nbsp;&nbsp;TIMER_100ms
</UL>

<P><STRONG><a name="[d4]"></a>adc_deinit</STRONG> (Thumb, 20 bytes, Stack size 8 bytes, gd32f1x0_adc.o(.text), UNUSED)
<BR><BR>[Calls]<UL><LI><a href="#[d5]">&gt;&gt;</a>&nbsp;&nbsp;&nbsp;rcu_periph_reset_enable
<LI><a href="#[d6]">&gt;&gt;</a>&nbsp;&nbsp;&nbsp;rcu_periph_reset_disable
</UL>

<P><STRONG><a name="[a4]"></a>adc_enable</STRONG> (Thumb, 24 bytes, Stack size 0 bytes, gd32f1x0_adc.o(.text))
<BR><BR>[Called By]<UL><LI><a href="#[5b]">&gt;&gt;</a>&nbsp;&nbsp;&nbsp;ADC_init
</UL>

<P><STRONG><a name="[139]"></a>adc_disable</STRONG> (Thumb, 14 bytes, Stack size 0 bytes, gd32f1x0_adc.o(.text), UNUSED)

<P><STRONG><a name="[a5]"></a>adc_calibration_enable</STRONG> (Thumb, 54 bytes, Stack size 0 bytes, gd32f1x0_adc.o(.text))
<BR><BR>[Called By]<UL><LI><a href="#[5b]">&gt;&gt;</a>&nbsp;&nbsp;&nbsp;ADC_init
</UL>

<P><STRONG><a name="[a6]"></a>adc_dma_mode_enable</STRONG> (Thumb, 14 bytes, Stack size 0 bytes, gd32f1x0_adc.o(.text))
<BR><BR>[Called By]<UL><LI><a href="#[5b]">&gt;&gt;</a>&nbsp;&nbsp;&nbsp;ADC_init
</UL>

<P><STRONG><a name="[13a]"></a>adc_dma_mode_disable</STRONG> (Thumb, 14 bytes, Stack size 0 bytes, gd32f1x0_adc.o(.text), UNUSED)

<P><STRONG><a name="[13b]"></a>adc_tempsensor_vrefint_enable</STRONG> (Thumb, 14 bytes, Stack size 0 bytes, gd32f1x0_adc.o(.text), UNUSED)

<P><STRONG><a name="[a1]"></a>adc_tempsensor_vrefint_disable</STRONG> (Thumb, 14 bytes, Stack size 0 bytes, gd32f1x0_adc.o(.text))
<BR><BR>[Called By]<UL><LI><a href="#[5b]">&gt;&gt;</a>&nbsp;&nbsp;&nbsp;ADC_init
</UL>

<P><STRONG><a name="[13c]"></a>adc_vbat_enable</STRONG> (Thumb, 14 bytes, Stack size 0 bytes, gd32f1x0_adc.o(.text), UNUSED)

<P><STRONG><a name="[a2]"></a>adc_vbat_disable</STRONG> (Thumb, 14 bytes, Stack size 0 bytes, gd32f1x0_adc.o(.text))
<BR><BR>[Called By]<UL><LI><a href="#[5b]">&gt;&gt;</a>&nbsp;&nbsp;&nbsp;ADC_init
</UL>

<P><STRONG><a name="[13d]"></a>adc_discontinuous_mode_config</STRONG> (Thumb, 94 bytes, Stack size 0 bytes, gd32f1x0_adc.o(.text), UNUSED)

<P><STRONG><a name="[a7]"></a>adc_special_function_config</STRONG> (Thumb, 130 bytes, Stack size 0 bytes, gd32f1x0_adc.o(.text))
<BR><BR>[Called By]<UL><LI><a href="#[5b]">&gt;&gt;</a>&nbsp;&nbsp;&nbsp;ADC_init
</UL>

<P><STRONG><a name="[9e]"></a>adc_data_alignment_config</STRONG> (Thumb, 30 bytes, Stack size 0 bytes, gd32f1x0_adc.o(.text))
<BR><BR>[Called By]<UL><LI><a href="#[5b]">&gt;&gt;</a>&nbsp;&nbsp;&nbsp;ADC_init
</UL>

<P><STRONG><a name="[9c]"></a>adc_channel_length_config</STRONG> (Thumb, 88 bytes, Stack size 0 bytes, gd32f1x0_adc.o(.text))
<BR><BR>[Called By]<UL><LI><a href="#[5b]">&gt;&gt;</a>&nbsp;&nbsp;&nbsp;ADC_init
</UL>

<P><STRONG><a name="[9d]"></a>adc_regular_channel_config</STRONG> (Thumb, 218 bytes, Stack size 16 bytes, gd32f1x0_adc.o(.text))
<BR><BR>[Stack]<UL><LI>Max Depth = 16<LI>Call Chain = adc_regular_channel_config
</UL>
<BR>[Called By]<UL><LI><a href="#[5b]">&gt;&gt;</a>&nbsp;&nbsp;&nbsp;ADC_init
</UL>

<P><STRONG><a name="[13e]"></a>adc_inserted_channel_config</STRONG> (Thumb, 146 bytes, Stack size 20 bytes, gd32f1x0_adc.o(.text), UNUSED)

<P><STRONG><a name="[13f]"></a>adc_inserted_channel_offset_config</STRONG> (Thumb, 42 bytes, Stack size 12 bytes, gd32f1x0_adc.o(.text), UNUSED)

<P><STRONG><a name="[9f]"></a>adc_external_trigger_config</STRONG> (Thumb, 88 bytes, Stack size 0 bytes, gd32f1x0_adc.o(.text))
<BR><BR>[Called By]<UL><LI><a href="#[5b]">&gt;&gt;</a>&nbsp;&nbsp;&nbsp;ADC_init
</UL>

<P><STRONG><a name="[a0]"></a>adc_external_trigger_source_config</STRONG> (Thumb, 60 bytes, Stack size 0 bytes, gd32f1x0_adc.o(.text))
<BR><BR>[Called By]<UL><LI><a href="#[5b]">&gt;&gt;</a>&nbsp;&nbsp;&nbsp;ADC_init
</UL>

<P><STRONG><a name="[bd]"></a>adc_software_trigger_enable</STRONG> (Thumb, 38 bytes, Stack size 0 bytes, gd32f1x0_adc.o(.text))
<BR><BR>[Called By]<UL><LI><a href="#[1a]">&gt;&gt;</a>&nbsp;&nbsp;&nbsp;TIMER0_BRK_UP_TRG_COM_IRQHandler
</UL>

<P><STRONG><a name="[140]"></a>adc_regular_data_read</STRONG> (Thumb, 10 bytes, Stack size 0 bytes, gd32f1x0_adc.o(.text), UNUSED)

<P><STRONG><a name="[141]"></a>adc_inserted_data_read</STRONG> (Thumb, 60 bytes, Stack size 0 bytes, gd32f1x0_adc.o(.text), UNUSED)

<P><STRONG><a name="[142]"></a>adc_flag_get</STRONG> (Thumb, 18 bytes, Stack size 0 bytes, gd32f1x0_adc.o(.text), UNUSED)

<P><STRONG><a name="[143]"></a>adc_flag_clear</STRONG> (Thumb, 16 bytes, Stack size 0 bytes, gd32f1x0_adc.o(.text), UNUSED)

<P><STRONG><a name="[144]"></a>adc_interrupt_flag_get</STRONG> (Thumb, 108 bytes, Stack size 0 bytes, gd32f1x0_adc.o(.text), UNUSED)

<P><STRONG><a name="[145]"></a>adc_interrupt_flag_clear</STRONG> (Thumb, 16 bytes, Stack size 0 bytes, gd32f1x0_adc.o(.text), UNUSED)

<P><STRONG><a name="[146]"></a>adc_interrupt_enable</STRONG> (Thumb, 68 bytes, Stack size 0 bytes, gd32f1x0_adc.o(.text), UNUSED)

<P><STRONG><a name="[147]"></a>adc_interrupt_disable</STRONG> (Thumb, 68 bytes, Stack size 0 bytes, gd32f1x0_adc.o(.text), UNUSED)

<P><STRONG><a name="[148]"></a>adc_watchdog_single_channel_enable</STRONG> (Thumb, 40 bytes, Stack size 0 bytes, gd32f1x0_adc.o(.text), UNUSED)

<P><STRONG><a name="[149]"></a>adc_watchdog_group_channel_enable</STRONG> (Thumb, 92 bytes, Stack size 0 bytes, gd32f1x0_adc.o(.text), UNUSED)

<P><STRONG><a name="[a3]"></a>adc_watchdog_disable</STRONG> (Thumb, 18 bytes, Stack size 0 bytes, gd32f1x0_adc.o(.text))
<BR><BR>[Called By]<UL><LI><a href="#[5b]">&gt;&gt;</a>&nbsp;&nbsp;&nbsp;ADC_init
</UL>

<P><STRONG><a name="[14a]"></a>adc_watchdog_threshold_config</STRONG> (Thumb, 12 bytes, Stack size 0 bytes, gd32f1x0_adc.o(.text), UNUSED)

<P><STRONG><a name="[94]"></a>dma_deinit</STRONG> (Thumb, 88 bytes, Stack size 0 bytes, gd32f1x0_dma.o(.text))
<BR><BR>[Called By]<UL><LI><a href="#[5d]">&gt;&gt;</a>&nbsp;&nbsp;&nbsp;USART_REMOTE_COM_init
<LI><a href="#[59]">&gt;&gt;</a>&nbsp;&nbsp;&nbsp;USART_MasterSlave_init
<LI><a href="#[5b]">&gt;&gt;</a>&nbsp;&nbsp;&nbsp;ADC_init
</UL>

<P><STRONG><a name="[96]"></a>dma_init</STRONG> (Thumb, 270 bytes, Stack size 24 bytes, gd32f1x0_dma.o(.text))
<BR><BR>[Stack]<UL><LI>Max Depth = 24<LI>Call Chain = dma_init
</UL>
<BR>[Called By]<UL><LI><a href="#[5d]">&gt;&gt;</a>&nbsp;&nbsp;&nbsp;USART_REMOTE_COM_init
<LI><a href="#[59]">&gt;&gt;</a>&nbsp;&nbsp;&nbsp;USART_MasterSlave_init
<LI><a href="#[5b]">&gt;&gt;</a>&nbsp;&nbsp;&nbsp;ADC_init
</UL>

<P><STRONG><a name="[97]"></a>dma_circulation_enable</STRONG> (Thumb, 30 bytes, Stack size 0 bytes, gd32f1x0_dma.o(.text))
<BR><BR>[Called By]<UL><LI><a href="#[5d]">&gt;&gt;</a>&nbsp;&nbsp;&nbsp;USART_REMOTE_COM_init
<LI><a href="#[59]">&gt;&gt;</a>&nbsp;&nbsp;&nbsp;USART_MasterSlave_init
<LI><a href="#[5b]">&gt;&gt;</a>&nbsp;&nbsp;&nbsp;ADC_init
</UL>

<P><STRONG><a name="[14b]"></a>dma_circulation_disable</STRONG> (Thumb, 30 bytes, Stack size 0 bytes, gd32f1x0_dma.o(.text), UNUSED)

<P><STRONG><a name="[14c]"></a>dma_memory_to_memory_enable</STRONG> (Thumb, 30 bytes, Stack size 0 bytes, gd32f1x0_dma.o(.text), UNUSED)

<P><STRONG><a name="[98]"></a>dma_memory_to_memory_disable</STRONG> (Thumb, 30 bytes, Stack size 0 bytes, gd32f1x0_dma.o(.text))
<BR><BR>[Called By]<UL><LI><a href="#[5d]">&gt;&gt;</a>&nbsp;&nbsp;&nbsp;USART_REMOTE_COM_init
<LI><a href="#[59]">&gt;&gt;</a>&nbsp;&nbsp;&nbsp;USART_MasterSlave_init
<LI><a href="#[5b]">&gt;&gt;</a>&nbsp;&nbsp;&nbsp;ADC_init
</UL>

<P><STRONG><a name="[9b]"></a>dma_channel_enable</STRONG> (Thumb, 30 bytes, Stack size 0 bytes, gd32f1x0_dma.o(.text))
<BR><BR>[Called By]<UL><LI><a href="#[5d]">&gt;&gt;</a>&nbsp;&nbsp;&nbsp;USART_REMOTE_COM_init
<LI><a href="#[59]">&gt;&gt;</a>&nbsp;&nbsp;&nbsp;USART_MasterSlave_init
<LI><a href="#[5b]">&gt;&gt;</a>&nbsp;&nbsp;&nbsp;ADC_init
</UL>

<P><STRONG><a name="[14d]"></a>dma_channel_disable</STRONG> (Thumb, 30 bytes, Stack size 0 bytes, gd32f1x0_dma.o(.text), UNUSED)

<P><STRONG><a name="[14e]"></a>dma_periph_address_config</STRONG> (Thumb, 14 bytes, Stack size 0 bytes, gd32f1x0_dma.o(.text), UNUSED)

<P><STRONG><a name="[14f]"></a>dma_memory_address_config</STRONG> (Thumb, 14 bytes, Stack size 0 bytes, gd32f1x0_dma.o(.text), UNUSED)

<P><STRONG><a name="[9a]"></a>dma_transfer_number_config</STRONG> (Thumb, 14 bytes, Stack size 0 bytes, gd32f1x0_dma.o(.text))
<BR><BR>[Called By]<UL><LI><a href="#[5d]">&gt;&gt;</a>&nbsp;&nbsp;&nbsp;USART_REMOTE_COM_init
<LI><a href="#[59]">&gt;&gt;</a>&nbsp;&nbsp;&nbsp;USART_MasterSlave_init
<LI><a href="#[5b]">&gt;&gt;</a>&nbsp;&nbsp;&nbsp;ADC_init
</UL>

<P><STRONG><a name="[150]"></a>dma_transfer_number_get</STRONG> (Thumb, 16 bytes, Stack size 0 bytes, gd32f1x0_dma.o(.text), UNUSED)

<P><STRONG><a name="[151]"></a>dma_priority_config</STRONG> (Thumb, 34 bytes, Stack size 8 bytes, gd32f1x0_dma.o(.text), UNUSED)

<P><STRONG><a name="[152]"></a>dma_memory_width_config</STRONG> (Thumb, 34 bytes, Stack size 8 bytes, gd32f1x0_dma.o(.text), UNUSED)

<P><STRONG><a name="[153]"></a>dma_periph_width_config</STRONG> (Thumb, 34 bytes, Stack size 8 bytes, gd32f1x0_dma.o(.text), UNUSED)

<P><STRONG><a name="[154]"></a>dma_memory_increase_enable</STRONG> (Thumb, 30 bytes, Stack size 0 bytes, gd32f1x0_dma.o(.text), UNUSED)

<P><STRONG><a name="[155]"></a>dma_memory_increase_disable</STRONG> (Thumb, 30 bytes, Stack size 0 bytes, gd32f1x0_dma.o(.text), UNUSED)

<P><STRONG><a name="[156]"></a>dma_periph_increase_enable</STRONG> (Thumb, 30 bytes, Stack size 0 bytes, gd32f1x0_dma.o(.text), UNUSED)

<P><STRONG><a name="[157]"></a>dma_periph_increase_disable</STRONG> (Thumb, 30 bytes, Stack size 0 bytes, gd32f1x0_dma.o(.text), UNUSED)

<P><STRONG><a name="[158]"></a>dma_transfer_direction_config</STRONG> (Thumb, 64 bytes, Stack size 8 bytes, gd32f1x0_dma.o(.text), UNUSED)

<P><STRONG><a name="[bf]"></a>dma_interrupt_flag_get</STRONG> (Thumb, 196 bytes, Stack size 20 bytes, gd32f1x0_dma.o(.text))
<BR><BR>[Stack]<UL><LI>Max Depth = 20<LI>Call Chain = dma_interrupt_flag_get
</UL>
<BR>[Called By]<UL><LI><a href="#[18]">&gt;&gt;</a>&nbsp;&nbsp;&nbsp;DMA_Channel3_4_IRQHandler
<LI><a href="#[17]">&gt;&gt;</a>&nbsp;&nbsp;&nbsp;DMA_Channel1_2_IRQHandler
<LI><a href="#[16]">&gt;&gt;</a>&nbsp;&nbsp;&nbsp;DMA_Channel0_IRQHandler
</UL>

<P><STRONG><a name="[c0]"></a>dma_interrupt_flag_clear</STRONG> (Thumb, 18 bytes, Stack size 0 bytes, gd32f1x0_dma.o(.text))
<BR><BR>[Called By]<UL><LI><a href="#[18]">&gt;&gt;</a>&nbsp;&nbsp;&nbsp;DMA_Channel3_4_IRQHandler
<LI><a href="#[17]">&gt;&gt;</a>&nbsp;&nbsp;&nbsp;DMA_Channel1_2_IRQHandler
<LI><a href="#[16]">&gt;&gt;</a>&nbsp;&nbsp;&nbsp;DMA_Channel0_IRQHandler
</UL>

<P><STRONG><a name="[99]"></a>dma_interrupt_enable</STRONG> (Thumb, 30 bytes, Stack size 8 bytes, gd32f1x0_dma.o(.text))
<BR><BR>[Stack]<UL><LI>Max Depth = 8<LI>Call Chain = dma_interrupt_enable
</UL>
<BR>[Called By]<UL><LI><a href="#[5d]">&gt;&gt;</a>&nbsp;&nbsp;&nbsp;USART_REMOTE_COM_init
<LI><a href="#[59]">&gt;&gt;</a>&nbsp;&nbsp;&nbsp;USART_MasterSlave_init
<LI><a href="#[5b]">&gt;&gt;</a>&nbsp;&nbsp;&nbsp;ADC_init
</UL>

<P><STRONG><a name="[159]"></a>dma_interrupt_disable</STRONG> (Thumb, 30 bytes, Stack size 8 bytes, gd32f1x0_dma.o(.text), UNUSED)

<P><STRONG><a name="[15a]"></a>dma_flag_get</STRONG> (Thumb, 26 bytes, Stack size 8 bytes, gd32f1x0_dma.o(.text), UNUSED)

<P><STRONG><a name="[15b]"></a>dma_flag_clear</STRONG> (Thumb, 18 bytes, Stack size 0 bytes, gd32f1x0_dma.o(.text), UNUSED)

<P><STRONG><a name="[15c]"></a>fwdgt_write_disable</STRONG> (Thumb, 8 bytes, Stack size 0 bytes, gd32f1x0_fwdgt.o(.text), UNUSED)

<P><STRONG><a name="[53]"></a>fwdgt_counter_reload</STRONG> (Thumb, 10 bytes, Stack size 0 bytes, gd32f1x0_fwdgt.o(.text))
<BR><BR>[Called By]<UL><LI><a href="#[47]">&gt;&gt;</a>&nbsp;&nbsp;&nbsp;main
<LI><a href="#[4d]">&gt;&gt;</a>&nbsp;&nbsp;&nbsp;ShutOff
</UL>

<P><STRONG><a name="[80]"></a>fwdgt_enable</STRONG> (Thumb, 10 bytes, Stack size 0 bytes, gd32f1x0_fwdgt.o(.text))
<BR><BR>[Called By]<UL><LI><a href="#[55]">&gt;&gt;</a>&nbsp;&nbsp;&nbsp;Watchdog_init
</UL>

<P><STRONG><a name="[7f]"></a>fwdgt_window_value_config</STRONG> (Thumb, 54 bytes, Stack size 8 bytes, gd32f1x0_fwdgt.o(.text))
<BR><BR>[Stack]<UL><LI>Max Depth = 8<LI>Call Chain = fwdgt_window_value_config
</UL>
<BR>[Called By]<UL><LI><a href="#[55]">&gt;&gt;</a>&nbsp;&nbsp;&nbsp;Watchdog_init
</UL>

<P><STRONG><a name="[7e]"></a>fwdgt_config</STRONG> (Thumb, 94 bytes, Stack size 12 bytes, gd32f1x0_fwdgt.o(.text))
<BR><BR>[Stack]<UL><LI>Max Depth = 12<LI>Call Chain = fwdgt_config
</UL>
<BR>[Called By]<UL><LI><a href="#[55]">&gt;&gt;</a>&nbsp;&nbsp;&nbsp;Watchdog_init
</UL>

<P><STRONG><a name="[15d]"></a>fwdgt_flag_get</STRONG> (Thumb, 18 bytes, Stack size 0 bytes, gd32f1x0_fwdgt.o(.text), UNUSED)

<P><STRONG><a name="[d7]"></a>gpio_deinit</STRONG> (Thumb, 140 bytes, Stack size 8 bytes, gd32f1x0_gpio.o(.text), UNUSED)
<BR><BR>[Calls]<UL><LI><a href="#[d5]">&gt;&gt;</a>&nbsp;&nbsp;&nbsp;rcu_periph_reset_enable
<LI><a href="#[d6]">&gt;&gt;</a>&nbsp;&nbsp;&nbsp;rcu_periph_reset_disable
</UL>

<P><STRONG><a name="[88]"></a>gpio_mode_set</STRONG> (Thumb, 78 bytes, Stack size 20 bytes, gd32f1x0_gpio.o(.text))
<BR><BR>[Stack]<UL><LI>Max Depth = 20<LI>Call Chain = gpio_mode_set
</UL>
<BR>[Called By]<UL><LI><a href="#[58]">&gt;&gt;</a>&nbsp;&nbsp;&nbsp;GPIO_init
</UL>

<P><STRONG><a name="[89]"></a>gpio_output_options_set</STRONG> (Thumb, 66 bytes, Stack size 20 bytes, gd32f1x0_gpio.o(.text))
<BR><BR>[Stack]<UL><LI>Max Depth = 20<LI>Call Chain = gpio_output_options_set
</UL>
<BR>[Called By]<UL><LI><a href="#[58]">&gt;&gt;</a>&nbsp;&nbsp;&nbsp;GPIO_init
</UL>

<P><STRONG><a name="[15e]"></a>gpio_bit_set</STRONG> (Thumb, 4 bytes, Stack size 0 bytes, gd32f1x0_gpio.o(.text), UNUSED)

<P><STRONG><a name="[15f]"></a>gpio_bit_reset</STRONG> (Thumb, 4 bytes, Stack size 0 bytes, gd32f1x0_gpio.o(.text), UNUSED)

<P><STRONG><a name="[52]"></a>gpio_bit_write</STRONG> (Thumb, 10 bytes, Stack size 0 bytes, gd32f1x0_gpio.o(.text))
<BR><BR>[Called By]<UL><LI><a href="#[c6]">&gt;&gt;</a>&nbsp;&nbsp;&nbsp;CheckUSARTMasterSlaveInput
<LI><a href="#[be]">&gt;&gt;</a>&nbsp;&nbsp;&nbsp;CheckPWMRemoteControlInput
<LI><a href="#[6f]">&gt;&gt;</a>&nbsp;&nbsp;&nbsp;CalculateBLDC
<LI><a href="#[47]">&gt;&gt;</a>&nbsp;&nbsp;&nbsp;main
<LI><a href="#[4d]">&gt;&gt;</a>&nbsp;&nbsp;&nbsp;ShutOff
</UL>

<P><STRONG><a name="[160]"></a>gpio_port_write</STRONG> (Thumb, 4 bytes, Stack size 0 bytes, gd32f1x0_gpio.o(.text), UNUSED)

<P><STRONG><a name="[5e]"></a>gpio_input_bit_get</STRONG> (Thumb, 16 bytes, Stack size 0 bytes, gd32f1x0_gpio.o(.text))
<BR><BR>[Called By]<UL><LI><a href="#[b8]">&gt;&gt;</a>&nbsp;&nbsp;&nbsp;checkInterlockInputs
<LI><a href="#[be]">&gt;&gt;</a>&nbsp;&nbsp;&nbsp;CheckPWMRemoteControlInput
<LI><a href="#[6f]">&gt;&gt;</a>&nbsp;&nbsp;&nbsp;CalculateBLDC
<LI><a href="#[47]">&gt;&gt;</a>&nbsp;&nbsp;&nbsp;main
</UL>

<P><STRONG><a name="[161]"></a>gpio_input_port_get</STRONG> (Thumb, 8 bytes, Stack size 0 bytes, gd32f1x0_gpio.o(.text), UNUSED)

<P><STRONG><a name="[162]"></a>gpio_output_bit_get</STRONG> (Thumb, 16 bytes, Stack size 0 bytes, gd32f1x0_gpio.o(.text), UNUSED)

<P><STRONG><a name="[163]"></a>gpio_output_port_get</STRONG> (Thumb, 8 bytes, Stack size 0 bytes, gd32f1x0_gpio.o(.text), UNUSED)

<P><STRONG><a name="[8a]"></a>gpio_af_set</STRONG> (Thumb, 94 bytes, Stack size 20 bytes, gd32f1x0_gpio.o(.text))
<BR><BR>[Stack]<UL><LI>Max Depth = 20<LI>Call Chain = gpio_af_set
</UL>
<BR>[Called By]<UL><LI><a href="#[58]">&gt;&gt;</a>&nbsp;&nbsp;&nbsp;GPIO_init
</UL>

<P><STRONG><a name="[164]"></a>gpio_pin_lock</STRONG> (Thumb, 18 bytes, Stack size 0 bytes, gd32f1x0_gpio.o(.text), UNUSED)

<P><STRONG><a name="[d8]"></a>i2c_deinit</STRONG> (Thumb, 60 bytes, Stack size 8 bytes, gd32f1x0_i2c.o(.text), UNUSED)
<BR><BR>[Calls]<UL><LI><a href="#[d5]">&gt;&gt;</a>&nbsp;&nbsp;&nbsp;rcu_periph_reset_enable
<LI><a href="#[d6]">&gt;&gt;</a>&nbsp;&nbsp;&nbsp;rcu_periph_reset_disable
</UL>

<P><STRONG><a name="[a8]"></a>i2c_clock_config</STRONG> (Thumb, 204 bytes, Stack size 40 bytes, gd32f1x0_i2c.o(.text))
<BR><BR>[Stack]<UL><LI>Max Depth = 136<LI>Call Chain = i2c_clock_config &rArr; rcu_clock_freq_get
</UL>
<BR>[Calls]<UL><LI><a href="#[d9]">&gt;&gt;</a>&nbsp;&nbsp;&nbsp;rcu_clock_freq_get
</UL>
<BR>[Called By]<UL><LI><a href="#[5a]">&gt;&gt;</a>&nbsp;&nbsp;&nbsp;I2C_IMU_init
</UL>

<P><STRONG><a name="[a9]"></a>i2c_mode_addr_config</STRONG> (Thumb, 24 bytes, Stack size 12 bytes, gd32f1x0_i2c.o(.text))
<BR><BR>[Stack]<UL><LI>Max Depth = 12<LI>Call Chain = i2c_mode_addr_config
</UL>
<BR>[Called By]<UL><LI><a href="#[5a]">&gt;&gt;</a>&nbsp;&nbsp;&nbsp;I2C_IMU_init
</UL>

<P><STRONG><a name="[165]"></a>i2c_smbus_type_config</STRONG> (Thumb, 24 bytes, Stack size 0 bytes, gd32f1x0_i2c.o(.text), UNUSED)

<P><STRONG><a name="[ab]"></a>i2c_ack_config</STRONG> (Thumb, 24 bytes, Stack size 0 bytes, gd32f1x0_i2c.o(.text))
<BR><BR>[Called By]<UL><LI><a href="#[bb]">&gt;&gt;</a>&nbsp;&nbsp;&nbsp;GetAccelerometerData
<LI><a href="#[5a]">&gt;&gt;</a>&nbsp;&nbsp;&nbsp;I2C_IMU_init
</UL>

<P><STRONG><a name="[166]"></a>i2c_ackpos_config</STRONG> (Thumb, 22 bytes, Stack size 0 bytes, gd32f1x0_i2c.o(.text), UNUSED)

<P><STRONG><a name="[ca]"></a>i2c_master_addressing</STRONG> (Thumb, 20 bytes, Stack size 0 bytes, gd32f1x0_i2c.o(.text))
<BR><BR>[Called By]<UL><LI><a href="#[bb]">&gt;&gt;</a>&nbsp;&nbsp;&nbsp;GetAccelerometerData
</UL>

<P><STRONG><a name="[167]"></a>i2c_dualaddr_enable</STRONG> (Thumb, 24 bytes, Stack size 0 bytes, gd32f1x0_i2c.o(.text), UNUSED)

<P><STRONG><a name="[aa]"></a>i2c_enable</STRONG> (Thumb, 10 bytes, Stack size 0 bytes, gd32f1x0_i2c.o(.text))
<BR><BR>[Called By]<UL><LI><a href="#[5a]">&gt;&gt;</a>&nbsp;&nbsp;&nbsp;I2C_IMU_init
</UL>

<P><STRONG><a name="[168]"></a>i2c_disable</STRONG> (Thumb, 10 bytes, Stack size 0 bytes, gd32f1x0_i2c.o(.text), UNUSED)

<P><STRONG><a name="[c9]"></a>i2c_start_on_bus</STRONG> (Thumb, 10 bytes, Stack size 0 bytes, gd32f1x0_i2c.o(.text))
<BR><BR>[Called By]<UL><LI><a href="#[bb]">&gt;&gt;</a>&nbsp;&nbsp;&nbsp;GetAccelerometerData
</UL>

<P><STRONG><a name="[cd]"></a>i2c_stop_on_bus</STRONG> (Thumb, 10 bytes, Stack size 0 bytes, gd32f1x0_i2c.o(.text))
<BR><BR>[Called By]<UL><LI><a href="#[bb]">&gt;&gt;</a>&nbsp;&nbsp;&nbsp;GetAccelerometerData
</UL>

<P><STRONG><a name="[cc]"></a>i2c_data_transmit</STRONG> (Thumb, 6 bytes, Stack size 0 bytes, gd32f1x0_i2c.o(.text))
<BR><BR>[Called By]<UL><LI><a href="#[bb]">&gt;&gt;</a>&nbsp;&nbsp;&nbsp;GetAccelerometerData
</UL>

<P><STRONG><a name="[ce]"></a>i2c_data_receive</STRONG> (Thumb, 8 bytes, Stack size 0 bytes, gd32f1x0_i2c.o(.text))
<BR><BR>[Called By]<UL><LI><a href="#[bb]">&gt;&gt;</a>&nbsp;&nbsp;&nbsp;GetAccelerometerData
</UL>

<P><STRONG><a name="[169]"></a>i2c_dma_enable</STRONG> (Thumb, 16 bytes, Stack size 0 bytes, gd32f1x0_i2c.o(.text), UNUSED)

<P><STRONG><a name="[16a]"></a>i2c_dma_last_transfer_enable</STRONG> (Thumb, 16 bytes, Stack size 0 bytes, gd32f1x0_i2c.o(.text), UNUSED)

<P><STRONG><a name="[16b]"></a>i2c_stretch_scl_low_config</STRONG> (Thumb, 16 bytes, Stack size 0 bytes, gd32f1x0_i2c.o(.text), UNUSED)

<P><STRONG><a name="[16c]"></a>i2c_slave_response_to_gcall_config</STRONG> (Thumb, 16 bytes, Stack size 0 bytes, gd32f1x0_i2c.o(.text), UNUSED)

<P><STRONG><a name="[16d]"></a>i2c_software_reset_config</STRONG> (Thumb, 16 bytes, Stack size 0 bytes, gd32f1x0_i2c.o(.text), UNUSED)

<P><STRONG><a name="[c8]"></a>i2c_flag_get</STRONG> (Thumb, 50 bytes, Stack size 12 bytes, gd32f1x0_i2c.o(.text))
<BR><BR>[Stack]<UL><LI>Max Depth = 12<LI>Call Chain = i2c_flag_get
</UL>
<BR>[Called By]<UL><LI><a href="#[bb]">&gt;&gt;</a>&nbsp;&nbsp;&nbsp;GetAccelerometerData
</UL>

<P><STRONG><a name="[cb]"></a>i2c_flag_clear</STRONG> (Thumb, 18 bytes, Stack size 0 bytes, gd32f1x0_i2c.o(.text))
<BR><BR>[Called By]<UL><LI><a href="#[bb]">&gt;&gt;</a>&nbsp;&nbsp;&nbsp;GetAccelerometerData
</UL>

<P><STRONG><a name="[16e]"></a>i2c_interrupt_enable</STRONG> (Thumb, 8 bytes, Stack size 0 bytes, gd32f1x0_i2c.o(.text), UNUSED)

<P><STRONG><a name="[16f]"></a>i2c_interrupt_disable</STRONG> (Thumb, 8 bytes, Stack size 0 bytes, gd32f1x0_i2c.o(.text), UNUSED)

<P><STRONG><a name="[170]"></a>i2c_interrupt_flag_get</STRONG> (Thumb, 94 bytes, Stack size 12 bytes, gd32f1x0_i2c.o(.text), UNUSED)

<P><STRONG><a name="[171]"></a>i2c_interrupt_flag_clear</STRONG> (Thumb, 18 bytes, Stack size 0 bytes, gd32f1x0_i2c.o(.text), UNUSED)

<P><STRONG><a name="[172]"></a>i2c_pec_enable</STRONG> (Thumb, 16 bytes, Stack size 0 bytes, gd32f1x0_i2c.o(.text), UNUSED)

<P><STRONG><a name="[173]"></a>i2c_pec_transfer_enable</STRONG> (Thumb, 16 bytes, Stack size 0 bytes, gd32f1x0_i2c.o(.text), UNUSED)

<P><STRONG><a name="[174]"></a>i2c_pec_value_get</STRONG> (Thumb, 10 bytes, Stack size 0 bytes, gd32f1x0_i2c.o(.text), UNUSED)

<P><STRONG><a name="[175]"></a>i2c_smbus_issue_alert</STRONG> (Thumb, 16 bytes, Stack size 0 bytes, gd32f1x0_i2c.o(.text), UNUSED)

<P><STRONG><a name="[176]"></a>i2c_smbus_arp_enable</STRONG> (Thumb, 16 bytes, Stack size 0 bytes, gd32f1x0_i2c.o(.text), UNUSED)

<P><STRONG><a name="[7b]"></a>nvic_priority_group_set</STRONG> (Thumb, 10 bytes, Stack size 0 bytes, gd32f1x0_misc.o(.text))
<BR><BR>[Called By]<UL><LI><a href="#[56]">&gt;&gt;</a>&nbsp;&nbsp;&nbsp;Interrupt_init
</UL>

<P><STRONG><a name="[85]"></a>nvic_irq_enable</STRONG> (Thumb, 156 bytes, Stack size 20 bytes, gd32f1x0_misc.o(.text))
<BR><BR>[Stack]<UL><LI>Max Depth = 20<LI>Call Chain = nvic_irq_enable
</UL>
<BR>[Called By]<UL><LI><a href="#[5d]">&gt;&gt;</a>&nbsp;&nbsp;&nbsp;USART_REMOTE_COM_init
<LI><a href="#[59]">&gt;&gt;</a>&nbsp;&nbsp;&nbsp;USART_MasterSlave_init
<LI><a href="#[57]">&gt;&gt;</a>&nbsp;&nbsp;&nbsp;TimeoutTimer_init
<LI><a href="#[5c]">&gt;&gt;</a>&nbsp;&nbsp;&nbsp;PWM_init
<LI><a href="#[5b]">&gt;&gt;</a>&nbsp;&nbsp;&nbsp;ADC_init
</UL>

<P><STRONG><a name="[177]"></a>nvic_irq_disable</STRONG> (Thumb, 18 bytes, Stack size 0 bytes, gd32f1x0_misc.o(.text), UNUSED)

<P><STRONG><a name="[178]"></a>nvic_vector_table_set</STRONG> (Thumb, 14 bytes, Stack size 0 bytes, gd32f1x0_misc.o(.text), UNUSED)

<P><STRONG><a name="[179]"></a>system_lowpower_set</STRONG> (Thumb, 16 bytes, Stack size 0 bytes, gd32f1x0_misc.o(.text), UNUSED)

<P><STRONG><a name="[17a]"></a>system_lowpower_reset</STRONG> (Thumb, 16 bytes, Stack size 0 bytes, gd32f1x0_misc.o(.text), UNUSED)

<P><STRONG><a name="[17b]"></a>systick_clksource_set</STRONG> (Thumb, 40 bytes, Stack size 0 bytes, gd32f1x0_misc.o(.text), UNUSED)

<P><STRONG><a name="[17c]"></a>rcu_deinit</STRONG> (Thumb, 112 bytes, Stack size 0 bytes, gd32f1x0_rcu.o(.text), UNUSED)

<P><STRONG><a name="[81]"></a>rcu_periph_clock_enable</STRONG> (Thumb, 28 bytes, Stack size 0 bytes, gd32f1x0_rcu.o(.text))
<BR><BR>[Called By]<UL><LI><a href="#[5d]">&gt;&gt;</a>&nbsp;&nbsp;&nbsp;USART_REMOTE_COM_init
<LI><a href="#[59]">&gt;&gt;</a>&nbsp;&nbsp;&nbsp;USART_MasterSlave_init
<LI><a href="#[57]">&gt;&gt;</a>&nbsp;&nbsp;&nbsp;TimeoutTimer_init
<LI><a href="#[5c]">&gt;&gt;</a>&nbsp;&nbsp;&nbsp;PWM_init
<LI><a href="#[58]">&gt;&gt;</a>&nbsp;&nbsp;&nbsp;GPIO_init
<LI><a href="#[5b]">&gt;&gt;</a>&nbsp;&nbsp;&nbsp;ADC_init
</UL>

<P><STRONG><a name="[17d]"></a>rcu_periph_clock_disable</STRONG> (Thumb, 28 bytes, Stack size 0 bytes, gd32f1x0_rcu.o(.text), UNUSED)

<P><STRONG><a name="[17e]"></a>rcu_periph_clock_sleep_enable</STRONG> (Thumb, 28 bytes, Stack size 0 bytes, gd32f1x0_rcu.o(.text), UNUSED)

<P><STRONG><a name="[17f]"></a>rcu_periph_clock_sleep_disable</STRONG> (Thumb, 28 bytes, Stack size 0 bytes, gd32f1x0_rcu.o(.text), UNUSED)

<P><STRONG><a name="[d5]"></a>rcu_periph_reset_enable</STRONG> (Thumb, 28 bytes, Stack size 0 bytes, gd32f1x0_rcu.o(.text))
<BR><BR>[Called By]<UL><LI><a href="#[d4]">&gt;&gt;</a>&nbsp;&nbsp;&nbsp;adc_deinit
<LI><a href="#[82]">&gt;&gt;</a>&nbsp;&nbsp;&nbsp;timer_deinit
<LI><a href="#[50]">&gt;&gt;</a>&nbsp;&nbsp;&nbsp;usart_deinit
<LI><a href="#[d8]">&gt;&gt;</a>&nbsp;&nbsp;&nbsp;i2c_deinit
<LI><a href="#[d7]">&gt;&gt;</a>&nbsp;&nbsp;&nbsp;gpio_deinit
</UL>

<P><STRONG><a name="[d6]"></a>rcu_periph_reset_disable</STRONG> (Thumb, 28 bytes, Stack size 0 bytes, gd32f1x0_rcu.o(.text))
<BR><BR>[Called By]<UL><LI><a href="#[d4]">&gt;&gt;</a>&nbsp;&nbsp;&nbsp;adc_deinit
<LI><a href="#[82]">&gt;&gt;</a>&nbsp;&nbsp;&nbsp;timer_deinit
<LI><a href="#[50]">&gt;&gt;</a>&nbsp;&nbsp;&nbsp;usart_deinit
<LI><a href="#[d8]">&gt;&gt;</a>&nbsp;&nbsp;&nbsp;i2c_deinit
<LI><a href="#[d7]">&gt;&gt;</a>&nbsp;&nbsp;&nbsp;gpio_deinit
</UL>

<P><STRONG><a name="[180]"></a>rcu_bkp_reset_enable</STRONG> (Thumb, 14 bytes, Stack size 0 bytes, gd32f1x0_rcu.o(.text), UNUSED)

<P><STRONG><a name="[181]"></a>rcu_bkp_reset_disable</STRONG> (Thumb, 14 bytes, Stack size 0 bytes, gd32f1x0_rcu.o(.text), UNUSED)

<P><STRONG><a name="[182]"></a>rcu_system_clock_source_config</STRONG> (Thumb, 22 bytes, Stack size 0 bytes, gd32f1x0_rcu.o(.text), UNUSED)

<P><STRONG><a name="[183]"></a>rcu_system_clock_source_get</STRONG> (Thumb, 10 bytes, Stack size 0 bytes, gd32f1x0_rcu.o(.text), UNUSED)

<P><STRONG><a name="[184]"></a>rcu_ahb_clock_config</STRONG> (Thumb, 22 bytes, Stack size 0 bytes, gd32f1x0_rcu.o(.text), UNUSED)

<P><STRONG><a name="[185]"></a>rcu_apb1_clock_config</STRONG> (Thumb, 22 bytes, Stack size 0 bytes, gd32f1x0_rcu.o(.text), UNUSED)

<P><STRONG><a name="[186]"></a>rcu_apb2_clock_config</STRONG> (Thumb, 22 bytes, Stack size 0 bytes, gd32f1x0_rcu.o(.text), UNUSED)

<P><STRONG><a name="[93]"></a>rcu_adc_clock_config</STRONG> (Thumb, 148 bytes, Stack size 0 bytes, gd32f1x0_rcu.o(.text))
<BR><BR>[Called By]<UL><LI><a href="#[5b]">&gt;&gt;</a>&nbsp;&nbsp;&nbsp;ADC_init
</UL>

<P><STRONG><a name="[187]"></a>rcu_usbd_clock_config</STRONG> (Thumb, 22 bytes, Stack size 0 bytes, gd32f1x0_rcu.o(.text), UNUSED)

<P><STRONG><a name="[188]"></a>rcu_ckout_config</STRONG> (Thumb, 24 bytes, Stack size 8 bytes, gd32f1x0_rcu.o(.text), UNUSED)

<P><STRONG><a name="[189]"></a>rcu_pll_config</STRONG> (Thumb, 28 bytes, Stack size 0 bytes, gd32f1x0_rcu.o(.text), UNUSED)

<P><STRONG><a name="[18a]"></a>rcu_usart_clock_config</STRONG> (Thumb, 22 bytes, Stack size 0 bytes, gd32f1x0_rcu.o(.text), UNUSED)

<P><STRONG><a name="[18b]"></a>rcu_cec_clock_config</STRONG> (Thumb, 22 bytes, Stack size 0 bytes, gd32f1x0_rcu.o(.text), UNUSED)

<P><STRONG><a name="[18c]"></a>rcu_rtc_clock_config</STRONG> (Thumb, 22 bytes, Stack size 0 bytes, gd32f1x0_rcu.o(.text), UNUSED)

<P><STRONG><a name="[18d]"></a>rcu_hxtal_prediv_config</STRONG> (Thumb, 20 bytes, Stack size 0 bytes, gd32f1x0_rcu.o(.text), UNUSED)

<P><STRONG><a name="[18e]"></a>rcu_lxtal_drive_capability_config</STRONG> (Thumb, 22 bytes, Stack size 0 bytes, gd32f1x0_rcu.o(.text), UNUSED)

<P><STRONG><a name="[7c]"></a>rcu_flag_get</STRONG> (Thumb, 30 bytes, Stack size 0 bytes, gd32f1x0_rcu.o(.text))
<BR><BR>[Called By]<UL><LI><a href="#[55]">&gt;&gt;</a>&nbsp;&nbsp;&nbsp;Watchdog_init
<LI><a href="#[da]">&gt;&gt;</a>&nbsp;&nbsp;&nbsp;rcu_osci_stab_wait
</UL>

<P><STRONG><a name="[7d]"></a>rcu_all_reset_flag_clear</STRONG> (Thumb, 14 bytes, Stack size 0 bytes, gd32f1x0_rcu.o(.text))
<BR><BR>[Called By]<UL><LI><a href="#[55]">&gt;&gt;</a>&nbsp;&nbsp;&nbsp;Watchdog_init
</UL>

<P><STRONG><a name="[18f]"></a>rcu_interrupt_flag_get</STRONG> (Thumb, 18 bytes, Stack size 0 bytes, gd32f1x0_rcu.o(.text), UNUSED)

<P><STRONG><a name="[190]"></a>rcu_interrupt_flag_clear</STRONG> (Thumb, 12 bytes, Stack size 0 bytes, gd32f1x0_rcu.o(.text), UNUSED)

<P><STRONG><a name="[191]"></a>rcu_interrupt_enable</STRONG> (Thumb, 12 bytes, Stack size 0 bytes, gd32f1x0_rcu.o(.text), UNUSED)

<P><STRONG><a name="[192]"></a>rcu_interrupt_disable</STRONG> (Thumb, 12 bytes, Stack size 0 bytes, gd32f1x0_rcu.o(.text), UNUSED)

<P><STRONG><a name="[da]"></a>rcu_osci_stab_wait</STRONG> (Thumb, 284 bytes, Stack size 20 bytes, gd32f1x0_rcu.o(.text), UNUSED)
<BR><BR>[Calls]<UL><LI><a href="#[7c]">&gt;&gt;</a>&nbsp;&nbsp;&nbsp;rcu_flag_get
</UL>

<P><STRONG><a name="[193]"></a>rcu_osci_on</STRONG> (Thumb, 28 bytes, Stack size 0 bytes, gd32f1x0_rcu.o(.text), UNUSED)

<P><STRONG><a name="[194]"></a>rcu_osci_off</STRONG> (Thumb, 28 bytes, Stack size 0 bytes, gd32f1x0_rcu.o(.text), UNUSED)

<P><STRONG><a name="[195]"></a>rcu_osci_bypass_mode_enable</STRONG> (Thumb, 94 bytes, Stack size 0 bytes, gd32f1x0_rcu.o(.text), UNUSED)

<P><STRONG><a name="[196]"></a>rcu_osci_bypass_mode_disable</STRONG> (Thumb, 94 bytes, Stack size 0 bytes, gd32f1x0_rcu.o(.text), UNUSED)

<P><STRONG><a name="[197]"></a>rcu_hxtal_clock_monitor_enable</STRONG> (Thumb, 14 bytes, Stack size 0 bytes, gd32f1x0_rcu.o(.text), UNUSED)

<P><STRONG><a name="[198]"></a>rcu_hxtal_clock_monitor_disable</STRONG> (Thumb, 14 bytes, Stack size 0 bytes, gd32f1x0_rcu.o(.text), UNUSED)

<P><STRONG><a name="[199]"></a>rcu_irc8m_adjust_value_set</STRONG> (Thumb, 20 bytes, Stack size 0 bytes, gd32f1x0_rcu.o(.text), UNUSED)

<P><STRONG><a name="[19a]"></a>rcu_irc14m_adjust_value_set</STRONG> (Thumb, 20 bytes, Stack size 0 bytes, gd32f1x0_rcu.o(.text), UNUSED)

<P><STRONG><a name="[19b]"></a>rcu_voltage_key_unlock</STRONG> (Thumb, 28 bytes, Stack size 0 bytes, gd32f1x0_rcu.o(.text), UNUSED)

<P><STRONG><a name="[19c]"></a>rcu_deepsleep_voltage_set</STRONG> (Thumb, 30 bytes, Stack size 0 bytes, gd32f1x0_rcu.o(.text), UNUSED)

<P><STRONG><a name="[19d]"></a>rcu_power_down_voltage_set</STRONG> (Thumb, 30 bytes, Stack size 0 bytes, gd32f1x0_rcu.o(.text), UNUSED)

<P><STRONG><a name="[d9]"></a>rcu_clock_freq_get</STRONG> (Thumb, 690 bytes, Stack size 96 bytes, gd32f1x0_rcu.o(.text))
<BR><BR>[Stack]<UL><LI>Max Depth = 96<LI>Call Chain = rcu_clock_freq_get
</UL>
<BR>[Called By]<UL><LI><a href="#[ac]">&gt;&gt;</a>&nbsp;&nbsp;&nbsp;usart_baudrate_set
<LI><a href="#[a8]">&gt;&gt;</a>&nbsp;&nbsp;&nbsp;i2c_clock_config
</UL>

<P><STRONG><a name="[82]"></a>timer_deinit</STRONG> (Thumb, 210 bytes, Stack size 8 bytes, gd32f1x0_timer.o(.text))
<BR><BR>[Stack]<UL><LI>Max Depth = 8<LI>Call Chain = timer_deinit
</UL>
<BR>[Calls]<UL><LI><a href="#[d5]">&gt;&gt;</a>&nbsp;&nbsp;&nbsp;rcu_periph_reset_enable
<LI><a href="#[d6]">&gt;&gt;</a>&nbsp;&nbsp;&nbsp;rcu_periph_reset_disable
</UL>
<BR>[Called By]<UL><LI><a href="#[57]">&gt;&gt;</a>&nbsp;&nbsp;&nbsp;TimeoutTimer_init
<LI><a href="#[5c]">&gt;&gt;</a>&nbsp;&nbsp;&nbsp;PWM_init
</UL>

<P><STRONG><a name="[84]"></a>timer_init</STRONG> (Thumb, 126 bytes, Stack size 0 bytes, gd32f1x0_timer.o(.text))
<BR><BR>[Called By]<UL><LI><a href="#[57]">&gt;&gt;</a>&nbsp;&nbsp;&nbsp;TimeoutTimer_init
<LI><a href="#[5c]">&gt;&gt;</a>&nbsp;&nbsp;&nbsp;PWM_init
</UL>

<P><STRONG><a name="[87]"></a>timer_enable</STRONG> (Thumb, 10 bytes, Stack size 0 bytes, gd32f1x0_timer.o(.text))
<BR><BR>[Called By]<UL><LI><a href="#[57]">&gt;&gt;</a>&nbsp;&nbsp;&nbsp;TimeoutTimer_init
<LI><a href="#[5c]">&gt;&gt;</a>&nbsp;&nbsp;&nbsp;PWM_init
</UL>

<P><STRONG><a name="[90]"></a>timer_disable</STRONG> (Thumb, 10 bytes, Stack size 0 bytes, gd32f1x0_timer.o(.text))
<BR><BR>[Called By]<UL><LI><a href="#[5c]">&gt;&gt;</a>&nbsp;&nbsp;&nbsp;PWM_init
</UL>

<P><STRONG><a name="[19e]"></a>timer_auto_reload_shadow_enable</STRONG> (Thumb, 10 bytes, Stack size 0 bytes, gd32f1x0_timer.o(.text), UNUSED)

<P><STRONG><a name="[83]"></a>timer_auto_reload_shadow_disable</STRONG> (Thumb, 10 bytes, Stack size 0 bytes, gd32f1x0_timer.o(.text))
<BR><BR>[Called By]<UL><LI><a href="#[57]">&gt;&gt;</a>&nbsp;&nbsp;&nbsp;TimeoutTimer_init
<LI><a href="#[5c]">&gt;&gt;</a>&nbsp;&nbsp;&nbsp;PWM_init
</UL>

<P><STRONG><a name="[19f]"></a>timer_update_event_enable</STRONG> (Thumb, 10 bytes, Stack size 0 bytes, gd32f1x0_timer.o(.text), UNUSED)

<P><STRONG><a name="[1a0]"></a>timer_update_event_disable</STRONG> (Thumb, 10 bytes, Stack size 0 bytes, gd32f1x0_timer.o(.text), UNUSED)

<P><STRONG><a name="[1a1]"></a>timer_counter_alignment</STRONG> (Thumb, 16 bytes, Stack size 0 bytes, gd32f1x0_timer.o(.text), UNUSED)

<P><STRONG><a name="[1a2]"></a>timer_counter_up_direction</STRONG> (Thumb, 14 bytes, Stack size 0 bytes, gd32f1x0_timer.o(.text), UNUSED)

<P><STRONG><a name="[1a3]"></a>timer_counter_down_direction</STRONG> (Thumb, 18 bytes, Stack size 0 bytes, gd32f1x0_timer.o(.text), UNUSED)

<P><STRONG><a name="[1a4]"></a>timer_prescaler_config</STRONG> (Thumb, 14 bytes, Stack size 0 bytes, gd32f1x0_timer.o(.text), UNUSED)

<P><STRONG><a name="[1a5]"></a>timer_repetition_value_config</STRONG> (Thumb, 4 bytes, Stack size 0 bytes, gd32f1x0_timer.o(.text), UNUSED)

<P><STRONG><a name="[1a6]"></a>timer_autoreload_value_config</STRONG> (Thumb, 4 bytes, Stack size 0 bytes, gd32f1x0_timer.o(.text), UNUSED)

<P><STRONG><a name="[1a7]"></a>timer_counter_value_config</STRONG> (Thumb, 4 bytes, Stack size 0 bytes, gd32f1x0_timer.o(.text), UNUSED)

<P><STRONG><a name="[1a8]"></a>timer_counter_read</STRONG> (Thumb, 8 bytes, Stack size 0 bytes, gd32f1x0_timer.o(.text), UNUSED)

[...]
</UL>

<P><STRONG><a name="[ef]"></a>__mathlib_dbl_underflow</STRONG> (Thumb, 10 bytes, Stack size 0 bytes, dunder.o(i.__mathlib_dbl_underflow))
<BR><BR>[Calls]<UL><LI><a href="#[ee]">&gt;&gt;</a>&nbsp;&nbsp;&nbsp;__ARM_scalbn
</UL>
<BR>[Called By]<UL><LI><a href="#[d1]">&gt;&gt;</a>&nbsp;&nbsp;&nbsp;atan
</UL>

<P><STRONG><a name="[d1]"></a>atan</STRONG> (Thumb, 474 bytes, Stack size 40 bytes, atan.o(i.atan))
<BR><BR>[Stack]<UL><LI>Max Depth = 96<LI>Call Chain = atan &rArr; __kernel_poly &rArr; __aeabi_dmul
</UL>
<BR>[Calls]<UL><LI><a href="#[ec]">&gt;&gt;</a>&nbsp;&nbsp;&nbsp;__kernel_poly
<LI><a href="#[f0]">&gt;&gt;</a>&nbsp;&nbsp;&nbsp;__ARM_fpclassify
<LI><a href="#[ef]">&gt;&gt;</a>&nbsp;&nbsp;&nbsp;__mathlib_dbl_underflow
<LI><a href="#[ed]">&gt;&gt;</a>&nbsp;&nbsp;&nbsp;__mathlib_dbl_infnan
<LI><a href="#[ee]">&gt;&gt;</a>&nbsp;&nbsp;&nbsp;__ARM_scalbn
<LI><a href="#[71]">&gt;&gt;</a>&nbsp;&nbsp;&nbsp;__aeabi_dmul
<LI><a href="#[d0]">&gt;&gt;</a>&nbsp;&nbsp;&nbsp;__aeabi_ddiv
<LI><a href="#[f1]">&gt;&gt;</a>&nbsp;&nbsp;&nbsp;__aeabi_dsub
<LI><a href="#[f2]">&gt;&gt;</a>&nbsp;&nbsp;&nbsp;__aeabi_drsub
<LI><a href="#[72]">&gt;&gt;</a>&nbsp;&nbsp;&nbsp;__aeabi_dadd
</UL>
<BR>[Called By]<UL><LI><a href="#[bb]">&gt;&gt;</a>&nbsp;&nbsp;&nbsp;GetAccelerometerData
</UL>

<P><STRONG><a name="[77]"></a>blockPWM</STRONG> (Thumb, 558 bytes, Stack size 40 bytes, bldc.o(i.blockPWM))
<BR><BR>[Stack]<UL><LI>Max Depth = 72<LI>Call Chain = blockPWM &rArr; __aeabi_cdcmple
</UL>
<BR>[Calls]<UL><LI><a href="#[69]">&gt;&gt;</a>&nbsp;&nbsp;&nbsp;__aeabi_cdcmple
<LI><a href="#[68]">&gt;&gt;</a>&nbsp;&nbsp;&nbsp;__aeabi_i2d
</UL>
<BR>[Called By]<UL><LI><a href="#[6f]">&gt;&gt;</a>&nbsp;&nbsp;&nbsp;CalculateBLDC
</UL>

<P><STRONG><a name="[cf]"></a>sqrt</STRONG> (Thumb, 76 bytes, Stack size 24 bytes, sqrt.o(i.sqrt))
<BR><BR>[Stack]<UL><LI>Max Depth = 64<LI>Call Chain = sqrt &rArr; _dsqrt &rArr; __fpl_dnaninf
</UL>
<BR>[Calls]<UL><LI><a href="#[f3]">&gt;&gt;</a>&nbsp;&nbsp;&nbsp;_dsqrt
<LI><a href="#[e8]">&gt;&gt;</a>&nbsp;&nbsp;&nbsp;__set_errno
</UL>
<BR>[Called By]<UL><LI><a href="#[bb]">&gt;&gt;</a>&nbsp;&nbsp;&nbsp;GetAccelerometerData
</UL>

<P><STRONG><a name="[73]"></a>__aeabi_d2f</STRONG> (Thumb, 0 bytes, Stack size 32 bytes, d2f.o(x$fpl$d2f))
<BR><BR>[Stack]<UL><LI>Max Depth = 32<LI>Call Chain = __aeabi_d2f
</UL>
<BR>[Called By]<UL><LI><a href="#[d3]">&gt;&gt;</a>&nbsp;&nbsp;&nbsp;move
<LI><a href="#[bb]">&gt;&gt;</a>&nbsp;&nbsp;&nbsp;GetAccelerometerData
<LI><a href="#[6f]">&gt;&gt;</a>&nbsp;&nbsp;&nbsp;CalculateBLDC
</UL>

<P><STRONG><a name="[f4]"></a>_d2f</STRONG> (Thumb, 98 bytes, Stack size 32 bytes, d2f.o(x$fpl$d2f), UNUSED)
<BR><BR>[Calls]<UL><LI><a href="#[f5]">&gt;&gt;</a>&nbsp;&nbsp;&nbsp;__fpl_fretinf
<LI><a href="#[f6]">&gt;&gt;</a>&nbsp;&nbsp;&nbsp;__fpl_dnaninf
</UL>

<P><STRONG><a name="[72]"></a>__aeabi_dadd</STRONG> (Thumb, 0 bytes, Stack size 16 bytes, daddsub_clz.o(x$fpl$dadd))
<BR><BR>[Stack]<UL><LI>Max Depth = 16<LI>Call Chain = __aeabi_dadd
</UL>
<BR>[Called By]<UL><LI><a href="#[bb]">&gt;&gt;</a>&nbsp;&nbsp;&nbsp;GetAccelerometerData
<LI><a href="#[6f]">&gt;&gt;</a>&nbsp;&nbsp;&nbsp;CalculateBLDC
<LI><a href="#[ec]">&gt;&gt;</a>&nbsp;&nbsp;&nbsp;__kernel_poly
<LI><a href="#[d1]">&gt;&gt;</a>&nbsp;&nbsp;&nbsp;atan
</UL>

<P><STRONG><a name="[f7]"></a>_dadd</STRONG> (Thumb, 332 bytes, Stack size 16 bytes, daddsub_clz.o(x$fpl$dadd), UNUSED)
<BR><BR>[Calls]<UL><LI><a href="#[f9]">&gt;&gt;</a>&nbsp;&nbsp;&nbsp;__fpl_dretinf
<LI><a href="#[f6]">&gt;&gt;</a>&nbsp;&nbsp;&nbsp;__fpl_dnaninf
<LI><a href="#[f8]">&gt;&gt;</a>&nbsp;&nbsp;&nbsp;_dsub1
</UL>

<P><STRONG><a name="[fa]"></a>__fpl_dcheck_NaN1</STRONG> (Thumb, 10 bytes, Stack size 0 bytes, dcheck1.o(x$fpl$dcheck1))
<BR><BR>[Calls]<UL><LI><a href="#[fb]">&gt;&gt;</a>&nbsp;&nbsp;&nbsp;__fpl_return_NaN
</UL>
<BR>[Called By]<UL><LI><a href="#[ee]">&gt;&gt;</a>&nbsp;&nbsp;&nbsp;__ARM_scalbn
</UL>

<P><STRONG><a name="[fe]"></a>__fpl_dcmp_Inf</STRONG> (Thumb, 24 bytes, Stack size 0 bytes, dcmpi.o(x$fpl$dcmpinf), UNUSED)
<BR><BR>[Called By]<UL><LI><a href="#[fd]">&gt;&gt;</a>&nbsp;&nbsp;&nbsp;_dcmple
</UL>

<P><STRONG><a name="[d0]"></a>__aeabi_ddiv</STRONG> (Thumb, 0 bytes, Stack size 32 bytes, ddiv.o(x$fpl$ddiv))
<BR><BR>[Stack]<UL><LI>Max Depth = 32<LI>Call Chain = __aeabi_ddiv
</UL>
<BR>[Called By]<UL><LI><a href="#[bb]">&gt;&gt;</a>&nbsp;&nbsp;&nbsp;GetAccelerometerData
<LI><a href="#[d1]">&gt;&gt;</a>&nbsp;&nbsp;&nbsp;atan
</UL>

<P><STRONG><a name="[fc]"></a>_ddiv</STRONG> (Thumb, 552 bytes, Stack size 32 bytes, ddiv.o(x$fpl$ddiv), UNUSED)
<BR><BR>[Calls]<UL><LI><a href="#[f9]">&gt;&gt;</a>&nbsp;&nbsp;&nbsp;__fpl_dretinf
<LI><a href="#[f6]">&gt;&gt;</a>&nbsp;&nbsp;&nbsp;__fpl_dnaninf
</UL>

<P><STRONG><a name="[68]"></a>__aeabi_i2d</STRONG> (Thumb, 0 bytes, Stack size 0 bytes, dflt_clz.o(x$fpl$dflt))
<BR><BR>[Called By]<UL><LI><a href="#[d3]">&gt;&gt;</a>&nbsp;&nbsp;&nbsp;move
<LI><a href="#[bb]">&gt;&gt;</a>&nbsp;&nbsp;&nbsp;GetAccelerometerData
<LI><a href="#[77]">&gt;&gt;</a>&nbsp;&nbsp;&nbsp;blockPWM
<LI><a href="#[79]">&gt;&gt;</a>&nbsp;&nbsp;&nbsp;go_to
<LI><a href="#[6f]">&gt;&gt;</a>&nbsp;&nbsp;&nbsp;CalculateBLDC
<LI><a href="#[47]">&gt;&gt;</a>&nbsp;&nbsp;&nbsp;main
</UL>

<P><STRONG><a name="[20c]"></a>_dflt</STRONG> (Thumb, 46 bytes, Stack size 0 bytes, dflt_clz.o(x$fpl$dflt), UNUSED)

<P><STRONG><a name="[69]"></a>__aeabi_cdcmple</STRONG> (Thumb, 0 bytes, Stack size 32 bytes, dleqf.o(x$fpl$dleqf))
<BR><BR>[Stack]<UL><LI>Max Depth = 32<LI>Call Chain = __aeabi_cdcmple
</UL>
<BR>[Called By]<UL><LI><a href="#[d3]">&gt;&gt;</a>&nbsp;&nbsp;&nbsp;move
<LI><a href="#[77]">&gt;&gt;</a>&nbsp;&nbsp;&nbsp;blockPWM
<LI><a href="#[79]">&gt;&gt;</a>&nbsp;&nbsp;&nbsp;go_to
<LI><a href="#[6f]">&gt;&gt;</a>&nbsp;&nbsp;&nbsp;CalculateBLDC
<LI><a href="#[47]">&gt;&gt;</a>&nbsp;&nbsp;&nbsp;main
</UL>

<P><STRONG><a name="[fd]"></a>_dcmple</STRONG> (Thumb, 120 bytes, Stack size 32 bytes, dleqf.o(x$fpl$dleqf), UNUSED)
<BR><BR>[Calls]<UL><LI><a href="#[f6]">&gt;&gt;</a>&nbsp;&nbsp;&nbsp;__fpl_dnaninf
<LI><a href="#[fe]">&gt;&gt;</a>&nbsp;&nbsp;&nbsp;__fpl_dcmp_Inf
</UL>

<P><STRONG><a name="[101]"></a>__fpl_dcmple_InfNaN</STRONG> (Thumb, 0 bytes, Stack size unknown bytes, dleqf.o(x$fpl$dleqf), UNUSED)
<BR><BR>[Called By]<UL><LI><a href="#[100]">&gt;&gt;</a>&nbsp;&nbsp;&nbsp;_drcmple
</UL>

<P><STRONG><a name="[71]"></a>__aeabi_dmul</STRONG> (Thumb, 0 bytes, Stack size 32 bytes, dmul.o(x$fpl$dmul))
<BR><BR>[Stack]<UL><LI>Max Depth = 32<LI>Call Chain = __aeabi_dmul
</UL>
<BR>[Called By]<UL><LI><a href="#[d3]">&gt;&gt;</a>&nbsp;&nbsp;&nbsp;move
<LI><a href="#[bb]">&gt;&gt;</a>&nbsp;&nbsp;&nbsp;GetAccelerometerData
<LI><a href="#[6f]">&gt;&gt;</a>&nbsp;&nbsp;&nbsp;CalculateBLDC
<LI><a href="#[ec]">&gt;&gt;</a>&nbsp;&nbsp;&nbsp;__kernel_poly
<LI><a href="#[d1]">&gt;&gt;</a>&nbsp;&nbsp;&nbsp;atan
</UL>

<P><STRONG><a name="[ff]"></a>_dmul</STRONG> (Thumb, 332 bytes, Stack size 32 bytes, dmul.o(x$fpl$dmul), UNUSED)
<BR><BR>[Calls]<UL><LI><a href="#[f9]">&gt;&gt;</a>&nbsp;&nbsp;&nbsp;__fpl_dretinf
<LI><a href="#[f6]">&gt;&gt;</a>&nbsp;&nbsp;&nbsp;__fpl_dnaninf
</UL>

<P><STRONG><a name="[f6]"></a>__fpl_dnaninf</STRONG> (Thumb, 156 bytes, Stack size 16 bytes, dnaninf.o(x$fpl$dnaninf))
<BR><BR>[Stack]<UL><LI>Max Depth = 16<LI>Call Chain = __fpl_dnaninf
</UL>
<BR>[Called By]<UL><LI><a href="#[f3]">&gt;&gt;</a>&nbsp;&nbsp;&nbsp;_dsqrt
<LI><a href="#[ff]">&gt;&gt;</a>&nbsp;&nbsp;&nbsp;_dmul
<LI><a href="#[fd]">&gt;&gt;</a>&nbsp;&nbsp;&nbsp;_dcmple
<LI><a href="#[fc]">&gt;&gt;</a>&nbsp;&nbsp;&nbsp;_ddiv
<LI><a href="#[104]">&gt;&gt;</a>&nbsp;&nbsp;&nbsp;_dsub
<LI><a href="#[f7]">&gt;&gt;</a>&nbsp;&nbsp;&nbsp;_dadd
<LI><a href="#[f4]">&gt;&gt;</a>&nbsp;&nbsp;&nbsp;_d2f
</UL>

<P><STRONG><a name="[f9]"></a>__fpl_dretinf</STRONG> (Thumb, 12 bytes, Stack size 0 bytes, dretinf.o(x$fpl$dretinf), UNUSED)
<BR><BR>[Called By]<UL><LI><a href="#[105]">&gt;&gt;</a>&nbsp;&nbsp;&nbsp;_f2d
<LI><a href="#[ff]">&gt;&gt;</a>&nbsp;&nbsp;&nbsp;_dmul
<LI><a href="#[fc]">&gt;&gt;</a>&nbsp;&nbsp;&nbsp;_ddiv
<LI><a href="#[f7]">&gt;&gt;</a>&nbsp;&nbsp;&nbsp;_dadd
</UL>

<P><STRONG><a name="[6c]"></a>__aeabi_cdrcmple</STRONG> (Thumb, 0 bytes, Stack size 16 bytes, drleqf.o(x$fpl$drleqf))
<BR><BR>[Stack]<UL><LI>Max Depth = 16<LI>Call Chain = __aeabi_cdrcmple
</UL>
<BR>[Called By]<UL><LI><a href="#[47]">&gt;&gt;</a>&nbsp;&nbsp;&nbsp;main
</UL>

<P><STRONG><a name="[100]"></a>_drcmple</STRONG> (Thumb, 108 bytes, Stack size 16 bytes, drleqf.o(x$fpl$drleqf), UNUSED)
<BR><BR>[Calls]<UL><LI><a href="#[101]">&gt;&gt;</a>&nbsp;&nbsp;&nbsp;__fpl_dcmple_InfNaN
</UL>

<P><STRONG><a name="[f2]"></a>__aeabi_drsub</STRONG> (Thumb, 0 bytes, Stack size 8 bytes, daddsub_clz.o(x$fpl$drsb))
<BR><BR>[Stack]<UL><LI>Max Depth = 8<LI>Call Chain = __aeabi_drsub
</UL>
<BR>[Called By]<UL><LI><a href="#[d1]">&gt;&gt;</a>&nbsp;&nbsp;&nbsp;atan
</UL>

<P><STRONG><a name="[102]"></a>_drsb</STRONG> (Thumb, 22 bytes, Stack size 8 bytes, daddsub_clz.o(x$fpl$drsb), UNUSED)
<BR><BR>[Calls]<UL><LI><a href="#[f8]">&gt;&gt;</a>&nbsp;&nbsp;&nbsp;_dsub1
<LI><a href="#[103]">&gt;&gt;</a>&nbsp;&nbsp;&nbsp;_dadd1
</UL>

<P><STRONG><a name="[f3]"></a>_dsqrt</STRONG> (Thumb, 456 bytes, Stack size 24 bytes, dsqrt_noumaal.o(x$fpl$dsqrt))
<BR><BR>[Stack]<UL><LI>Max Depth = 40<LI>Call Chain = _dsqrt &rArr; __fpl_dnaninf
</UL>
<BR>[Calls]<UL><LI><a href="#[f6]">&gt;&gt;</a>&nbsp;&nbsp;&nbsp;__fpl_dnaninf
</UL>
<BR>[Called By]<UL><LI><a href="#[cf]">&gt;&gt;</a>&nbsp;&nbsp;&nbsp;sqrt
</UL>

<P><STRONG><a name="[f1]"></a>__aeabi_dsub</STRONG> (Thumb, 0 bytes, Stack size 32 bytes, daddsub_clz.o(x$fpl$dsub))
<BR><BR>[Stack]<UL><LI>Max Depth = 32<LI>Call Chain = __aeabi_dsub
</UL>
<BR>[Called By]<UL><LI><a href="#[d1]">&gt;&gt;</a>&nbsp;&nbsp;&nbsp;atan
</UL>

<P><STRONG><a name="[104]"></a>_dsub</STRONG> (Thumb, 464 bytes, Stack size 32 bytes, daddsub_clz.o(x$fpl$dsub), UNUSED)
<BR><BR>[Calls]<UL><LI><a href="#[f6]">&gt;&gt;</a>&nbsp;&nbsp;&nbsp;__fpl_dnaninf
<LI><a href="#[103]">&gt;&gt;</a>&nbsp;&nbsp;&nbsp;_dadd1
</UL>

<P><STRONG><a name="[6a]"></a>__aeabi_f2d</STRONG> (Thumb, 0 bytes, Stack size 16 bytes, f2d.o(x$fpl$f2d))
<BR><BR>[Stack]<UL><LI>Max Depth = 16<LI>Call Chain = __aeabi_f2d
</UL>
<BR>[Called By]<UL><LI><a href="#[d3]">&gt;&gt;</a>&nbsp;&nbsp;&nbsp;move
<LI><a href="#[bb]">&gt;&gt;</a>&nbsp;&nbsp;&nbsp;GetAccelerometerData
<LI><a href="#[6f]">&gt;&gt;</a>&nbsp;&nbsp;&nbsp;CalculateBLDC
<LI><a href="#[47]">&gt;&gt;</a>&nbsp;&nbsp;&nbsp;main
</UL>

<P><STRONG><a name="[105]"></a>_f2d</STRONG> (Thumb, 86 bytes, Stack size 16 bytes, f2d.o(x$fpl$f2d), UNUSED)
<BR><BR>[Calls]<UL><LI><a href="#[106]">&gt;&gt;</a>&nbsp;&nbsp;&nbsp;__fpl_fnaninf
<LI><a href="#[f9]">&gt;&gt;</a>&nbsp;&nbsp;&nbsp;__fpl_dretinf
</UL>

<P><STRONG><a name="[7a]"></a>__aeabi_fadd</STRONG> (Thumb, 0 bytes, Stack size 16 bytes, faddsub_clz.o(x$fpl$fadd))
<BR><BR>[Stack]<UL><LI>Max Depth = 16<LI>Call Chain = __aeabi_fadd
</UL>
<BR>[Called By]<UL><LI><a href="#[bb]">&gt;&gt;</a>&nbsp;&nbsp;&nbsp;GetAccelerometerData
<LI><a href="#[79]">&gt;&gt;</a>&nbsp;&nbsp;&nbsp;go_to
</UL>

<P><STRONG><a name="[107]"></a>_fadd</STRONG> (Thumb, 196 bytes, Stack size 16 bytes, faddsub_clz.o(x$fpl$fadd), UNUSED)
<BR><BR>[Calls]<UL><LI><a href="#[f5]">&gt;&gt;</a>&nbsp;&nbsp;&nbsp;__fpl_fretinf
<LI><a href="#[106]">&gt;&gt;</a>&nbsp;&nbsp;&nbsp;__fpl_fnaninf
<LI><a href="#[108]">&gt;&gt;</a>&nbsp;&nbsp;&nbsp;_fsub1
</UL>

<P><STRONG><a name="[10c]"></a>__fpl_fcmp_Inf</STRONG> (Thumb, 24 bytes, Stack size 0 bytes, fcmpi.o(x$fpl$fcmpinf), UNUSED)
<BR><BR>[Called By]<UL><LI><a href="#[10b]">&gt;&gt;</a>&nbsp;&nbsp;&nbsp;_fcmple
</UL>

<P><STRONG><a name="[62]"></a>__aeabi_fdiv</STRONG> (Thumb, 0 bytes, Stack size 16 bytes, fdiv.o(x$fpl$fdiv))
<BR><BR>[Stack]<UL><LI>Max Depth = 16<LI>Call Chain = __aeabi_fdiv
</UL>
<BR>[Called By]<UL><LI><a href="#[79]">&gt;&gt;</a>&nbsp;&nbsp;&nbsp;go_to
<LI><a href="#[6f]">&gt;&gt;</a>&nbsp;&nbsp;&nbsp;CalculateBLDC
<LI><a href="#[47]">&gt;&gt;</a>&nbsp;&nbsp;&nbsp;main
</UL>

<P><STRONG><a name="[109]"></a>_fdiv</STRONG> (Thumb, 384 bytes, Stack size 16 bytes, fdiv.o(x$fpl$fdiv), UNUSED)
<BR><BR>[Calls]<UL><LI><a href="#[f5]">&gt;&gt;</a>&nbsp;&nbsp;&nbsp;__fpl_fretinf
<LI><a href="#[106]">&gt;&gt;</a>&nbsp;&nbsp;&nbsp;__fpl_fnaninf
</UL>

<P><STRONG><a name="[65]"></a>__aeabi_f2iz</STRONG> (Thumb, 0 bytes, Stack size 16 bytes, ffix.o(x$fpl$ffix))
<BR><BR>[Stack]<UL><LI>Max Depth = 16<LI>Call Chain = __aeabi_f2iz
</UL>
<BR>[Called By]<UL><LI><a href="#[d3]">&gt;&gt;</a>&nbsp;&nbsp;&nbsp;move
<LI><a href="#[79]">&gt;&gt;</a>&nbsp;&nbsp;&nbsp;go_to
<LI><a href="#[6f]">&gt;&gt;</a>&nbsp;&nbsp;&nbsp;CalculateBLDC
<LI><a href="#[47]">&gt;&gt;</a>&nbsp;&nbsp;&nbsp;main
</UL>

<P><STRONG><a name="[10a]"></a>_ffix</STRONG> (Thumb, 54 bytes, Stack size 16 bytes, ffix.o(x$fpl$ffix), UNUSED)
<BR><BR>[Calls]<UL><LI><a href="#[106]">&gt;&gt;</a>&nbsp;&nbsp;&nbsp;__fpl_fnaninf
</UL>

<P><STRONG><a name="[61]"></a>__aeabi_i2f</STRONG> (Thumb, 0 bytes, Stack size 0 bytes, fflt_clz.o(x$fpl$fflt))
<BR><BR>[Called By]<UL><LI><a href="#[d3]">&gt;&gt;</a>&nbsp;&nbsp;&nbsp;move
<LI><a href="#[79]">&gt;&gt;</a>&nbsp;&nbsp;&nbsp;go_to
<LI><a href="#[6f]">&gt;&gt;</a>&nbsp;&nbsp;&nbsp;CalculateBLDC
<LI><a href="#[47]">&gt;&gt;</a>&nbsp;&nbsp;&nbsp;main
</UL>

<P><STRONG><a name="[20d]"></a>_fflt</STRONG> (Thumb, 48 bytes, Stack size 0 bytes, fflt_clz.o(x$fpl$fflt), UNUSED)

<P><STRONG><a name="[70]"></a>__aeabi_ui2f</STRONG> (Thumb, 0 bytes, Stack size 0 bytes, fflt_clz.o(x$fpl$ffltu))
<BR><BR>[Called By]<UL><LI><a href="#[6f]">&gt;&gt;</a>&nbsp;&nbsp;&nbsp;CalculateBLDC
</UL>

<P><STRONG><a name="[20e]"></a>_ffltu</STRONG> (Thumb, 38 bytes, Stack size 0 bytes, fflt_clz.o(x$fpl$ffltu), UNUSED)

<P><STRONG><a name="[64]"></a>__aeabi_cfcmple</STRONG> (Thumb, 0 bytes, Stack size 16 bytes, fleqf.o(x$fpl$fleqf))
<BR><BR>[Stack]<UL><LI>Max Depth = 16<LI>Call Chain = __aeabi_cfcmple
</UL>
<BR>[Called By]<UL><LI><a href="#[6f]">&gt;&gt;</a>&nbsp;&nbsp;&nbsp;CalculateBLDC
<LI><a href="#[47]">&gt;&gt;</a>&nbsp;&nbsp;&nbsp;main
</UL>

<P><STRONG><a name="[10b]"></a>_fcmple</STRONG> (Thumb, 104 bytes, Stack size 16 bytes, fleqf.o(x$fpl$fleqf), UNUSED)
<BR><BR>[Calls]<UL><LI><a href="#[106]">&gt;&gt;</a>&nbsp;&nbsp;&nbsp;__fpl_fnaninf
<LI><a href="#[10c]">&gt;&gt;</a>&nbsp;&nbsp;&nbsp;__fpl_fcmp_Inf
</UL>

<P><STRONG><a name="[10f]"></a>__fpl_fcmple_InfNaN</STRONG> (Thumb, 0 bytes, Stack size unknown bytes, fleqf.o(x$fpl$fleqf), UNUSED)
<BR><BR>[Called By]<UL><LI><a href="#[10e]">&gt;&gt;</a>&nbsp;&nbsp;&nbsp;_frcmple
</UL>

<P><STRONG><a name="[66]"></a>__aeabi_fmul</STRONG> (Thumb, 0 bytes, Stack size 16 bytes, fmul.o(x$fpl$fmul))
<BR><BR>[Stack]<UL><LI>Max Depth = 16<LI>Call Chain = __aeabi_fmul
</UL>
<BR>[Called By]<UL><LI><a href="#[d3]">&gt;&gt;</a>&nbsp;&nbsp;&nbsp;move
<LI><a href="#[bb]">&gt;&gt;</a>&nbsp;&nbsp;&nbsp;GetAccelerometerData
<LI><a href="#[79]">&gt;&gt;</a>&nbsp;&nbsp;&nbsp;go_to
<LI><a href="#[6f]">&gt;&gt;</a>&nbsp;&nbsp;&nbsp;CalculateBLDC
<LI><a href="#[47]">&gt;&gt;</a>&nbsp;&nbsp;&nbsp;main
</UL>

<P><STRONG><a name="[10d]"></a>_fmul</STRONG> (Thumb, 258 bytes, Stack size 16 bytes, fmul.o(x$fpl$fmul), UNUSED)
<BR><BR>[Calls]<UL><LI><a href="#[f5]">&gt;&gt;</a>&nbsp;&nbsp;&nbsp;__fpl_fretinf
<LI><a href="#[106]">&gt;&gt;</a>&nbsp;&nbsp;&nbsp;__fpl_fnaninf
</UL>

<P><STRONG><a name="[106]"></a>__fpl_fnaninf</STRONG> (Thumb, 140 bytes, Stack size 8 bytes, fnaninf.o(x$fpl$fnaninf), UNUSED)
<BR><BR>[Called By]<UL><LI><a href="#[10d]">&gt;&gt;</a>&nbsp;&nbsp;&nbsp;_fmul
<LI><a href="#[10b]">&gt;&gt;</a>&nbsp;&nbsp;&nbsp;_fcmple
<LI><a href="#[10a]">&gt;&gt;</a>&nbsp;&nbsp;&nbsp;_ffix
<LI><a href="#[109]">&gt;&gt;</a>&nbsp;&nbsp;&nbsp;_fdiv
<LI><a href="#[110]">&gt;&gt;</a>&nbsp;&nbsp;&nbsp;_fsub
<LI><a href="#[107]">&gt;&gt;</a>&nbsp;&nbsp;&nbsp;_fadd
<LI><a href="#[105]">&gt;&gt;</a>&nbsp;&nbsp;&nbsp;_f2d
</UL>

<P><STRONG><a name="[f5]"></a>__fpl_fretinf</STRONG> (Thumb, 10 bytes, Stack size 0 bytes, fretinf.o(x$fpl$fretinf), UNUSED)
<BR><BR>[Called By]<UL><LI><a href="#[10d]">&gt;&gt;</a>&nbsp;&nbsp;&nbsp;_fmul
<LI><a href="#[109]">&gt;&gt;</a>&nbsp;&nbsp;&nbsp;_fdiv
<LI><a href="#[107]">&gt;&gt;</a>&nbsp;&nbsp;&nbsp;_fadd
<LI><a href="#[f4]">&gt;&gt;</a>&nbsp;&nbsp;&nbsp;_d2f
</UL>

<P><STRONG><a name="[63]"></a>__aeabi_cfrcmple</STRONG> (Thumb, 0 bytes, Stack size 0 bytes, frleqf.o(x$fpl$frleqf))
<BR><BR>[Called By]<UL><LI><a href="#[6f]">&gt;&gt;</a>&nbsp;&nbsp;&nbsp;CalculateBLDC
<LI><a href="#[47]">&gt;&gt;</a>&nbsp;&nbsp;&nbsp;main
</UL>

<P><STRONG><a name="[10e]"></a>_frcmple</STRONG> (Thumb, 98 bytes, Stack size 0 bytes, frleqf.o(x$fpl$frleqf), UNUSED)
<BR><BR>[Calls]<UL><LI><a href="#[10f]">&gt;&gt;</a>&nbsp;&nbsp;&nbsp;__fpl_fcmple_InfNaN
</UL>

<P><STRONG><a name="[76]"></a>__aeabi_fsub</STRONG> (Thumb, 0 bytes, Stack size 16 bytes, faddsub_clz.o(x$fpl$fsub))
<BR><BR>[Stack]<UL><LI>Max Depth = 16<LI>Call Chain = __aeabi_fsub
</UL>
<BR>[Called By]<UL><LI><a href="#[6f]">&gt;&gt;</a>&nbsp;&nbsp;&nbsp;CalculateBLDC
</UL>

<P><STRONG><a name="[110]"></a>_fsub</STRONG> (Thumb, 234 bytes, Stack size 16 bytes, faddsub_clz.o(x$fpl$fsub), UNUSED)
<BR><BR>[Calls]<UL><LI><a href="#[106]">&gt;&gt;</a>&nbsp;&nbsp;&nbsp;__fpl_fnaninf
<LI><a href="#[111]">&gt;&gt;</a>&nbsp;&nbsp;&nbsp;_fadd1
</UL>

<P><STRONG><a name="[fb]"></a>__fpl_return_NaN</STRONG> (Thumb, 100 bytes, Stack size 0 bytes, retnan.o(x$fpl$retnan))
<BR><BR>[Calls]<UL><LI><a href="#[112]">&gt;&gt;</a>&nbsp;&nbsp;&nbsp;__fpl_cmpreturn
</UL>
<BR>[Called By]<UL><LI><a href="#[fa]">&gt;&gt;</a>&nbsp;&nbsp;&nbsp;__fpl_dcheck_NaN1
</UL>

<P><STRONG><a name="[ee]"></a>__ARM_scalbn</STRONG> (Thumb, 92 bytes, Stack size 0 bytes, scalbn.o(x$fpl$scalbn))
<BR><BR>[Calls]<UL><LI><a href="#[fa]">&gt;&gt;</a>&nbsp;&nbsp;&nbsp;__fpl_dcheck_NaN1
</UL>
<BR>[Called By]<UL><LI><a href="#[ef]">&gt;&gt;</a>&nbsp;&nbsp;&nbsp;__mathlib_dbl_underflow
<LI><a href="#[ed]">&gt;&gt;</a>&nbsp;&nbsp;&nbsp;__mathlib_dbl_infnan
<LI><a href="#[d1]">&gt;&gt;</a>&nbsp;&nbsp;&nbsp;atan
</UL>

<P><STRONG><a name="[112]"></a>__fpl_cmpreturn</STRONG> (Thumb, 48 bytes, Stack size 0 bytes, trapv.o(x$fpl$trapveneer))
<BR><BR>[Called By]<UL><LI><a href="#[fb]">&gt;&gt;</a>&nbsp;&nbsp;&nbsp;__fpl_return_NaN
</UL>
<P>
<H3>
Local Symbols
</H3>
<P><STRONG><a name="[e5]"></a>system_clock_72m_irc8m</STRONG> (Thumb, 106 bytes, Stack size 0 bytes, system_gd32f1x0.o(.text))
<BR><BR>[Called By]<UL><LI><a href="#[e4]">&gt;&gt;</a>&nbsp;&nbsp;&nbsp;system_clock_config
</UL>

<P><STRONG><a name="[e4]"></a>system_clock_config</STRONG> (Thumb, 8 bytes, Stack size 8 bytes, system_gd32f1x0.o(.text))
<BR><BR>[Stack]<UL><LI>Max Depth = 8<LI>Call Chain = system_clock_config
</UL>
<BR>[Calls]<UL><LI><a href="#[e5]">&gt;&gt;</a>&nbsp;&nbsp;&nbsp;system_clock_72m_irc8m
</UL>
<BR>[Called By]<UL><LI><a href="#[3c]">&gt;&gt;</a>&nbsp;&nbsp;&nbsp;SystemInit
</UL>

<P><STRONG><a name="[103]"></a>_dadd1</STRONG> (Thumb, 0 bytes, Stack size unknown bytes, daddsub_clz.o(x$fpl$dadd), UNUSED)
<BR><BR>[Called By]<UL><LI><a href="#[104]">&gt;&gt;</a>&nbsp;&nbsp;&nbsp;_dsub
<LI><a href="#[102]">&gt;&gt;</a>&nbsp;&nbsp;&nbsp;_drsb
</UL>

<P><STRONG><a name="[f8]"></a>_dsub1</STRONG> (Thumb, 0 bytes, Stack size unknown bytes, daddsub_clz.o(x$fpl$dsub), UNUSED)
<BR><BR>[Called By]<UL><LI><a href="#[102]">&gt;&gt;</a>&nbsp;&nbsp;&nbsp;_drsb
<LI><a href="#[f7]">&gt;&gt;</a>&nbsp;&nbsp;&nbsp;_dadd
</UL>

<P><STRONG><a name="[111]"></a>_fadd1</STRONG> (Thumb, 0 bytes, Stack size unknown bytes, faddsub_clz.o(x$fpl$fadd), UNUSED)
<BR><BR>[Called By]<UL><LI><a href="#[110]">&gt;&gt;</a>&nbsp;&nbsp;&nbsp;_fsub
</UL>

<P><STRONG><a name="[108]"></a>_fsub1</STRONG> (Thumb, 0 bytes, Stack size unknown bytes, faddsub_clz.o(x$fpl$fsub), UNUSED)
<BR><BR>[Called By]<UL><LI><a href="#[107]">&gt;&gt;</a>&nbsp;&nbsp;&nbsp;_fadd
</UL>
<P>
<H3>
Undefined Global Symbols
</H3><HR></body></html>
