Component: ARM Compiler 5.06 update 6 (build 750) Tool: armlink [4d35ed]

==============================================================================

Section Cross References

    main.o(.text) refers to it.o(.text) for Delay
    main.o(.text) refers to commsmasterslave.o(.text) for SendSlave
    main.o(.text) refers to gd32f1x0_usart.o(.text) for usart_deinit
    main.o(.text) refers to bldc.o(.text) for SetEnable
    main.o(.text) refers to gd32f1x0_gpio.o(.text) for gpio_bit_write
    main.o(.text) refers to gd32f1x0_fwdgt.o(.text) for fwdgt_counter_reload
    main.o(.text) refers to system_gd32f1x0.o(.text) for SystemCoreClockUpdate
    main.o(.text) refers to setup.o(.text) for Watchdog_init
    main.o(.text) refers to commsremote.o(.text) for Send_Data_over_REMOTE_serialPort_of_MasterBoard
    main.o(.text) refers to fflt_clz.o(x$fpl$fflt) for __aeabi_i2f
    main.o(.text) refers to fdiv.o(x$fpl$fdiv) for __aeabi_fdiv
    main.o(.text) refers to frleqf.o(x$fpl$frleqf) for __aeabi_cfrcmple
    main.o(.text) refers to fleqf.o(x$fpl$fleqf) for __aeabi_cfcmple
    main.o(.text) refers to ffix.o(x$fpl$ffix) for __aeabi_f2iz
    main.o(.text) refers to fmul.o(x$fpl$fmul) for __aeabi_fmul
    main.o(.text) refers to dflt_clz.o(x$fpl$dflt) for __aeabi_i2d
    main.o(.text) refers to dleqf.o(x$fpl$dleqf) for __aeabi_cdcmple
    main.o(.text) refers to f2d.o(x$fpl$f2d) for __aeabi_f2d
    main.o(.text) refers to bldc.o(.data) for buzzerPattern
    main.o(.text) refers to main.o(.data) for speed_mm_per_second_MasterWheel
    main.o(.text) refers to system_gd32f1x0.o(.data) for SystemCoreClock
    main.o(.text) refers to main.o(.constdata) for lookUpTableAngle
    main.o(.text) refers to it.o(.data) for timedOut
    main.o(.text) refers to navigator.o(.text) for stopNavigator
    main.o(.text) refers to drleqf.o(x$fpl$drleqf) for __aeabi_cdrcmple
    bldc.o(.text) refers to fflt_clz.o(x$fpl$ffltu) for __aeabi_ui2f
    bldc.o(.text) refers to f2d.o(x$fpl$f2d) for __aeabi_f2d
    bldc.o(.text) refers to dmul.o(x$fpl$dmul) for __aeabi_dmul
    bldc.o(.text) refers to daddsub_clz.o(x$fpl$dadd) for __aeabi_dadd
    bldc.o(.text) refers to d2f.o(x$fpl$d2f) for __aeabi_d2f
    bldc.o(.text) refers to gd32f1x0_gpio.o(.text) for gpio_bit_write
    bldc.o(.text) refers to dflt_clz.o(x$fpl$dflt) for __aeabi_i2d
    bldc.o(.text) refers to dleqf.o(x$fpl$dleqf) for __aeabi_cdcmple
    bldc.o(.text) refers to frleqf.o(x$fpl$frleqf) for __aeabi_cfrcmple
    bldc.o(.text) refers to gd32f1x0_timer.o(.text) for timer_automatic_output_disable
    bldc.o(.text) refers to fflt_clz.o(x$fpl$fflt) for __aeabi_i2f
    bldc.o(.text) refers to fmul.o(x$fpl$fmul) for __aeabi_fmul
    bldc.o(.text) refers to fdiv.o(x$fpl$fdiv) for __aeabi_fdiv
    bldc.o(.text) refers to faddsub_clz.o(x$fpl$fsub) for __aeabi_fsub
    bldc.o(.text) refers to fleqf.o(x$fpl$fleqf) for __aeabi_cfcmple
    bldc.o(.text) refers to ffix.o(x$fpl$ffix) for __aeabi_f2iz
    bldc.o(.text) refers to bldc.o(.data) for bldc_enable
    bldc.o(.text) refers to it.o(.data) for timedOut
    bldc.o(.text) refers to bldc.o(.constdata) for hall_to_pos
    bldc.o(.text) refers to bldc.o(i.blockPWM) for blockPWM
    bldc.o(.text) refers to faddsub_clz.o(x$fpl$fadd) for __aeabi_fadd
    setup.o(.text) refers to gd32f1x0_misc.o(.text) for nvic_priority_group_set
    setup.o(.text) refers to gd32f1x0_rcu.o(.text) for rcu_flag_get
    setup.o(.text) refers to gd32f1x0_fwdgt.o(.text) for fwdgt_config
    setup.o(.text) refers to gd32f1x0_timer.o(.text) for timer_deinit
    setup.o(.text) refers to gd32f1x0_gpio.o(.text) for gpio_mode_set
    setup.o(.text) refers to setup.o(.bss) for timeoutTimer_paramter_struct
    setup.o(.text) refers to gd32f1x0_dma.o(.text) for dma_deinit
    setup.o(.text) refers to rt_memcpy_w.o(.text) for __aeabi_memcpy4
    setup.o(.text) refers to gd32f1x0_adc.o(.text) for adc_channel_length_config
    setup.o(.text) refers to gd32f1x0_i2c.o(.text) for i2c_clock_config
    setup.o(.text) refers to gd32f1x0_usart.o(.text) for usart_baudrate_set
    setup.o(.text) refers to bldc.o(.data) for adc_buffer
    setup.o(.text) refers to setup.o(.data) for usartMasterSlave_rx_buf
    it.o(.text) refers to navigator.o(.text) for checkNavigationStatus
    it.o(.text) refers to commsinterlocks.o(.text) for checkInterlockInputs
    it.o(.text) refers to commsaccelerometer.o(.text) for GetAccelerometerData
    it.o(.text) refers to gd32f1x0_timer.o(.text) for timer_interrupt_flag_clear
    it.o(.text) refers to gd32f1x0_adc.o(.text) for adc_software_trigger_enable
    it.o(.text) refers to commssteeringpwm.o(.text) for CheckPWMRemoteControlInput
    it.o(.text) refers to bldc.o(.text) for CalculateBLDC
    it.o(.text) refers to gd32f1x0_dma.o(.text) for dma_interrupt_flag_get
    it.o(.text) refers to commsremote.o(.text) for UpdateUSART_REMOTE_MASTER_BOARD_Input
    it.o(.text) refers to commsmasterslave.o(.text) for UpdateUSARTMasterSlaveInput
[...]
    atanlo                                   0x08007710   Data          32  atan.o(.constdata)
    aTodd                                    0x08007730   Data          40  atan.o(.constdata)
    aTeven                                   0x08007758   Data          48  atan.o(.constdata)
    .data                                    0x20000000   Section       44  main.o(.data)
    .data                                    0x2000002c   Section      104  bldc.o(.data)
    .data                                    0x20000094   Section        2  setup.o(.data)
    .data                                    0x20000098   Section       20  it.o(.data)
    .data                                    0x200000ac   Section        8  commsmasterslave.o(.data)
    sMasterSlaveRecord                       0x200000ad   Data           1  commsmasterslave.o(.data)
    sUSARTMasterSlaveRecordBuffer            0x200000ae   Data           5  commsmasterslave.o(.data)
    sUSARTMasterSlaveRecordBufferCounter     0x200000b3   Data           1  commsmasterslave.o(.data)
    .data                                    0x200000b4   Section       24  commssteeringpwm.o(.data)
    .data                                    0x200000cc   Section       49  commsaccelerometer.o(.data)
    .data                                    0x20000100   Section       19  commsremote.o(.data)
    isRecordingDataPacket                    0x2000010f   Data           1  commsremote.o(.data)
    sUSARTRemote_MasterBoard_RecordBufferCounter 0x20000110   Data           1  commsremote.o(.data)
    .data                                    0x20000114   Section      108  navigator.o(.data)
    .data                                    0x20000180   Section        4  system_gd32f1x0.o(.data)
    .bss                                     0x20000184   Section     1600  main.o(.bss)
    .bss                                     0x200007c4   Section      132  setup.o(.bss)
    .bss                                     0x20000848   Section       22  commsaccelerometer.o(.bss)
    .bss                                     0x2000085e   Section        9  commsremote.o(.bss)
    sUSARTRemote_MasterBoard_RecordBuffer    0x2000085e   Data           9  commsremote.o(.bss)
    .bss                                     0x20000868   Section       96  libspace.o(.bss)
    HEAP                                     0x200008c8   Section     1024  startup_gd32f1x0.o(HEAP)
    Heap_Mem                                 0x200008c8   Data        1024  startup_gd32f1x0.o(HEAP)
    STACK                                    0x20000cc8   Section     1024  startup_gd32f1x0.o(STACK)
    Stack_Mem                                0x20000cc8   Data        1024  startup_gd32f1x0.o(STACK)
    __initial_sp                             0x200010c8   Data           0  startup_gd32f1x0.o(STACK)

    Global Symbols

    Symbol Name                              Value     Ov Type        Size  Object(Section)

    BuildAttributes$$THM_ISAv4$P$D$K$B$S$PE$A:L22UL41UL21$X:L11$S22US41US21$IEEE1$IW$USESV6$~STKCKD$USESV7$~SHL$OTIME$ROPI$IEEEX$EBA8$UX$STANDARDLIB$REQ8$PRES8$EABIv2 0x00000000   Number         0  anon$$obj.o ABSOLUTE
    __ARM_use_no_argv                        0x00000000   Number         0  main.o ABSOLUTE
    __ARM_exceptions_init                     - Undefined Weak Reference
    __alloca_initialize                       - Undefined Weak Reference
    __arm_preinit_                            - Undefined Weak Reference
    __cpp_initialize__aeabi_                  - Undefined Weak Reference
    __cxa_finalize                            - Undefined Weak Reference
    __rt_locale                               - Undefined Weak Reference
    __sigvec_lookup                           - Undefined Weak Reference
    _atexit_init                              - Undefined Weak Reference
    _call_atexit_fns                          - Undefined Weak Reference
    _clock_init                               - Undefined Weak Reference
    _fp_trap_init                             - Undefined Weak Reference
    _fp_trap_shutdown                         - Undefined Weak Reference
    _get_lc_collate                           - Undefined Weak Reference
    _get_lc_ctype                             - Undefined Weak Reference
    _get_lc_monetary                          - Undefined Weak Reference
    _get_lc_numeric                           - Undefined Weak Reference
    _get_lc_time                              - Undefined Weak Reference
    _getenv_init                              - Undefined Weak Reference
    _handle_redirection                       - Undefined Weak Reference
    _init_alloc                               - Undefined Weak Reference
    _init_user_alloc                          - Undefined Weak Reference
    _initio                                   - Undefined Weak Reference
    _rand_init                                - Undefined Weak Reference
    _signal_finish                            - Undefined Weak Reference
    _signal_init                              - Undefined Weak Reference
    _terminate_alloc                          - Undefined Weak Reference
    _terminate_user_alloc                     - Undefined Weak Reference
    _terminateio                              - Undefined Weak Reference
    __Vectors_Size                           0x00000168   Number         0  startup_gd32f1x0.o ABSOLUTE
    __Vectors                                0x08000000   Data           4  startup_gd32f1x0.o(RESET)
    __Vectors_End                            0x08000168   Data           0  startup_gd32f1x0.o(RESET)
    __main                                   0x08000169   Thumb Code     8  __main.o(!!!main)
    __scatterload                            0x08000171   Thumb Code     0  __scatter.o(!!!scatter)
    __scatterload_rt2                        0x08000171   Thumb Code    44  __scatter.o(!!!scatter)
    __scatterload_rt2_thumb_only             0x08000171   Thumb Code     0  __scatter.o(!!!scatter)
    __scatterload_null                       0x0800017f   Thumb Code     0  __scatter.o(!!!scatter)
    __decompress                             0x080001a5   Thumb Code    90  __dczerorl2.o(!!dczerorl2)
    __decompress1                            0x080001a5   Thumb Code     0  __dczerorl2.o(!!dczerorl2)
    __scatterload_zeroinit                   0x08000201   Thumb Code    28  __scatter_zi.o(!!handler_zi)
    __rt_lib_init                            0x0800021d   Thumb Code     0  libinit.o(.ARM.Collect$$libinit$$00000000)
    __rt_lib_init_alloca_1                   0x0800021f   Thumb Code     0  libinit2.o(.ARM.Collect$$libinit$$0000002E)
    __rt_lib_init_argv_1                     0x0800021f   Thumb Code     0  libinit2.o(.ARM.Collect$$libinit$$0000002C)
    __rt_lib_init_atexit_1                   0x0800021f   Thumb Code     0  libinit2.o(.ARM.Collect$$libinit$$0000001B)
    __rt_lib_init_clock_1                    0x0800021f   Thumb Code     0  libinit2.o(.ARM.Collect$$libinit$$00000021)
    __rt_lib_init_cpp_1                      0x0800021f   Thumb Code     0  libinit2.o(.ARM.Collect$$libinit$$00000032)
    __rt_lib_init_exceptions_1               0x0800021f   Thumb Code     0  libinit2.o(.ARM.Collect$$libinit$$00000030)
    __rt_lib_init_fp_1                       0x0800021f   Thumb Code     0  libinit2.o(.ARM.Collect$$libinit$$00000002)
    __rt_lib_init_fp_trap_1                  0x0800021f   Thumb Code     0  libinit2.o(.ARM.Collect$$libinit$$0000001F)
    __rt_lib_init_getenv_1                   0x0800021f   Thumb Code     0  libinit2.o(.ARM.Collect$$libinit$$00000023)
    __rt_lib_init_heap_1                     0x0800021f   Thumb Code     0  libinit2.o(.ARM.Collect$$libinit$$0000000A)
    __rt_lib_init_lc_collate_1               0x0800021f   Thumb Code     0  libinit2.o(.ARM.Collect$$libinit$$00000011)
    __rt_lib_init_lc_ctype_1                 0x0800021f   Thumb Code     0  libinit2.o(.ARM.Collect$$libinit$$00000013)
    __rt_lib_init_lc_monetary_1              0x0800021f   Thumb Code     0  libinit2.o(.ARM.Collect$$libinit$$00000015)
    __rt_lib_init_lc_numeric_1               0x0800021f   Thumb Code     0  libinit2.o(.ARM.Collect$$libinit$$00000017)
    __rt_lib_init_lc_time_1                  0x0800021f   Thumb Code     0  libinit2.o(.ARM.Collect$$libinit$$00000019)
    __rt_lib_init_preinit_1                  0x0800021f   Thumb Code     0  libinit2.o(.ARM.Collect$$libinit$$00000004)
    __rt_lib_init_rand_1                     0x0800021f   Thumb Code     0  libinit2.o(.ARM.Collect$$libinit$$0000000E)
    __rt_lib_init_return                     0x0800021f   Thumb Code     0  libinit2.o(.ARM.Collect$$libinit$$00000033)
    __rt_lib_init_signal_1                   0x0800021f   Thumb Code     0  libinit2.o(.ARM.Collect$$libinit$$0000001D)
    __rt_lib_init_stdio_1                    0x0800021f   Thumb Code     0  libinit2.o(.ARM.Collect$$libinit$$00000025)
    __rt_lib_init_user_alloc_1               0x0800021f   Thumb Code     0  libinit2.o(.ARM.Collect$$libinit$$0000000C)
    __rt_lib_shutdown                        0x08000221   Thumb Code     0  libshutdown.o(.ARM.Collect$$libshutdown$$00000000)
    __rt_lib_shutdown_cpp_1                  0x08000223   Thumb Code     0  libshutdown2.o(.ARM.Collect$$libshutdown$$00000002)
    __rt_lib_shutdown_fp_trap_1              0x08000223   Thumb Code     0  libshutdown2.o(.ARM.Collect$$libshutdown$$00000007)
    __rt_lib_shutdown_heap_1                 0x08000223   Thumb Code     0  libshutdown2.o(.ARM.Collect$$libshutdown$$0000000F)
    __rt_lib_shutdown_return                 0x08000223   Thumb Code     0  libshutdown2.o(.ARM.Collect$$libshutdown$$00000010)
    __rt_lib_shutdown_signal_1               0x08000223   Thumb Code     0  libshutdown2.o(.ARM.Collect$$libshutdown$$0000000A)
    __rt_lib_shutdown_stdio_1                0x08000223   Thumb Code     0  libshutdown2.o(.ARM.Collect$$libshutdown$$00000004)
    __rt_lib_shutdown_user_alloc_1           0x08000223   Thumb Code     0  libshutdown2.o(.ARM.Collect$$libshutdown$$0000000C)
    __rt_entry                               0x08000225   Thumb Code     0  __rtentry.o(.ARM.Collect$$rtentry$$00000000)
    __rt_entry_presh_1                       0x08000225   Thumb Code     0  __rtentry2.o(.ARM.Collect$$rtentry$$00000002)
    __rt_entry_sh                            0x08000225   Thumb Code     0  __rtentry4.o(.ARM.Collect$$rtentry$$00000004)
    __rt_entry_li                            0x0800022b   Thumb Code     0  __rtentry2.o(.ARM.Collect$$rtentry$$0000000A)
    __rt_entry_postsh_1                      0x0800022b   Thumb Code     0  __rtentry2.o(.ARM.Collect$$rtentry$$00000009)
    __rt_entry_main                          0x0800022f   Thumb Code     0  __rtentry2.o(.ARM.Collect$$rtentry$$0000000D)
    __rt_entry_postli_1                      0x0800022f   Thumb Code     0  __rtentry2.o(.ARM.Collect$$rtentry$$0000000C)
    __rt_exit                                0x08000237   Thumb Code     0  rtexit.o(.ARM.Collect$$rtexit$$00000000)
    __rt_exit_ls                             0x08000239   Thumb Code     0  rtexit2.o(.ARM.Collect$$rtexit$$00000003)
    __rt_exit_prels_1                        0x08000239   Thumb Code     0  rtexit2.o(.ARM.Collect$$rtexit$$00000002)
    __rt_exit_exit                           0x0800023d   Thumb Code     0  rtexit2.o(.ARM.Collect$$rtexit$$00000004)
    ShutOff                                  0x08000245   Thumb Code    84  main.o(.text)
    ShowBatteryState                         0x08000299   Thumb Code     2  main.o(.text)
    BeepsBackwards                           0x0800029b   Thumb Code    42  main.o(.text)
    main                                     0x080002c5   Thumb Code  1286  main.o(.text)
    SetEnable                                0x08000809   Thumb Code     6  bldc.o(.text)
    SetSpeed                                 0x0800080f   Thumb Code    34  bldc.o(.text)
    CalculateBLDC                            0x08000831   Thumb Code  1366  bldc.o(.text)
    go_to                                    0x08000d87   Thumb Code   166  bldc.o(.text)
    Interrupt_init                           0x08000e7d   Thumb Code    12  setup.o(.text)
    Watchdog_init                            0x08000e89   Thumb Code    54  setup.o(.text)
    TimeoutTimer_init                        0x08000ebf   Thumb Code    80  setup.o(.text)
    GPIO_init                                0x08000f0f   Thumb Code   950  setup.o(.text)
    PWM_init                                 0x080012c5   Thumb Code   356  setup.o(.text)
    ADC_init                                 0x08001429   Thumb Code   226  setup.o(.text)
    I2C_IMU_init                             0x0800150b   Thumb Code    40  setup.o(.text)
    USART_MasterSlave_init                   0x08001533   Thumb Code   206  setup.o(.text)
    USART_REMOTE_COM_init                    0x08001601   Thumb Code   264  setup.o(.text)
    ResetTimeout                             0x08001709   Thumb Code     8  it.o(.text)
    TIMER_1000ms                             0x08001711   Thumb Code     8  it.o(.text)
    TIMER_100ms                              0x08001719   Thumb Code    68  it.o(.text)
    TIMER_20ms                               0x0800175d   Thumb Code    36  it.o(.text)
    SysTick_Handler                          0x08001781   Thumb Code    12  it.o(.text)
    TIMER13_IRQHandler                       0x0800178d   Thumb Code    96  it.o(.text)
    TIMER0_BRK_UP_TRG_COM_IRQHandler         0x080017ed   Thumb Code    28  it.o(.text)
    DMA_Channel0_IRQHandler                  0x08001809   Thumb Code    26  it.o(.text)
    DMA_Channel1_2_IRQHandler                0x08001823   Thumb Code    26  it.o(.text)
    DMA_Channel3_4_IRQHandler                0x0800183d   Thumb Code    26  it.o(.text)
    millis                                   0x08001857   Thumb Code     6  it.o(.text)
    Delay                                    0x0800185d   Thumb Code    20  it.o(.text)
    NMI_Handler                              0x08001871   Thumb Code     2  it.o(.text)
    HardFault_Handler                        0x08001873   Thumb Code     4  it.o(.text)
    MemManage_Handler                        0x08001877   Thumb Code     4  it.o(.text)
    BusFault_Handler                         0x0800187b   Thumb Code     4  it.o(.text)
    UsageFault_Handler                       0x0800187f   Thumb Code     4  it.o(.text)
    SVC_Handler                              0x08001883   Thumb Code     2  it.o(.text)
    DebugMon_Handler                         0x08001885   Thumb Code     2  it.o(.text)
    PendSV_Handler                           0x08001887   Thumb Code     2  it.o(.text)
    SendBuffer                               0x080018b9   Thumb Code    50  comms.o(.text)
    CalcCRC                                  0x080018eb   Thumb Code    58  comms.o(.text)
    CheckUSARTMasterSlaveInput               0x08001925   Thumb Code   128  commsmasterslave.o(.text)
    UpdateUSARTMasterSlaveInput              0x080019a5   Thumb Code    70  commsmasterslave.o(.text)
    SendSlave                                0x080019eb   Thumb Code   226  commsmasterslave.o(.text)
    checkInterlockInputs                     0x08001af1   Thumb Code    34  commsinterlocks.o(.text)
    CheckPWMRemoteControlInput               0x08001b1d   Thumb Code   670  commssteeringpwm.o(.text)
    GetAccelerometerData                     0x08001de9   Thumb Code  2556  commsaccelerometer.o(.text)
    Send_Data_over_REMOTE_serialPort_of_MasterBoard 0x08002821   Thumb Code     2  commsremote.o(.text)
    CheckUSART_Remote_MasterBoard_Input      0x08002823   Thumb Code    24  commsremote.o(.text)
    UpdateUSART_REMOTE_MASTER_BOARD_Input    0x0800283b   Thumb Code    76  commsremote.o(.text)
    move                                     0x08002899   Thumb Code   162  navigator.o(.text)
    checkNavigationStatus                    0x0800293b   Thumb Code   124  navigator.o(.text)
    stopNavigator                            0x080029b7   Thumb Code    36  navigator.o(.text)
    isNavigatorRunning                       0x080029db   Thumb Code    28  navigator.o(.text)
    adc_deinit                               0x08002a21   Thumb Code    20  gd32f1x0_adc.o(.text)
    adc_enable                               0x08002a35   Thumb Code    24  gd32f1x0_adc.o(.text)
    adc_disable                              0x08002a4d   Thumb Code    14  gd32f1x0_adc.o(.text)
    adc_calibration_enable                   0x08002a5b   Thumb Code    54  gd32f1x0_adc.o(.text)
    adc_dma_mode_enable                      0x08002a91   Thumb Code    14  gd32f1x0_adc.o(.text)
    adc_dma_mode_disable                     0x08002a9f   Thumb Code    14  gd32f1x0_adc.o(.text)
    adc_tempsensor_vrefint_enable            0x08002aad   Thumb Code    14  gd32f1x0_adc.o(.text)
    adc_tempsensor_vrefint_disable           0x08002abb   Thumb Code    14  gd32f1x0_adc.o(.text)
    adc_vbat_enable                          0x08002ac9   Thumb Code    14  gd32f1x0_adc.o(.text)
    adc_vbat_disable                         0x08002ad7   Thumb Code    14  gd32f1x0_adc.o(.text)
    adc_discontinuous_mode_config            0x08002ae5   Thumb Code    94  gd32f1x0_adc.o(.text)
    adc_special_function_config              0x08002b43   Thumb Code   130  gd32f1x0_adc.o(.text)
    adc_data_alignment_config                0x08002bc5   Thumb Code    30  gd32f1x0_adc.o(.text)
    adc_channel_length_config                0x08002be3   Thumb Code    88  gd32f1x0_adc.o(.text)
    adc_regular_channel_config               0x08002c3b   Thumb Code   218  gd32f1x0_adc.o(.text)
    adc_inserted_channel_config              0x08002d15   Thumb Code   146  gd32f1x0_adc.o(.text)
    adc_inserted_channel_offset_config       0x08002da7   Thumb Code    42  gd32f1x0_adc.o(.text)
    adc_external_trigger_config              0x08002dd1   Thumb Code    88  gd32f1x0_adc.o(.text)
    adc_external_trigger_source_config       0x08002e29   Thumb Code    60  gd32f1x0_adc.o(.text)
    adc_software_trigger_enable              0x08002e65   Thumb Code    38  gd32f1x0_adc.o(.text)
    adc_regular_data_read                    0x08002e8b   Thumb Code    10  gd32f1x0_adc.o(.text)
    adc_inserted_data_read                   0x08002e95   Thumb Code    60  gd32f1x0_adc.o(.text)
    adc_flag_get                             0x08002ed1   Thumb Code    18  gd32f1x0_adc.o(.text)
    adc_flag_clear                           0x08002ee3   Thumb Code    16  gd32f1x0_adc.o(.text)
    adc_interrupt_flag_get                   0x08002ef3   Thumb Code   108  gd32f1x0_adc.o(.text)
    adc_interrupt_flag_clear                 0x08002f5f   Thumb Code    16  gd32f1x0_adc.o(.text)
    adc_interrupt_enable                     0x08002f6f   Thumb Code    68  gd32f1x0_adc.o(.text)
    adc_interrupt_disable                    0x08002fb3   Thumb Code    68  gd32f1x0_adc.o(.text)
    adc_watchdog_single_channel_enable       0x08002ff7   Thumb Code    40  gd32f1x0_adc.o(.text)
    adc_watchdog_group_channel_enable        0x0800301f   Thumb Code    92  gd32f1x0_adc.o(.text)
    adc_watchdog_disable                     0x0800307b   Thumb Code    18  gd32f1x0_adc.o(.text)
    adc_watchdog_threshold_config            0x0800308d   Thumb Code    12  gd32f1x0_adc.o(.text)
    dma_deinit                               0x080030a5   Thumb Code    88  gd32f1x0_dma.o(.text)
    dma_init                                 0x080030fd   Thumb Code   270  gd32f1x0_dma.o(.text)
    dma_circulation_enable                   0x0800320b   Thumb Code    30  gd32f1x0_dma.o(.text)
    dma_circulation_disable                  0x08003229   Thumb Code    30  gd32f1x0_dma.o(.text)
    dma_memory_to_memory_enable              0x08003247   Thumb Code    30  gd32f1x0_dma.o(.text)
    dma_memory_to_memory_disable             0x08003265   Thumb Code    30  gd32f1x0_dma.o(.text)
    dma_channel_enable                       0x08003283   Thumb Code    30  gd32f1x0_dma.o(.text)
    dma_channel_disable                      0x080032a1   Thumb Code    30  gd32f1x0_dma.o(.text)
    dma_periph_address_config                0x080032bf   Thumb Code    14  gd32f1x0_dma.o(.text)
    dma_memory_address_config                0x080032cd   Thumb Code    14  gd32f1x0_dma.o(.text)
    dma_transfer_number_config               0x080032db   Thumb Code    14  gd32f1x0_dma.o(.text)
    dma_transfer_number_get                  0x080032e9   Thumb Code    16  gd32f1x0_dma.o(.text)
    dma_priority_config                      0x080032f9   Thumb Code    34  gd32f1x0_dma.o(.text)
    dma_memory_width_config                  0x0800331b   Thumb Code    34  gd32f1x0_dma.o(.text)
    dma_periph_width_config                  0x0800333d   Thumb Code    34  gd32f1x0_dma.o(.text)
    dma_memory_increase_enable               0x0800335f   Thumb Code    30  gd32f1x0_dma.o(.text)
    dma_memory_increase_disable              0x0800337d   Thumb Code    30  gd32f1x0_dma.o(.text)
    dma_periph_increase_enable               0x0800339b   Thumb Code    30  gd32f1x0_dma.o(.text)
    dma_periph_increase_disable              0x080033b9   Thumb Code    30  gd32f1x0_dma.o(.text)
    dma_transfer_direction_config            0x080033d7   Thumb Code    64  gd32f1x0_dma.o(.text)
    dma_interrupt_flag_get                   0x08003417   Thumb Code   196  gd32f1x0_dma.o(.text)
    dma_interrupt_flag_clear                 0x080034db   Thumb Code    18  gd32f1x0_dma.o(.text)
    dma_interrupt_enable                     0x080034ed   Thumb Code    30  gd32f1x0_dma.o(.text)
    dma_interrupt_disable                    0x0800350b   Thumb Code    30  gd32f1x0_dma.o(.text)
    dma_flag_get                             0x08003529   Thumb Code    26  gd32f1x0_dma.o(.text)
    dma_flag_clear                           0x08003543   Thumb Code    18  gd32f1x0_dma.o(.text)
    fwdgt_write_disable                      0x08003559   Thumb Code     8  gd32f1x0_fwdgt.o(.text)
    fwdgt_counter_reload                     0x08003561   Thumb Code    10  gd32f1x0_fwdgt.o(.text)
    fwdgt_enable                             0x0800356b   Thumb Code    10  gd32f1x0_fwdgt.o(.text)
    fwdgt_window_value_config                0x08003575   Thumb Code    54  gd32f1x0_fwdgt.o(.text)
    fwdgt_config                             0x080035ab   Thumb Code    94  gd32f1x0_fwdgt.o(.text)
    fwdgt_flag_get                           0x08003609   Thumb Code    18  gd32f1x0_fwdgt.o(.text)
    gpio_deinit                              0x08003625   Thumb Code   140  gd32f1x0_gpio.o(.text)
    gpio_mode_set                            0x080036b1   Thumb Code    78  gd32f1x0_gpio.o(.text)
    gpio_output_options_set                  0x080036ff   Thumb Code    66  gd32f1x0_gpio.o(.text)
    gpio_bit_set                             0x08003741   Thumb Code     4  gd32f1x0_gpio.o(.text)
    gpio_bit_reset                           0x08003745   Thumb Code     4  gd32f1x0_gpio.o(.text)
    gpio_bit_write                           0x08003749   Thumb Code    10  gd32f1x0_gpio.o(.text)
    gpio_port_write                          0x08003753   Thumb Code     4  gd32f1x0_gpio.o(.text)
    gpio_input_bit_get                       0x08003757   Thumb Code    16  gd32f1x0_gpio.o(.text)
    gpio_input_port_get                      0x08003767   Thumb Code     8  gd32f1x0_gpio.o(.text)
    gpio_output_bit_get                      0x0800376f   Thumb Code    16  gd32f1x0_gpio.o(.text)
    gpio_output_port_get                     0x0800377f   Thumb Code     8  gd32f1x0_gpio.o(.text)
    gpio_af_set                              0x08003787   Thumb Code    94  gd32f1x0_gpio.o(.text)
    gpio_pin_lock                            0x080037e5   Thumb Code    18  gd32f1x0_gpio.o(.text)
    i2c_deinit                               0x08003801   Thumb Code    60  gd32f1x0_i2c.o(.text)
    i2c_clock_config                         0x0800383d   Thumb Code   204  gd32f1x0_i2c.o(.text)
    i2c_mode_addr_config                     0x08003909   Thumb Code    24  gd32f1x0_i2c.o(.text)
    i2c_smbus_type_config                    0x08003921   Thumb Code    24  gd32f1x0_i2c.o(.text)
    i2c_ack_config                           0x08003939   Thumb Code    24  gd32f1x0_i2c.o(.text)
    i2c_ackpos_config                        0x08003951   Thumb Code    22  gd32f1x0_i2c.o(.text)
    i2c_master_addressing                    0x08003967   Thumb Code    20  gd32f1x0_i2c.o(.text)
    i2c_dualaddr_enable                      0x0800397b   Thumb Code    24  gd32f1x0_i2c.o(.text)
    i2c_enable                               0x08003993   Thumb Code    10  gd32f1x0_i2c.o(.text)
    i2c_disable                              0x0800399d   Thumb Code    10  gd32f1x0_i2c.o(.text)
    i2c_start_on_bus                         0x080039a7   Thumb Code    10  gd32f1x0_i2c.o(.text)
    i2c_stop_on_bus                          0x080039b1   Thumb Code    10  gd32f1x0_i2c.o(.text)
    i2c_data_transmit                        0x080039bb   Thumb Code     6  gd32f1x0_i2c.o(.text)
    i2c_data_receive                         0x080039c1   Thumb Code     8  gd32f1x0_i2c.o(.text)
    i2c_dma_enable                           0x080039c9   Thumb Code    16  gd32f1x0_i2c.o(.text)
    i2c_dma_last_transfer_enable             0x080039d9   Thumb Code    16  gd32f1x0_i2c.o(.text)
    i2c_stretch_scl_low_config               0x080039e9   Thumb Code    16  gd32f1x0_i2c.o(.text)
    i2c_slave_response_to_gcall_config       0x080039f9   Thumb Code    16  gd32f1x0_i2c.o(.text)
    i2c_software_reset_config                0x08003a09   Thumb Code    16  gd32f1x0_i2c.o(.text)
    i2c_flag_get                             0x08003a19   Thumb Code    50  gd32f1x0_i2c.o(.text)
    i2c_flag_clear                           0x08003a4b   Thumb Code    18  gd32f1x0_i2c.o(.text)
    i2c_interrupt_enable                     0x08003a5d   Thumb Code     8  gd32f1x0_i2c.o(.text)
    i2c_interrupt_disable                    0x08003a65   Thumb Code     8  gd32f1x0_i2c.o(.text)
    i2c_interrupt_flag_get                   0x08003a6d   Thumb Code    94  gd32f1x0_i2c.o(.text)
    i2c_interrupt_flag_clear                 0x08003acb   Thumb Code    18  gd32f1x0_i2c.o(.text)
    i2c_pec_enable                           0x08003add   Thumb Code    16  gd32f1x0_i2c.o(.text)
    i2c_pec_transfer_enable                  0x08003aed   Thumb Code    16  gd32f1x0_i2c.o(.text)
    i2c_pec_value_get                        0x08003afd   Thumb Code    10  gd32f1x0_i2c.o(.text)
    i2c_smbus_issue_alert                    0x08003b07   Thumb Code    16  gd32f1x0_i2c.o(.text)
    i2c_smbus_arp_enable                     0x08003b17   Thumb Code    16  gd32f1x0_i2c.o(.text)
    nvic_priority_group_set                  0x08003b39   Thumb Code    10  gd32f1x0_misc.o(.text)
    nvic_irq_enable                          0x08003b43   Thumb Code   156  gd32f1x0_misc.o(.text)
    nvic_irq_disable                         0x08003bdf   Thumb Code    18  gd32f1x0_misc.o(.text)
    nvic_vector_table_set                    0x08003bf1   Thumb Code    14  gd32f1x0_misc.o(.text)
    system_lowpower_set                      0x08003bff   Thumb Code    16  gd32f1x0_misc.o(.text)
    system_lowpower_reset                    0x08003c0f   Thumb Code    16  gd32f1x0_misc.o(.text)
    systick_clksource_set                    0x08003c1f   Thumb Code    40  gd32f1x0_misc.o(.text)
    rcu_deinit                               0x08003c5d   Thumb Code   112  gd32f1x0_rcu.o(.text)
    rcu_periph_clock_enable                  0x08003ccd   Thumb Code    28  gd32f1x0_rcu.o(.text)
    rcu_periph_clock_disable                 0x08003ce9   Thumb Code    28  gd32f1x0_rcu.o(.text)
    rcu_periph_clock_sleep_enable            0x08003d05   Thumb Code    28  gd32f1x0_rcu.o(.text)
    rcu_periph_clock_sleep_disable           0x08003d21   Thumb Code    28  gd32f1x0_rcu.o(.text)
    rcu_periph_reset_enable                  0x08003d3d   Thumb Code    28  gd32f1x0_rcu.o(.text)
    rcu_periph_reset_disable                 0x08003d59   Thumb Code    28  gd32f1x0_rcu.o(.text)
    rcu_bkp_reset_enable                     0x08003d75   Thumb Code    14  gd32f1x0_rcu.o(.text)
    rcu_bkp_reset_disable                    0x08003d83   Thumb Code    14  gd32f1x0_rcu.o(.text)
    rcu_system_clock_source_config           0x08003d91   Thumb Code    22  gd32f1x0_rcu.o(.text)
    rcu_system_clock_source_get              0x08003da7   Thumb Code    10  gd32f1x0_rcu.o(.text)
    rcu_ahb_clock_config                     0x08003db1   Thumb Code    22  gd32f1x0_rcu.o(.text)
    rcu_apb1_clock_config                    0x08003dc7   Thumb Code    22  gd32f1x0_rcu.o(.text)
    rcu_apb2_clock_config                    0x08003ddd   Thumb Code    22  gd32f1x0_rcu.o(.text)
    rcu_adc_clock_config                     0x08003df3   Thumb Code   148  gd32f1x0_rcu.o(.text)
    rcu_usbd_clock_config                    0x08003e87   Thumb Code    22  gd32f1x0_rcu.o(.text)
    rcu_ckout_config                         0x08003e9d   Thumb Code    24  gd32f1x0_rcu.o(.text)
    rcu_pll_config                           0x08003eb5   Thumb Code    28  gd32f1x0_rcu.o(.text)
    rcu_usart_clock_config                   0x08003ed1   Thumb Code    22  gd32f1x0_rcu.o(.text)
    rcu_cec_clock_config                     0x08003ee7   Thumb Code    22  gd32f1x0_rcu.o(.text)
    rcu_rtc_clock_config                     0x08003efd   Thumb Code    22  gd32f1x0_rcu.o(.text)
    rcu_hxtal_prediv_config                  0x08003f13   Thumb Code    20  gd32f1x0_rcu.o(.text)
    rcu_lxtal_drive_capability_config        0x08003f27   Thumb Code    22  gd32f1x0_rcu.o(.text)
    rcu_flag_get                             0x08003f3d   Thumb Code    30  gd32f1x0_rcu.o(.text)
    rcu_all_reset_flag_clear                 0x08003f5b   Thumb Code    14  gd32f1x0_rcu.o(.text)
    rcu_interrupt_flag_get                   0x08003f69   Thumb Code    18  gd32f1x0_rcu.o(.text)
    rcu_interrupt_flag_clear                 0x08003f7b   Thumb Code    12  gd32f1x0_rcu.o(.text)
    rcu_interrupt_enable                     0x08003f87   Thumb Code    12  gd32f1x0_rcu.o(.text)
    rcu_interrupt_disable                    0x08003f93   Thumb Code    12  gd32f1x0_rcu.o(.text)
    rcu_osci_stab_wait                       0x08003f9f   Thumb Code   284  gd32f1x0_rcu.o(.text)
    rcu_osci_on                              0x080040bb   Thumb Code    28  gd32f1x0_rcu.o(.text)
    rcu_osci_off                             0x080040d7   Thumb Code    28  gd32f1x0_rcu.o(.text)
    rcu_osci_bypass_mode_enable              0x080040f3   Thumb Code    94  gd32f1x0_rcu.o(.text)
    rcu_osci_bypass_mode_disable             0x08004151   Thumb Code    94  gd32f1x0_rcu.o(.text)
    rcu_hxtal_clock_monitor_enable           0x080041af   Thumb Code    14  gd32f1x0_rcu.o(.text)
    rcu_hxtal_clock_monitor_disable          0x080041bd   Thumb Code    14  gd32f1x0_rcu.o(.text)
    rcu_irc8m_adjust_value_set               0x080041cb   Thumb Code    20  gd32f1x0_rcu.o(.text)
    rcu_irc14m_adjust_value_set              0x080041df   Thumb Code    20  gd32f1x0_rcu.o(.text)
    rcu_voltage_key_unlock                   0x080041f3   Thumb Code    28  gd32f1x0_rcu.o(.text)
    rcu_deepsleep_voltage_set                0x0800420f   Thumb Code    30  gd32f1x0_rcu.o(.text)
    rcu_power_down_voltage_set               0x0800422d   Thumb Code    30  gd32f1x0_rcu.o(.text)
    rcu_clock_freq_get                       0x0800424b   Thumb Code   690  gd32f1x0_rcu.o(.text)
    timer_deinit                             0x08004505   Thumb Code   210  gd32f1x0_timer.o(.text)
    timer_init                               0x080045d7   Thumb Code   126  gd32f1x0_timer.o(.text)
    timer_enable                             0x08004655   Thumb Code    10  gd32f1x0_timer.o(.text)
    timer_disable                            0x0800465f   Thumb Code    10  gd32f1x0_timer.o(.text)
    timer_auto_reload_shadow_enable          0x08004669   Thumb Code    10  gd32f1x0_timer.o(.text)
    timer_auto_reload_shadow_disable         0x08004673   Thumb Code    10  gd32f1x0_timer.o(.text)
    timer_update_event_enable                0x0800467d   Thumb Code    10  gd32f1x0_timer.o(.text)
    timer_update_event_disable               0x08004687   Thumb Code    10  gd32f1x0_timer.o(.text)
    timer_counter_alignment                  0x08004691   Thumb Code    16  gd32f1x0_timer.o(.text)
    timer_counter_up_direction               0x080046a1   Thumb Code    14  gd32f1x0_timer.o(.text)
    timer_counter_down_direction             0x080046af   Thumb Code    18  gd32f1x0_timer.o(.text)
    timer_prescaler_config                   0x080046c1   Thumb Code    14  gd32f1x0_timer.o(.text)
    timer_repetition_value_config            0x080046cf   Thumb Code     4  gd32f1x0_timer.o(.text)
    timer_autoreload_value_config            0x080046d3   Thumb Code     4  gd32f1x0_timer.o(.text)
    timer_counter_value_config               0x080046d7   Thumb Code     4  gd32f1x0_timer.o(.text)
    timer_counter_read                       0x080046db   Thumb Code     8  gd32f1x0_timer.o(.text)
    timer_prescaler_read                     0x080046e3   Thumb Code    10  gd32f1x0_timer.o(.text)
    timer_single_pulse_mode_config           0x080046ed   Thumb Code    26  gd32f1x0_timer.o(.text)
    timer_update_source_config               0x08004707   Thumb Code    26  gd32f1x0_timer.o(.text)
    timer_interrupt_enable                   0x08004721   Thumb Code     8  gd32f1x0_timer.o(.text)
    timer_interrupt_disable                  0x08004729   Thumb Code     8  gd32f1x0_timer.o(.text)
    timer_interrupt_flag_get                 0x08004731   Thumb Code    32  gd32f1x0_timer.o(.text)
    timer_interrupt_flag_clear               0x08004751   Thumb Code     8  gd32f1x0_timer.o(.text)
    timer_flag_get                           0x08004759   Thumb Code    18  gd32f1x0_timer.o(.text)
    timer_flag_clear                         0x0800476b   Thumb Code     8  gd32f1x0_timer.o(.text)
    timer_dma_enable                         0x08004773   Thumb Code     8  gd32f1x0_timer.o(.text)
    timer_dma_disable                        0x0800477b   Thumb Code     8  gd32f1x0_timer.o(.text)
    timer_channel_dma_request_source_select  0x08004783   Thumb Code    26  gd32f1x0_timer.o(.text)
    timer_dma_transfer_config                0x0800479d   Thumb Code    24  gd32f1x0_timer.o(.text)
    timer_event_software_generate            0x080047b5   Thumb Code     8  gd32f1x0_timer.o(.text)
    timer_break_config                       0x080047bd   Thumb Code    30  gd32f1x0_timer.o(.text)
    timer_break_enable                       0x080047db   Thumb Code    10  gd32f1x0_timer.o(.text)
    timer_break_disable                      0x080047e5   Thumb Code     8  gd32f1x0_timer.o(.text)
    timer_automatic_output_enable            0x080047ed   Thumb Code    10  gd32f1x0_timer.o(.text)
    timer_automatic_output_disable           0x080047f7   Thumb Code     8  gd32f1x0_timer.o(.text)
    timer_primary_output_config              0x080047ff   Thumb Code    22  gd32f1x0_timer.o(.text)
    timer_channel_control_shadow_config      0x08004815   Thumb Code    22  gd32f1x0_timer.o(.text)
    timer_channel_control_shadow_update_config 0x0800482b   Thumb Code    26  gd32f1x0_timer.o(.text)
    timer_channel_output_config              0x08004845   Thumb Code   472  gd32f1x0_timer.o(.text)
    timer_channel_output_mode_config         0x08004a1d   Thumb Code    90  gd32f1x0_timer.o(.text)
    timer_channel_output_pulse_value_config  0x08004a77   Thumb Code    38  gd32f1x0_timer.o(.text)
    timer_channel_output_shadow_config       0x08004a9d   Thumb Code    90  gd32f1x0_timer.o(.text)
    timer_channel_output_fast_config         0x08004af7   Thumb Code    90  gd32f1x0_timer.o(.text)
    timer_channel_output_clear_config        0x08004b51   Thumb Code    90  gd32f1x0_timer.o(.text)
    timer_channel_output_polarity_config     0x08004bab   Thumb Code    92  gd32f1x0_timer.o(.text)
    timer_channel_complementary_output_polarity_config 0x08004c07   Thumb Code    70  gd32f1x0_timer.o(.text)
    timer_ocpre_clear_source_config          0x08004c4d   Thumb Code    26  gd32f1x0_timer.o(.text)
    timer_channel_output_state_config        0x08004c67   Thumb Code    92  gd32f1x0_timer.o(.text)
    timer_channel_complementary_output_state_config 0x08004cc3   Thumb Code    70  gd32f1x0_timer.o(.text)
    timer_channel_input_capture_prescaler_config 0x08004d09   Thumb Code    90  gd32f1x0_timer.o(.text)
    timer_input_capture_config               0x08004d63   Thumb Code   332  gd32f1x0_timer.o(.text)
    timer_channel_capture_value_register_read 0x08004eaf   Thumb Code    42  gd32f1x0_timer.o(.text)
    timer_input_pwm_capture_config           0x08004ed9   Thumb Code   352  gd32f1x0_timer.o(.text)
    timer_hall_mode_config                   0x08005039   Thumb Code    26  gd32f1x0_timer.o(.text)
    timer_input_trigger_source_select        0x08005053   Thumb Code    16  gd32f1x0_timer.o(.text)
    timer_master_output_trigger_source_select 0x08005063   Thumb Code    16  gd32f1x0_timer.o(.text)
    timer_slave_mode_select                  0x08005073   Thumb Code    16  gd32f1x0_timer.o(.text)
    timer_master_slave_mode_config           0x08005083   Thumb Code    26  gd32f1x0_timer.o(.text)
    timer_external_trigger_config            0x0800509d   Thumb Code    30  gd32f1x0_timer.o(.text)
    timer_quadrature_decoder_mode_config     0x080050bb   Thumb Code    64  gd32f1x0_timer.o(.text)
    timer_internal_clock_config              0x080050fb   Thumb Code     8  gd32f1x0_timer.o(.text)
    timer_internal_trigger_as_external_clock_config 0x08005103   Thumb Code    32  gd32f1x0_timer.o(.text)
    timer_external_trigger_as_external_clock_config 0x08005123   Thumb Code   164  gd32f1x0_timer.o(.text)
    timer_external_clock_mode0_config        0x080051c7   Thumb Code    56  gd32f1x0_timer.o(.text)
    timer_external_clock_mode1_config        0x080051ff   Thumb Code    32  gd32f1x0_timer.o(.text)
    timer_external_clock_mode1_disable       0x0800521f   Thumb Code    10  gd32f1x0_timer.o(.text)
    timer_channel_remap_config               0x08005229   Thumb Code     6  gd32f1x0_timer.o(.text)
    usart_deinit                             0x08005231   Thumb Code    58  gd32f1x0_usart.o(.text)
    usart_baudrate_set                       0x0800526b   Thumb Code   120  gd32f1x0_usart.o(.text)
    usart_parity_config                      0x080052e3   Thumb Code    24  gd32f1x0_usart.o(.text)
    usart_word_length_set                    0x080052fb   Thumb Code    24  gd32f1x0_usart.o(.text)
    usart_stop_bit_set                       0x08005313   Thumb Code    24  gd32f1x0_usart.o(.text)
    usart_enable                             0x0800532b   Thumb Code    10  gd32f1x0_usart.o(.text)
    usart_disable                            0x08005335   Thumb Code    10  gd32f1x0_usart.o(.text)
    usart_transmit_config                    0x0800533f   Thumb Code    16  gd32f1x0_usart.o(.text)
    usart_receive_config                     0x0800534f   Thumb Code    16  gd32f1x0_usart.o(.text)
    usart_data_transmit                      0x0800535f   Thumb Code     8  gd32f1x0_usart.o(.text)
    usart_data_receive                       0x08005367   Thumb Code    10  gd32f1x0_usart.o(.text)
    usart_data_first_config                  0x08005371   Thumb Code    28  gd32f1x0_usart.o(.text)
    usart_invert_config                      0x0800538d   Thumb Code   110  gd32f1x0_usart.o(.text)
    usart_overrun_enable                     0x080053fb   Thumb Code    18  gd32f1x0_usart.o(.text)
    usart_overrun_disable                    0x0800540d   Thumb Code    18  gd32f1x0_usart.o(.text)
    usart_oversample_config                  0x0800541f   Thumb Code    24  gd32f1x0_usart.o(.text)
    usart_sample_bit_config                  0x08005437   Thumb Code    24  gd32f1x0_usart.o(.text)
    usart_autobaud_detection_enable          0x0800544f   Thumb Code    10  gd32f1x0_usart.o(.text)
    usart_autobaud_detection_disable         0x08005459   Thumb Code    10  gd32f1x0_usart.o(.text)
    usart_autobaud_detection_mode_config     0x08005463   Thumb Code    16  gd32f1x0_usart.o(.text)
    usart_mute_mode_enable                   0x08005473   Thumb Code    10  gd32f1x0_usart.o(.text)
    usart_mute_mode_disable                  0x0800547d   Thumb Code    10  gd32f1x0_usart.o(.text)
    usart_mute_mode_wakeup_config            0x08005487   Thumb Code    24  gd32f1x0_usart.o(.text)
    usart_address_detection_mode_config      0x0800549f   Thumb Code    28  gd32f1x0_usart.o(.text)
    usart_address_config                     0x080054bb   Thumb Code    32  gd32f1x0_usart.o(.text)
    usart_receiver_timeout_enable            0x080054db   Thumb Code    10  gd32f1x0_usart.o(.text)
    usart_receiver_timeout_disable           0x080054e5   Thumb Code    10  gd32f1x0_usart.o(.text)
    usart_receiver_timeout_config            0x080054ef   Thumb Code    16  gd32f1x0_usart.o(.text)
    usart_lin_mode_enable                    0x080054ff   Thumb Code    18  gd32f1x0_usart.o(.text)
    usart_lin_mode_disable                   0x08005511   Thumb Code    18  gd32f1x0_usart.o(.text)
    usart_lin_break_dection_length_config    0x08005523   Thumb Code    20  gd32f1x0_usart.o(.text)
    usart_halfduplex_enable                  0x08005537   Thumb Code    18  gd32f1x0_usart.o(.text)
    usart_halfduplex_disable                 0x08005549   Thumb Code    18  gd32f1x0_usart.o(.text)
    usart_clock_enable                       0x0800555b   Thumb Code    18  gd32f1x0_usart.o(.text)
    usart_clock_disable                      0x0800556d   Thumb Code    18  gd32f1x0_usart.o(.text)
    usart_synchronous_clock_config           0x0800557f   Thumb Code    50  gd32f1x0_usart.o(.text)
    usart_smartcard_mode_enable              0x080055b1   Thumb Code    18  gd32f1x0_usart.o(.text)
    usart_smartcard_mode_disable             0x080055c3   Thumb Code    18  gd32f1x0_usart.o(.text)
    usart_smartcard_mode_nack_enable         0x080055d5   Thumb Code    18  gd32f1x0_usart.o(.text)
    usart_smartcard_mode_nack_disable        0x080055e7   Thumb Code    18  gd32f1x0_usart.o(.text)
    usart_guard_time_config                  0x080055f9   Thumb Code    36  gd32f1x0_usart.o(.text)
    usart_block_length_config                0x0800561d   Thumb Code    24  gd32f1x0_usart.o(.text)
    usart_smartcard_autoretry_config         0x08005635   Thumb Code    32  gd32f1x0_usart.o(.text)
    usart_irda_mode_enable                   0x08005655   Thumb Code    18  gd32f1x0_usart.o(.text)
    usart_irda_mode_disable                  0x08005667   Thumb Code    18  gd32f1x0_usart.o(.text)
    usart_irda_lowpower_config               0x08005679   Thumb Code    20  gd32f1x0_usart.o(.text)
    usart_prescaler_config                   0x0800568d   Thumb Code    24  gd32f1x0_usart.o(.text)
    usart_hardware_flow_rts_config           0x080056a5   Thumb Code    24  gd32f1x0_usart.o(.text)
    usart_hardware_flow_cts_config           0x080056bd   Thumb Code    24  gd32f1x0_usart.o(.text)
    usart_rs485_driver_enable                0x080056d5   Thumb Code    18  gd32f1x0_usart.o(.text)
    usart_rs485_driver_disable               0x080056e7   Thumb Code    18  gd32f1x0_usart.o(.text)
    usart_driver_assertime_config            0x080056f9   Thumb Code    32  gd32f1x0_usart.o(.text)
    usart_driver_deassertime_config          0x08005719   Thumb Code    32  gd32f1x0_usart.o(.text)
    usart_depolarity_config                  0x08005739   Thumb Code    28  gd32f1x0_usart.o(.text)
    usart_dma_receive_config                 0x08005755   Thumb Code    16  gd32f1x0_usart.o(.text)
    usart_dma_transmit_config                0x08005765   Thumb Code    16  gd32f1x0_usart.o(.text)
    usart_reception_error_dma_disable        0x08005775   Thumb Code    18  gd32f1x0_usart.o(.text)
    usart_reception_error_dma_enable         0x08005787   Thumb Code    18  gd32f1x0_usart.o(.text)
    usart_wakeup_enable                      0x08005799   Thumb Code    10  gd32f1x0_usart.o(.text)
    usart_wakeup_disable                     0x080057a3   Thumb Code    10  gd32f1x0_usart.o(.text)
    usart_wakeup_mode_config                 0x080057ad   Thumb Code    28  gd32f1x0_usart.o(.text)
    usart_flag_get                           0x080057c9   Thumb Code    30  gd32f1x0_usart.o(.text)
    usart_flag_clear                         0x080057e7   Thumb Code    18  gd32f1x0_usart.o(.text)
    usart_interrupt_enable                   0x080057f9   Thumb Code    26  gd32f1x0_usart.o(.text)
    usart_interrupt_disable                  0x08005813   Thumb Code    26  gd32f1x0_usart.o(.text)
    usart_command_enable                     0x0800582d   Thumb Code     8  gd32f1x0_usart.o(.text)
    usart_interrupt_flag_get                 0x08005835   Thumb Code    56  gd32f1x0_usart.o(.text)
    usart_interrupt_flag_clear               0x0800586d   Thumb Code    18  gd32f1x0_usart.o(.text)
    Reset_Handler                            0x08005881   Thumb Code     8  startup_gd32f1x0.o(.text)
    ADC_CMP_IRQHandler                       0x0800589b   Thumb Code     0  startup_gd32f1x0.o(.text)
    CAN0_RX0_IRQHandler                      0x0800589b   Thumb Code     0  startup_gd32f1x0.o(.text)
    CAN0_RX1_IRQHandler                      0x0800589b   Thumb Code     0  startup_gd32f1x0.o(.text)
    CAN0_SCE_IRQHandler                      0x0800589b   Thumb Code     0  startup_gd32f1x0.o(.text)
    CAN0_TX_IRQHandler                       0x0800589b   Thumb Code     0  startup_gd32f1x0.o(.text)
    CAN1_RX0_IRQHandler                      0x0800589b   Thumb Code     0  startup_gd32f1x0.o(.text)
    CAN1_RX1_IRQHandler                      0x0800589b   Thumb Code     0  startup_gd32f1x0.o(.text)
    CAN1_SCE_IRQHandler                      0x0800589b   Thumb Code     0  startup_gd32f1x0.o(.text)
    CAN1_TX_IRQHandler                       0x0800589b   Thumb Code     0  startup_gd32f1x0.o(.text)
    CEC_IRQHandler                           0x0800589b   Thumb Code     0  startup_gd32f1x0.o(.text)
    DMA_Channel5_6_IRQHandler                0x0800589b   Thumb Code     0  startup_gd32f1x0.o(.text)
    EXTI0_1_IRQHandler                       0x0800589b   Thumb Code     0  startup_gd32f1x0.o(.text)
    EXTI2_3_IRQHandler                       0x0800589b   Thumb Code     0  startup_gd32f1x0.o(.text)
    EXTI4_15_IRQHandler                      0x0800589b   Thumb Code     0  startup_gd32f1x0.o(.text)
    FMC_IRQHandler                           0x0800589b   Thumb Code     0  startup_gd32f1x0.o(.text)
    I2C0_ER_IRQHandler                       0x0800589b   Thumb Code     0  startup_gd32f1x0.o(.text)
    I2C0_EV_IRQHandler                       0x0800589b   Thumb Code     0  startup_gd32f1x0.o(.text)
    I2C1_ER_IRQHandler                       0x0800589b   Thumb Code     0  startup_gd32f1x0.o(.text)
    I2C1_EV_IRQHandler                       0x0800589b   Thumb Code     0  startup_gd32f1x0.o(.text)
    I2C2_ER_IRQHandler                       0x0800589b   Thumb Code     0  startup_gd32f1x0.o(.text)
    I2C2_EV_IRQHandler                       0x0800589b   Thumb Code     0  startup_gd32f1x0.o(.text)
    LVD_IRQHandler                           0x0800589b   Thumb Code     0  startup_gd32f1x0.o(.text)
    RCU_IRQHandler                           0x0800589b   Thumb Code     0  startup_gd32f1x0.o(.text)
    RTC_IRQHandler                           0x0800589b   Thumb Code     0  startup_gd32f1x0.o(.text)
    SLCD_IRQHandler                          0x0800589b   Thumb Code     0  startup_gd32f1x0.o(.text)
    SPI0_IRQHandler                          0x0800589b   Thumb Code     0  startup_gd32f1x0.o(.text)
    SPI1_IRQHandler                          0x0800589b   Thumb Code     0  startup_gd32f1x0.o(.text)
    SPI2_IRQHandler                          0x0800589b   Thumb Code     0  startup_gd32f1x0.o(.text)
    TIMER0_Channel_IRQHandler                0x0800589b   Thumb Code     0  startup_gd32f1x0.o(.text)
    TIMER14_IRQHandler                       0x0800589b   Thumb Code     0  startup_gd32f1x0.o(.text)
    TIMER15_IRQHandler                       0x0800589b   Thumb Code     0  startup_gd32f1x0.o(.text)
    TIMER16_IRQHandler                       0x0800589b   Thumb Code     0  startup_gd32f1x0.o(.text)
    TIMER1_IRQHandler                        0x0800589b   Thumb Code     0  startup_gd32f1x0.o(.text)
    TIMER2_IRQHandler                        0x0800589b   Thumb Code     0  startup_gd32f1x0.o(.text)
    TIMER5_DAC_IRQHandler                    0x0800589b   Thumb Code     0  startup_gd32f1x0.o(.text)
    TSI_IRQHandler                           0x0800589b   Thumb Code     0  startup_gd32f1x0.o(.text)
    USART0_IRQHandler                        0x0800589b   Thumb Code     0  startup_gd32f1x0.o(.text)
    USART1_IRQHandler                        0x0800589b   Thumb Code     0  startup_gd32f1x0.o(.text)
    USBDWakeUp_IRQHandler                    0x0800589b   Thumb Code     0  startup_gd32f1x0.o(.text)
    USBD_HP_IRQHandler                       0x0800589b   Thumb Code     0  startup_gd32f1x0.o(.text)
    USBD_LP_IRQHandler                       0x0800589b   Thumb Code     0  startup_gd32f1x0.o(.text)
    WWDGT_IRQHandler                         0x0800589b   Thumb Code     0  startup_gd32f1x0.o(.text)
    __user_initial_stackheap                 0x0800589d   Thumb Code    10  startup_gd32f1x0.o(.text)
    SystemInit                               0x08005933   Thumb Code   118  system_gd32f1x0.o(.text)
    SystemCoreClockUpdate                    0x080059a9   Thumb Code   208  system_gd32f1x0.o(.text)
    __aeabi_memcpy4                          0x08005aad   Thumb Code     0  rt_memcpy_w.o(.text)
    __aeabi_memcpy8                          0x08005aad   Thumb Code     0  rt_memcpy_w.o(.text)
    __rt_memcpy_w                            0x08005aad   Thumb Code   100  rt_memcpy_w.o(.text)
    _memcpy_lastbytes_aligned                0x08005af5   Thumb Code     0  rt_memcpy_w.o(.text)
    __use_two_region_memory                  0x08005b11   Thumb Code     2  heapauxi.o(.text)
    __rt_heap_escrow$2region                 0x08005b13   Thumb Code     2  heapauxi.o(.text)
    __rt_heap_expand$2region                 0x08005b15   Thumb Code     2  heapauxi.o(.text)
    __read_errno                             0x08005b17   Thumb Code    10  _rserrno.o(.text)
    __set_errno                              0x08005b21   Thumb Code    12  _rserrno.o(.text)
    __aeabi_errno_addr                       0x08005b2d   Thumb Code     8  rt_errno_addr_intlibspace.o(.text)
    __errno$intlibspace                      0x08005b2d   Thumb Code     0  rt_errno_addr_intlibspace.o(.text)
    __rt_errno_addr$intlibspace              0x08005b2d   Thumb Code     0  rt_errno_addr_intlibspace.o(.text)
    __user_libspace                          0x08005b35   Thumb Code     8  libspace.o(.text)
    __user_perproc_libspace                  0x08005b35   Thumb Code     0  libspace.o(.text)
    __user_perthread_libspace                0x08005b35   Thumb Code     0  libspace.o(.text)
    __user_setup_stackheap                   0x08005b3d   Thumb Code    74  sys_stackheap_outer.o(.text)
    exit                                     0x08005b87   Thumb Code    18  exit.o(.text)
    _sys_exit                                0x08005b99   Thumb Code     8  sys_exit.o(.text)
    __I$use$semihosting                      0x08005ba5   Thumb Code     0  use_no_semi.o(.text)
    __use_no_semihosting_swi                 0x08005ba5   Thumb Code     2  use_no_semi.o(.text)
    __ARM_fpclassify                         0x08005ba7   Thumb Code    40  fpclassify.o(i.__ARM_fpclassify)
    __semihosting_library_function           0x08005ba7   Thumb Code     0  indicate_semi.o(.text)
    __kernel_poly                            0x08005bcf   Thumb Code   170  poly.o(i.__kernel_poly)
    __mathlib_dbl_infnan                     0x08005c79   Thumb Code     6  dunder.o(i.__mathlib_dbl_infnan)
    __mathlib_dbl_underflow                  0x08005c81   Thumb Code    10  dunder.o(i.__mathlib_dbl_underflow)
    atan                                     0x08005c91   Thumb Code   474  atan.o(i.atan)
    blockPWM                                 0x08005eb1   Thumb Code   558  bldc.o(i.blockPWM)
    sqrt                                     0x080060df   Thumb Code    76  sqrt.o(i.sqrt)
    __aeabi_d2f                              0x0800612d   Thumb Code     0  d2f.o(x$fpl$d2f)
    _d2f                                     0x0800612d   Thumb Code    98  d2f.o(x$fpl$d2f)
    __aeabi_dadd                             0x08006191   Thumb Code     0  daddsub_clz.o(x$fpl$dadd)
    _dadd                                    0x08006191   Thumb Code   332  daddsub_clz.o(x$fpl$dadd)
    __fpl_dcheck_NaN1                        0x080062e1   Thumb Code    10  dcheck1.o(x$fpl$dcheck1)
    __fpl_dcmp_Inf                           0x080062f1   Thumb Code    24  dcmpi.o(x$fpl$dcmpinf)
    __aeabi_ddiv                             0x08006309   Thumb Code     0  ddiv.o(x$fpl$ddiv)
    _ddiv                                    0x08006309   Thumb Code   552  ddiv.o(x$fpl$ddiv)
    __aeabi_i2d                              0x080065b9   Thumb Code     0  dflt_clz.o(x$fpl$dflt)
    _dflt                                    0x080065b9   Thumb Code    46  dflt_clz.o(x$fpl$dflt)
    __aeabi_cdcmple                          0x080065e9   Thumb Code     0  dleqf.o(x$fpl$dleqf)
    _dcmple                                  0x080065e9   Thumb Code   120  dleqf.o(x$fpl$dleqf)
    __fpl_dcmple_InfNaN                      0x0800664b   Thumb Code     0  dleqf.o(x$fpl$dleqf)
    __aeabi_dmul                             0x08006661   Thumb Code     0  dmul.o(x$fpl$dmul)
    _dmul                                    0x08006661   Thumb Code   332  dmul.o(x$fpl$dmul)
    __fpl_dnaninf                            0x080067b5   Thumb Code   156  dnaninf.o(x$fpl$dnaninf)
    __fpl_dretinf                            0x08006851   Thumb Code    12  dretinf.o(x$fpl$dretinf)
    __aeabi_cdrcmple                         0x0800685d   Thumb Code     0  drleqf.o(x$fpl$drleqf)
    _drcmple                                 0x0800685d   Thumb Code   108  drleqf.o(x$fpl$drleqf)
    __aeabi_drsub                            0x080068c9   Thumb Code     0  daddsub_clz.o(x$fpl$drsb)
    _drsb                                    0x080068c9   Thumb Code    22  daddsub_clz.o(x$fpl$drsb)
    _dsqrt                                   0x080068e1   Thumb Code   456  dsqrt_noumaal.o(x$fpl$dsqrt)
    __aeabi_dsub                             0x08006aad   Thumb Code     0  daddsub_clz.o(x$fpl$dsub)
    _dsub                                    0x08006aad   Thumb Code   464  daddsub_clz.o(x$fpl$dsub)
    __aeabi_f2d                              0x08006c81   Thumb Code     0  f2d.o(x$fpl$f2d)
    _f2d                                     0x08006c81   Thumb Code    86  f2d.o(x$fpl$f2d)
    __aeabi_fadd                             0x08006cd9   Thumb Code     0  faddsub_clz.o(x$fpl$fadd)
    _fadd                                    0x08006cd9   Thumb Code   196  faddsub_clz.o(x$fpl$fadd)
    __fpl_fcmp_Inf                           0x08006d9d   Thumb Code    24  fcmpi.o(x$fpl$fcmpinf)
    __aeabi_fdiv                             0x08006db5   Thumb Code     0  fdiv.o(x$fpl$fdiv)
    _fdiv                                    0x08006db5   Thumb Code   384  fdiv.o(x$fpl$fdiv)
    __aeabi_f2iz                             0x08006f39   Thumb Code     0  ffix.o(x$fpl$ffix)
    _ffix                                    0x08006f39   Thumb Code    54  ffix.o(x$fpl$ffix)
    __aeabi_i2f                              0x08006f71   Thumb Code     0  fflt_clz.o(x$fpl$fflt)
    _fflt                                    0x08006f71   Thumb Code    48  fflt_clz.o(x$fpl$fflt)
    __aeabi_ui2f                             0x08006fa1   Thumb Code     0  fflt_clz.o(x$fpl$ffltu)
    _ffltu                                   0x08006fa1   Thumb Code    38  fflt_clz.o(x$fpl$ffltu)
    __aeabi_cfcmple                          0x08006fc9   Thumb Code     0  fleqf.o(x$fpl$fleqf)
    _fcmple                                  0x08006fc9   Thumb Code   104  fleqf.o(x$fpl$fleqf)
    __fpl_fcmple_InfNaN                      0x0800701b   Thumb Code     0  fleqf.o(x$fpl$fleqf)
    __aeabi_fmul                             0x08007031   Thumb Code     0  fmul.o(x$fpl$fmul)
    _fmul                                    0x08007031   Thumb Code   258  fmul.o(x$fpl$fmul)
    __fpl_fnaninf                            0x08007133   Thumb Code   140  fnaninf.o(x$fpl$fnaninf)
    __fpl_fretinf                            0x080071bf   Thumb Code    10  fretinf.o(x$fpl$fretinf)
    __aeabi_cfrcmple                         0x080071c9   Thumb Code     0  frleqf.o(x$fpl$frleqf)
    _frcmple                                 0x080071c9   Thumb Code    98  frleqf.o(x$fpl$frleqf)
    __aeabi_fsub                             0x0800722d   Thumb Code     0  faddsub_clz.o(x$fpl$fsub)
    _fsub                                    0x0800722d   Thumb Code   234  faddsub_clz.o(x$fpl$fsub)
    __fpl_return_NaN                         0x08007317   Thumb Code   100  retnan.o(x$fpl$retnan)
    __ARM_scalbn                             0x0800737b   Thumb Code    92  scalbn.o(x$fpl$scalbn)
    __fpl_cmpreturn                          0x080073d7   Thumb Code    48  trapv.o(x$fpl$trapveneer)
    __I$use$fp                               0x08007406   Number         0  usenofp.o(x$fpl$usenofp)
    lookUpTableAngle                         0x08007408   Data         724  main.o(.constdata)
    speedConversionFactor                    0x080076dc   Data           4  bldc.o(.constdata)
    speedConversionFactor_mm_per_second      0x080076e0   Data           4  bldc.o(.constdata)
    pwm_res                                  0x080076e4   Data           2  bldc.o(.constdata)
    hall_to_pos                              0x080076e6   Data           8  bldc.o(.constdata)
    Region$$Table$$Base                      0x08007788   Number         0  anon$$obj.o(Region$$Table)
    Region$$Table$$Limit                     0x080077a8   Number         0  anon$$obj.o(Region$$Table)
    speed_mm_per_second_MasterWheel          0x20000000   Data           2  main.o(.data)
    speed_mm_per_second_SlaveWheel           0x20000002   Data           2  main.o(.data)
    speed_mm_per_second                      0x20000004   Data           2  main.o(.data)
    steerAngle                               0x20000006   Data           2  main.o(.data)
    actuatorSpeed                            0x20000008   Data           4  main.o(.data)
    logImuArrayCurrentIndex                  0x2000000c   Data           2  main.o(.data)
    pitchAngle                               0x20000010   Data           4  main.o(.data)
    rollAngle                                0x20000014   Data           4  main.o(.data)
    yawAngle                                 0x20000018   Data           4  main.o(.data)
    recordAccelerometerLog                   0x2000001c   Data           1  main.o(.data)
    printAccelerometerLog                    0x2000001d   Data           1  main.o(.data)
    panicButtonPressed                       0x2000001e   Data           1  main.o(.data)
    it_is_Raining                            0x2000001f   Data           1  main.o(.data)
    activateWeakening                        0x20000020   Data           1  main.o(.data)
    beepsBackwards                           0x20000021   Data           1  main.o(.data)
    robotReversed                            0x20000022   Data           1  main.o(.data)
    inactivity_timeout_counter               0x20000024   Data           4  main.o(.data)
    steerCounter                             0x20000028   Data           4  main.o(.data)
    PID_PARAM_KP                             0x2000002c   Data           4  bldc.o(.data)
    PID_PARAM_KI                             0x20000030   Data           4  bldc.o(.data)
    PID_PARAM_KD                             0x20000034   Data           4  bldc.o(.data)
    overCurrent                              0x20000038   Data           1  bldc.o(.data)
    motorIsStopping                          0x20000039   Data           1  bldc.o(.data)
    moveByStepsTimeout                       0x2000003a   Data           2  bldc.o(.data)
    batteryVoltage                           0x2000003c   Data           4  bldc.o(.data)
    currentDC                                0x20000040   Data           4  bldc.o(.data)
    realSpeed_mm_per_second                  0x20000044   Data           4  bldc.o(.data)
    speed_mm_per_second_ThisWheel            0x20000048   Data           2  bldc.o(.data)
    direction                                0x2000004a   Data           1  bldc.o(.data)
    cycleCounter                             0x2000004c   Data           2  bldc.o(.data)
    speedCorrection                          0x2000004e   Data           2  bldc.o(.data)
    remainingStepsFloat                      0x20000050   Data           4  bldc.o(.data)
    moveBySteps                              0x20000054   Data           1  bldc.o(.data)
    moveByStepsCompleted                     0x20000055   Data           1  bldc.o(.data)
    printMovementCompleted                   0x20000056   Data           1  bldc.o(.data)
    remainingSteps                           0x20000058   Data           2  bldc.o(.data)
    tmpPwmCorrectionFactor                   0x2000005c   Data           4  bldc.o(.data)
    pwmCorrectionFactor                      0x20000060   Data           2  bldc.o(.data)
    approachingCorrectionFactor              0x20000062   Data           1  bldc.o(.data)
    bldc_inputFilterPwm                      0x20000064   Data           2  bldc.o(.data)
    bldc_enable                              0x20000066   Data           1  bldc.o(.data)
    adc_buffer                               0x20000068   Data           4  bldc.o(.data)
    hall_a                                   0x2000006c   Data           1  bldc.o(.data)
    hall_b                                   0x2000006d   Data           1  bldc.o(.data)
    hall_c                                   0x2000006e   Data           1  bldc.o(.data)
    hall                                     0x2000006f   Data           1  bldc.o(.data)
    y                                        0x20000070   Data           4  bldc.o(.data)
    b                                        0x20000074   Data           4  bldc.o(.data)
    g                                        0x20000078   Data           4  bldc.o(.data)
    pos                                      0x2000007c   Data           1  bldc.o(.data)
    lastPos                                  0x2000007d   Data           1  bldc.o(.data)
    bldc_outputFilterPwm                     0x2000007e   Data           2  bldc.o(.data)
    filter_reg                               0x20000080   Data           4  bldc.o(.data)
    buzzerToggle                             0x20000084   Data           1  bldc.o(.data)
    buzzerFreq                               0x20000085   Data           1  bldc.o(.data)
    buzzerPattern                            0x20000086   Data           1  bldc.o(.data)
    buzzerTimer                              0x20000088   Data           2  bldc.o(.data)
    offsetcount                              0x2000008a   Data           2  bldc.o(.data)
    offsetdc                                 0x2000008c   Data           2  bldc.o(.data)
    speedCounter                             0x20000090   Data           4  bldc.o(.data)
    usartMasterSlave_rx_buf                  0x20000094   Data           1  setup.o(.data)
    usartRemote_MasterBoard_COM_rx_buf       0x20000095   Data           1  setup.o(.data)
    msTicks                                  0x20000098   Data           4  it.o(.data)
    timeoutCounter_ms                        0x2000009c   Data           4  it.o(.data)
    timedOut                                 0x200000a0   Data           1  it.o(.data)
    tmpLoopCounter                           0x200000a1   Data           1  it.o(.data)
    tmpLoopCounter1                          0x200000a2   Data           1  it.o(.data)
    tmpLoopCounter2                          0x200000a3   Data           1  it.o(.data)
    tmpcounter8                              0x200000a4   Data           4  it.o(.data)
    tmpElapsedSeconds                        0x200000a8   Data           4  it.o(.data)
    slaveBoardMovementByStepCompleted        0x200000ac   Data           1  commsmasterslave.o(.data)
    steerPwmFiltered                         0x200000b4   Data           1  commssteeringpwm.o(.data)
    filter_reg3                              0x200000b8   Data           4  commssteeringpwm.o(.data)
    previousPWMSteerSignalLevel              0x200000bc   Data           1  commssteeringpwm.o(.data)
    rc_steer_delay                           0x200000be   Data           2  commssteeringpwm.o(.data)
    speedPwmFiltered                         0x200000c0   Data           1  commssteeringpwm.o(.data)
    filter_reg2                              0x200000c4   Data           4  commssteeringpwm.o(.data)
    previousPWMSpeedSignalLevel              0x200000c8   Data           1  commssteeringpwm.o(.data)
    rc_speed_delay                           0x200000ca   Data           2  commssteeringpwm.o(.data)
    gyroscopeIsSleeping                      0x200000cc   Data           1  commsaccelerometer.o(.data)
    accelerometerIsSleeping                  0x200000cd   Data           1  commsaccelerometer.o(.data)
    magnetometerIsSleeping                   0x200000ce   Data           1  commsaccelerometer.o(.data)
    parametersStillToBeSet                   0x200000cf   Data           1  commsaccelerometer.o(.data)
    calibrationStillToBePerformed            0x200000d0   Data           1  commsaccelerometer.o(.data)
    componentIsWakingUp                      0x200000d1   Data           1  commsaccelerometer.o(.data)
    ImuNotCalibrated                         0x200000d2   Data           1  commsaccelerometer.o(.data)
    waitCycles                               0x200000d4   Data           2  commsaccelerometer.o(.data)
    tmpVar                                   0x200000d6   Data           1  commsaccelerometer.o(.data)
    accelerationX                            0x200000d8   Data           4  commsaccelerometer.o(.data)
    accelerationY                            0x200000dc   Data           4  commsaccelerometer.o(.data)
    accelerationZ                            0x200000e0   Data           4  commsaccelerometer.o(.data)
    gyroX                                    0x200000e4   Data           4  commsaccelerometer.o(.data)
    gyroY                                    0x200000e8   Data           4  commsaccelerometer.o(.data)
    gyroZ                                    0x200000ec   Data           4  commsaccelerometer.o(.data)
    temperature                              0x200000f0   Data           4  commsaccelerometer.o(.data)
    timestamp                                0x200000f4   Data           4  commsaccelerometer.o(.data)
    tmpDoubleVal                             0x200000f8   Data           4  commsaccelerometer.o(.data)
    offsetDataValueToReadFromAccelerometerMemory 0x200000fc   Data           1  commsaccelerometer.o(.data)
    MavLinkCRC                               0x20000100   Data           2  commsremote.o(.data)
    GpsLatitudeWGS84                         0x20000104   Data           4  commsremote.o(.data)
    GpsLongitudeWGS84                        0x20000108   Data           4  commsremote.o(.data)
    GpsHdop                                  0x2000010c   Data           2  commsremote.o(.data)
    GpsSatellitesNumber                      0x2000010e   Data           1  commsremote.o(.data)
    printHelpLegend                          0x20000111   Data           1  commsremote.o(.data)
    printSpeedAndSteer                       0x20000112   Data           1  commsremote.o(.data)
    jumpsCounter                             0x20000114   Data           1  navigator.o(.data)
    navigatorStopped                         0x20000115   Data           1  navigator.o(.data)
    programPointer                           0x20000116   Data           2  navigator.o(.data)
    pathArray                                0x20000118   Data          32  navigator.o(.data)
    pathArray2                               0x20000138   Data          36  navigator.o(.data)
    pathArray3                               0x2000015c   Data          36  navigator.o(.data)
    SystemCoreClock                          0x20000180   Data           4  system_gd32f1x0.o(.data)
    logImuArray                              0x20000184   Data        1600  main.o(.bss)
    timeoutTimer_paramter_struct             0x200007c4   Data          16  setup.o(.bss)
    timerBldc_paramter_struct                0x200007d4   Data          16  setup.o(.bss)
    timerBldc_break_parameter_struct         0x200007e4   Data          14  setup.o(.bss)
    timerBldc_oc_parameter_struct            0x200007f2   Data          12  setup.o(.bss)
    dma_init_struct_usart                    0x20000800   Data          36  setup.o(.bss)
    dma_init_struct_adc                      0x20000824   Data          36  setup.o(.bss)
    imuArray                                 0x20000848   Data          22  commsaccelerometer.o(.bss)
    __libspace_start                         0x20000868   Data          96  libspace.o(.bss)
    __temporary_stack_top$libspace           0x200008c8   Data           0  libspace.o(.bss)



==============================================================================

Memory Map of the image

  Image Entry point : 0x08000169

  Load Region LR_IROM1 (Base: 0x08000000, Size: 0x0000792c, Max: 0x00010000, ABSOLUTE, COMPRESSED[0x00007800])

    Execution Region ER_IROM1 (Exec base: 0x08000000, Load base: 0x08000000, Size: 0x000077a8, Max: 0x00010000, ABSOLUTE)

    Exec Addr    Load Addr    Size         Type   Attr      Idx    E Section Name        Object

    0x08000000   0x08000000   0x00000168   Data   RO          841    RESET               startup_gd32f1x0.o
    0x08000168   0x08000168   0x00000008   Code   RO          882  * !!!main             c_w.l(__main.o)
    0x08000170   0x08000170   0x00000034   Code   RO         1159    !!!scatter          c_w.l(__scatter.o)
    0x080001a4   0x080001a4   0x0000005a   Code   RO         1157    !!dczerorl2         c_w.l(__dczerorl2.o)
    0x080001fe   0x080001fe   0x00000002   PAD
    0x08000200   0x08000200   0x0000001c   Code   RO         1161    !!handler_zi        c_w.l(__scatter_zi.o)
    0x0800021c   0x0800021c   0x00000002   Code   RO         1026    .ARM.Collect$$libinit$$00000000  c_w.l(libinit.o)
    0x0800021e   0x0800021e   0x00000000   Code   RO         1032    .ARM.Collect$$libinit$$00000002  c_w.l(libinit2.o)
    0x0800021e   0x0800021e   0x00000000   Code   RO         1034    .ARM.Collect$$libinit$$00000004  c_w.l(libinit2.o)
    0x0800021e   0x0800021e   0x00000000   Code   RO         1037    .ARM.Collect$$libinit$$0000000A  c_w.l(libinit2.o)
    0x0800021e   0x0800021e   0x00000000   Code   RO         1039    .ARM.Collect$$libinit$$0000000C  c_w.l(libinit2.o)
    0x0800021e   0x0800021e   0x00000000   Code   RO         1041    .ARM.Collect$$libinit$$0000000E  c_w.l(libinit2.o)
    0x0800021e   0x0800021e   0x00000000   Code   RO         1044    .ARM.Collect$$libinit$$00000011  c_w.l(libinit2.o)
    0x0800021e   0x0800021e   0x00000000   Code   RO         1046    .ARM.Collect$$libinit$$00000013  c_w.l(libinit2.o)
    0x0800021e   0x0800021e   0x00000000   Code   RO         1048    .ARM.Collect$$libinit$$00000015  c_w.l(libinit2.o)
    0x0800021e   0x0800021e   0x00000000   Code   RO         1050    .ARM.Collect$$libinit$$00000017  c_w.l(libinit2.o)
    0x0800021e   0x0800021e   0x00000000   Code   RO         1052    .ARM.Collect$$libinit$$00000019  c_w.l(libinit2.o)
    0x0800021e   0x0800021e   0x00000000   Code   RO         1054    .ARM.Collect$$libinit$$0000001B  c_w.l(libinit2.o)
    0x0800021e   0x0800021e   0x00000000   Code   RO         1056    .ARM.Collect$$libinit$$0000001D  c_w.l(libinit2.o)
    0x0800021e   0x0800021e   0x00000000   Code   RO         1058    .ARM.Collect$$libinit$$0000001F  c_w.l(libinit2.o)
    0x0800021e   0x0800021e   0x00000000   Code   RO         1060    .ARM.Collect$$libinit$$00000021  c_w.l(libinit2.o)
    0x0800021e   0x0800021e   0x00000000   Code   RO         1062    .ARM.Collect$$libinit$$00000023  c_w.l(libinit2.o)
    0x0800021e   0x0800021e   0x00000000   Code   RO         1064    .ARM.Collect$$libinit$$00000025  c_w.l(libinit2.o)
    0x0800021e   0x0800021e   0x00000000   Code   RO         1068    .ARM.Collect$$libinit$$0000002C  c_w.l(libinit2.o)
    0x0800021e   0x0800021e   0x00000000   Code   RO         1070    .ARM.Collect$$libinit$$0000002E  c_w.l(libinit2.o)
    0x0800021e   0x0800021e   0x00000000   Code   RO         1072    .ARM.Collect$$libinit$$00000030  c_w.l(libinit2.o)
    0x0800021e   0x0800021e   0x00000000   Code   RO         1074    .ARM.Collect$$libinit$$00000032  c_w.l(libinit2.o)
    0x0800021e   0x0800021e   0x00000002   Code   RO         1075    .ARM.Collect$$libinit$$00000033  c_w.l(libinit2.o)
    0x08000220   0x08000220   0x00000002   Code   RO         1097    .ARM.Collect$$libshutdown$$00000000  c_w.l(libshutdown.o)
    0x08000222   0x08000222   0x00000000   Code   RO         1110    .ARM.Collect$$libshutdown$$00000002  c_w.l(libshutdown2.o)
    0x08000222   0x08000222   0x00000000   Code   RO         1112    .ARM.Collect$$libshutdown$$00000004  c_w.l(libshutdown2.o)
    0x08000222   0x08000222   0x00000000   Code   RO         1115    .ARM.Collect$$libshutdown$$00000007  c_w.l(libshutdown2.o)
    0x08000222   0x08000222   0x00000000   Code   RO         1118    .ARM.Collect$$libshutdown$$0000000A  c_w.l(libshutdown2.o)
    0x08000222   0x08000222   0x00000000   Code   RO         1120    .ARM.Collect$$libshutdown$$0000000C  c_w.l(libshutdown2.o)
    0x08000222   0x08000222   0x00000000   Code   RO         1123    .ARM.Collect$$libshutdown$$0000000F  c_w.l(libshutdown2.o)
    0x08000222   0x08000222   0x00000002   Code   RO         1124    .ARM.Collect$$libshutdown$$00000010  c_w.l(libshutdown2.o)
    0x08000224   0x08000224   0x00000000   Code   RO          954    .ARM.Collect$$rtentry$$00000000  c_w.l(__rtentry.o)
    0x08000224   0x08000224   0x00000000   Code   RO          993    .ARM.Collect$$rtentry$$00000002  c_w.l(__rtentry2.o)
    0x08000224   0x08000224   0x00000006   Code   RO         1005    .ARM.Collect$$rtentry$$00000004  c_w.l(__rtentry4.o)
    0x0800022a   0x0800022a   0x00000000   Code   RO          995    .ARM.Collect$$rtentry$$00000009  c_w.l(__rtentry2.o)
    0x0800022a   0x0800022a   0x00000004   Code   RO          996    .ARM.Collect$$rtentry$$0000000A  c_w.l(__rtentry2.o)
    0x0800022e   0x0800022e   0x00000000   Code   RO          998    .ARM.Collect$$rtentry$$0000000C  c_w.l(__rtentry2.o)
    0x0800022e   0x0800022e   0x00000008   Code   RO          999    .ARM.Collect$$rtentry$$0000000D  c_w.l(__rtentry2.o)
    0x08000236   0x08000236   0x00000002   Code   RO         1029    .ARM.Collect$$rtexit$$00000000  c_w.l(rtexit.o)
    0x08000238   0x08000238   0x00000000   Code   RO         1079    .ARM.Collect$$rtexit$$00000002  c_w.l(rtexit2.o)
    0x08000238   0x08000238   0x00000004   Code   RO         1080    .ARM.Collect$$rtexit$$00000003  c_w.l(rtexit2.o)
    0x0800023c   0x0800023c   0x00000006   Code   RO         1081    .ARM.Collect$$rtexit$$00000004  c_w.l(rtexit2.o)
    0x08000242   0x08000242   0x00000002   PAD
    0x08000244   0x08000244   0x000005c4   Code   RO            4    .text               main.o
    0x08000808   0x08000808   0x00000674   Code   RO          161    .text               bldc.o
    0x08000e7c   0x08000e7c   0x0000088c   Code   RO          200    .text               setup.o
    0x08001708   0x08001708   0x000001b0   Code   RO          229    .text               it.o
    0x080018b8   0x080018b8   0x0000006c   Code   RO          266    .text               comms.o
    0x08001924   0x08001924   0x000001cc   Code   RO          317    .text               commsmasterslave.o
    0x08001af0   0x08001af0   0x0000002c   Code   RO          384    .text               commsinterlocks.o
    0x08001b1c   0x08001b1c   0x000002cc   Code   RO          409    .text               commssteeringpwm.o
    0x08001de8   0x08001de8   0x00000a38   Code   RO          437    .text               commsaccelerometer.o
    0x08002820   0x08002820   0x00000078   Code   RO          466    .text               commsremote.o
    0x08002898   0x08002898   0x00000188   Code   RO          495    .text               navigator.o
    0x08002a20   0x08002a20   0x00000684   Code   RO          526    .text               gd32f1x0_adc.o
    0x080030a4   0x080030a4   0x000004b4   Code   RO          574    .text               gd32f1x0_dma.o
    0x08003558   0x08003558   0x000000cc   Code   RO          598    .text               gd32f1x0_fwdgt.o
    0x08003624   0x08003624   0x000001dc   Code   RO          622    .text               gd32f1x0_gpio.o
    0x08003800   0x08003800   0x00000338   Code   RO          646    .text               gd32f1x0_i2c.o
    0x08003b38   0x08003b38   0x00000124   Code   RO          670    .text               gd32f1x0_misc.o
    0x08003c5c   0x08003c5c   0x000008a8   Code   RO          722    .text               gd32f1x0_rcu.o
    0x08004504   0x08004504   0x00000d2a   Code   RO          770    .text               gd32f1x0_timer.o
    0x0800522e   0x0800522e   0x00000002   PAD
    0x08005230   0x08005230   0x0000064e   Code   RO          794    .text               gd32f1x0_usart.o
    0x0800587e   0x0800587e   0x00000002   PAD
    0x08005880   0x08005880   0x00000040   Code   RO          842    .text               startup_gd32f1x0.o
    0x080058c0   0x080058c0   0x000001ec   Code   RO          849    .text               system_gd32f1x0.o
    0x08005aac   0x08005aac   0x00000064   Code   RO          878    .text               c_w.l(rt_memcpy_w.o)
    0x08005b10   0x08005b10   0x00000006   Code   RO          880    .text               c_w.l(heapauxi.o)
    0x08005b16   0x08005b16   0x00000016   Code   RO          955    .text               c_w.l(_rserrno.o)
    0x08005b2c   0x08005b2c   0x00000008   Code   RO         1010    .text               c_w.l(rt_errno_addr_intlibspace.o)
    0x08005b34   0x08005b34   0x00000008   Code   RO         1014    .text               c_w.l(libspace.o)
    0x08005b3c   0x08005b3c   0x0000004a   Code   RO         1017    .text               c_w.l(sys_stackheap_outer.o)
    0x08005b86   0x08005b86   0x00000012   Code   RO         1019    .text               c_w.l(exit.o)
    0x08005b98   0x08005b98   0x0000000c   Code   RO         1089    .text               c_w.l(sys_exit.o)
    0x08005ba4   0x08005ba4   0x00000002   Code   RO         1100    .text               c_w.l(use_no_semi.o)
    0x08005ba6   0x08005ba6   0x00000000   Code   RO         1102    .text               c_w.l(indicate_semi.o)
    0x08005ba6   0x08005ba6   0x00000028   Code   RO          988    i.__ARM_fpclassify  m_ws.l(fpclassify.o)
    0x08005bce   0x08005bce   0x000000aa   Code   RO          990    i.__kernel_poly     m_ws.l(poly.o)
    0x08005c78   0x08005c78   0x00000006   Code   RO          975    i.__mathlib_dbl_infnan  m_ws.l(dunder.o)
    0x08005c7e   0x08005c7e   0x00000002   PAD
    0x08005c80   0x08005c80   0x00000010   Code   RO          980    i.__mathlib_dbl_underflow  m_ws.l(dunder.o)
    0x08005c90   0x08005c90   0x00000220   Code   RO          937    i.atan              m_ws.l(atan.o)
    0x08005eb0   0x08005eb0   0x0000022e   Code   RO          183    i.blockPWM          bldc.o
    0x080060de   0x080060de   0x0000004c   Code   RO          947    i.sqrt              m_ws.l(sqrt.o)
    0x0800612a   0x0800612a   0x00000002   PAD
    0x0800612c   0x0800612c   0x00000062   Code   RO          884    x$fpl$d2f           fz_ws.l(d2f.o)
    0x0800618e   0x0800618e   0x00000002   PAD
    0x08006190   0x08006190   0x00000150   Code   RO          886    x$fpl$dadd          fz_ws.l(daddsub_clz.o)
    0x080062e0   0x080062e0   0x00000010   Code   RO         1012    x$fpl$dcheck1       fz_ws.l(dcheck1.o)
    0x080062f0   0x080062f0   0x00000018   Code   RO          957    x$fpl$dcmpinf       fz_ws.l(dcmpi.o)
    0x08006308   0x08006308   0x000002b0   Code   RO          893    x$fpl$ddiv          fz_ws.l(ddiv.o)
    0x080065b8   0x080065b8   0x0000002e   Code   RO          897    x$fpl$dflt          fz_ws.l(dflt_clz.o)
    0x080065e6   0x080065e6   0x00000002   PAD
    0x080065e8   0x080065e8   0x00000078   Code   RO          902    x$fpl$dleqf         fz_ws.l(dleqf.o)
    0x08006660   0x08006660   0x00000154   Code   RO          904    x$fpl$dmul          fz_ws.l(dmul.o)
    0x080067b4   0x080067b4   0x0000009c   Code   RO          959    x$fpl$dnaninf       fz_ws.l(dnaninf.o)
    0x08006850   0x08006850   0x0000000c   Code   RO          961    x$fpl$dretinf       fz_ws.l(dretinf.o)
    0x0800685c   0x0800685c   0x0000006c   Code   RO          906    x$fpl$drleqf        fz_ws.l(drleqf.o)
    0x080068c8   0x080068c8   0x00000016   Code   RO          887    x$fpl$drsb          fz_ws.l(daddsub_clz.o)
    0x080068de   0x080068de   0x00000002   PAD
    0x080068e0   0x080068e0   0x000001cc   Code   RO          963    x$fpl$dsqrt         fz_ws.l(dsqrt_noumaal.o)
    0x08006aac   0x08006aac   0x000001d4   Code   RO          888    x$fpl$dsub          fz_ws.l(daddsub_clz.o)
    0x08006c80   0x08006c80   0x00000056   Code   RO          908    x$fpl$f2d           fz_ws.l(f2d.o)
    0x08006cd6   0x08006cd6   0x00000002   PAD
    0x08006cd8   0x08006cd8   0x000000c4   Code   RO          910    x$fpl$fadd          fz_ws.l(faddsub_clz.o)
    0x08006d9c   0x08006d9c   0x00000018   Code   RO          965    x$fpl$fcmpinf       fz_ws.l(fcmpi.o)
    0x08006db4   0x08006db4   0x00000184   Code   RO          917    x$fpl$fdiv          fz_ws.l(fdiv.o)
    0x08006f38   0x08006f38   0x00000036   Code   RO          920    x$fpl$ffix          fz_ws.l(ffix.o)
    0x08006f6e   0x08006f6e   0x00000002   PAD
    0x08006f70   0x08006f70   0x00000030   Code   RO          925    x$fpl$fflt          fz_ws.l(fflt_clz.o)
    0x08006fa0   0x08006fa0   0x00000026   Code   RO          924    x$fpl$ffltu         fz_ws.l(fflt_clz.o)
    0x08006fc6   0x08006fc6   0x00000002   PAD
    0x08006fc8   0x08006fc8   0x00000068   Code   RO          930    x$fpl$fleqf         fz_ws.l(fleqf.o)
    0x08007030   0x08007030   0x00000102   Code   RO          932    x$fpl$fmul          fz_ws.l(fmul.o)
    0x08007132   0x08007132   0x0000008c   Code   RO          967    x$fpl$fnaninf       fz_ws.l(fnaninf.o)
    0x080071be   0x080071be   0x0000000a   Code   RO          969    x$fpl$fretinf       fz_ws.l(fretinf.o)
    0x080071c8   0x080071c8   0x00000062   Code   RO          934    x$fpl$frleqf        fz_ws.l(frleqf.o)
    0x0800722a   0x0800722a   0x00000002   PAD
    0x0800722c   0x0800722c   0x000000ea   Code   RO          912    x$fpl$fsub          fz_ws.l(faddsub_clz.o)
    0x08007316   0x08007316   0x00000064   Code   RO         1027    x$fpl$retnan        fz_ws.l(retnan.o)
    0x0800737a   0x0800737a   0x0000005c   Code   RO          971    x$fpl$scalbn        fz_ws.l(scalbn.o)
    0x080073d6   0x080073d6   0x00000030   Code   RO         1076    x$fpl$trapveneer    fz_ws.l(trapv.o)
    0x08007406   0x08007406   0x00000000   Code   RO          973    x$fpl$usenofp       fz_ws.l(usenofp.o)
    0x08007406   0x08007406   0x00000002   PAD
    0x08007408   0x08007408   0x000002d4   Data   RO            6    .constdata          main.o
    0x080076dc   0x080076dc   0x00000012   Data   RO          162    .constdata          bldc.o
    0x080076ee   0x080076ee   0x00000002   PAD
    0x080076f0   0x080076f0   0x00000098   Data   RO          938    .constdata          m_ws.l(atan.o)
    0x08007788   0x08007788   0x00000020   Data   RO         1155    Region$$Table       anon$$obj.o


    Execution Region RW_IRAM1 (Exec base: 0x20000000, Load base: 0x080077a8, Size: 0x000010c8, Max: 0x00002000, ABSOLUTE, COMPRESSED[0x00000058])

    Exec Addr    Load Addr    Size         Type   Attr      Idx    E Section Name        Object

    0x20000000   COMPRESSED   0x0000002c   Data   RW            7    .data               main.o
    0x2000002c   COMPRESSED   0x00000068   Data   RW          163    .data               bldc.o
    0x20000094   COMPRESSED   0x00000002   Data   RW          202    .data               setup.o
    0x20000096   COMPRESSED   0x00000002   PAD
    0x20000098   COMPRESSED   0x00000014   Data   RW          230    .data               it.o
    0x200000ac   COMPRESSED   0x00000008   Data   RW          318    .data               commsmasterslave.o
    0x200000b4   COMPRESSED   0x00000018   Data   RW          410    .data               commssteeringpwm.o
    0x200000cc   COMPRESSED   0x00000031   Data   RW          439    .data               commsaccelerometer.o
    0x200000fd   COMPRESSED   0x00000003   PAD
    0x20000100   COMPRESSED   0x00000013   Data   RW          468    .data               commsremote.o
    0x20000113   COMPRESSED   0x00000001   PAD
    0x20000114   COMPRESSED   0x0000006c   Data   RW          496    .data               navigator.o
    0x20000180   COMPRESSED   0x00000004   Data   RW          850    .data               system_gd32f1x0.o
    0x20000184        -       0x00000640   Zero   RW            5    .bss                main.o
    0x200007c4        -       0x00000084   Zero   RW          201    .bss                setup.o
    0x20000848        -       0x00000016   Zero   RW          438    .bss                commsaccelerometer.o
    0x2000085e        -       0x00000009   Zero   RW          467    .bss                commsremote.o
    0x20000867   COMPRESSED   0x00000001   PAD
    0x20000868        -       0x00000060   Zero   RW         1015    .bss                c_w.l(libspace.o)
    0x200008c8        -       0x00000400   Zero   RW          840    HEAP                startup_gd32f1x0.o
    0x20000cc8        -       0x00000400   Zero   RW          839    STACK               startup_gd32f1x0.o


==============================================================================

Image component sizes


      Code (inc. data)   RO Data    RW Data    ZI Data      Debug   Object Name

      2210        254         18        104          0       5412   bldc.o
       108          0          0          0          0       1313   comms.o
      2616        220          0         49         22       3834   commsaccelerometer.o
        44         10          0          0          0        491   commsinterlocks.o
       460         36          0          8          0       3016   commsmasterslave.o
       120         18          0         19          9       3058   commsremote.o
       716         46          0         24          0       1471   commssteeringpwm.o
      1668         22          0          0          0       6921   gd32f1x0_adc.o
      1204          8          0          0          0       5867   gd32f1x0_dma.o
       204         10          0          0          0       1774   gd32f1x0_fwdgt.o
       476         10          0          0          0       3733   gd32f1x0_gpio.o
       824         18          0          0          0       7374   gd32f1x0_i2c.o
       292         22          0          0          0       1853   gd32f1x0_misc.o
      2216         90          0          0          0       9352   gd32f1x0_rcu.o
      3370         30          0          0          0      17896   gd32f1x0_timer.o
      1614         12          0          0          0      14161   gd32f1x0_usart.o
       432         48          0         20          0       3606   it.o
      1476        188        724         44       1600      92856   main.o
       392         42          0        108          0       2578   navigator.o
      2188         76          0          2        132       3861   setup.o
        64         26        360          0       2048        896   startup_gd32f1x0.o
       492         52          0          4          0       2077   system_gd32f1x0.o

    ----------------------------------------------------------------------
     23190       1238       1136        388       3812     193400   Object Totals
         0          0         32          0          0          0   (incl. Generated)
         4          0          2          6          1          0   (incl. Padding)

    ----------------------------------------------------------------------

      Code (inc. data)   RO Data    RW Data    ZI Data      Debug   Library Member Name

        90          0          0          0          0          0   __dczerorl2.o
         8          0          0          0          0         68   __main.o
         0          0          0          0          0          0   __rtentry.o
        12          0          0          0          0          0   __rtentry2.o
         6          0          0          0          0          0   __rtentry4.o
        52          8          0          0          0          0   __scatter.o
        28          0          0          0          0          0   __scatter_zi.o
        22          0          0          0          0        100   _rserrno.o
        18          0          0          0          0         80   exit.o
         6          0          0          0          0        152   heapauxi.o
         0          0          0          0          0          0   indicate_semi.o
         2          0          0          0          0          0   libinit.o
         2          0          0          0          0          0   libinit2.o
         2          0          0          0          0          0   libshutdown.o
         2          0          0          0          0          0   libshutdown2.o
         8          4          0          0         96         68   libspace.o
         8          4          0          0          0         68   rt_errno_addr_intlibspace.o
       100          0          0          0          0         80   rt_memcpy_w.o
         2          0          0          0          0          0   rtexit.o
        10          0          0          0          0          0   rtexit2.o
        12          4          0          0          0         68   sys_exit.o
        74          0          0          0          0         80   sys_stackheap_outer.o
         2          0          0          0          0         68   use_no_semi.o
        98          4          0          0          0         92   d2f.o
       826         16          0          0          0        348   daddsub_clz.o
        16          4          0          0          0         68   dcheck1.o
        24          0          0          0          0         68   dcmpi.o
       688        140          0          0          0        208   ddiv.o
        46          0          0          0          0         68   dflt_clz.o
       120          4          0          0          0         92   dleqf.o
       340         12          0          0          0        104   dmul.o
       156          4          0          0          0         92   dnaninf.o
        12          0          0          0          0         68   dretinf.o
       108          0          0          0          0         80   drleqf.o
       460         56          0          0          0        120   dsqrt_noumaal.o
        86          4          0          0          0         84   f2d.o
       430          8          0          0          0        168   faddsub_clz.o
        24          0          0          0          0         68   fcmpi.o
       388         76          0          0          0         96   fdiv.o
        54          4          0          0          0         84   ffix.o
        86          0          0          0          0        136   fflt_clz.o
       104          4          0          0          0         84   fleqf.o
       258          4          0          0          0         84   fmul.o
       140          4          0          0          0         84   fnaninf.o
        10          0          0          0          0         68   fretinf.o
        98          0          0          0          0         68   frleqf.o
       100          0          0          0          0         68   retnan.o
        92          0          0          0          0         68   scalbn.o
        48          0          0          0          0         68   trapv.o
         0          0          0          0          0          0   usenofp.o
       544         70        152          0          0        124   atan.o
        22          6          0          0          0        136   dunder.o
        40          0          0          0          0         68   fpclassify.o
       170          0          0          0          0         96   poly.o
        76          0          0          0          0         84   sqrt.o

    ----------------------------------------------------------------------
      6154        440        152          0         96       3976   Library Totals
        24          0          0          0          0          0   (incl. Padding)

    ----------------------------------------------------------------------

      Code (inc. data)   RO Data    RW Data    ZI Data      Debug   Library Name

       466         20          0          0         96        832   c_w.l
      4812        344          0          0          0       2636   fz_ws.l
       852         76        152          0          0        508   m_ws.l

    ----------------------------------------------------------------------
      6154        440        152          0         96       3976   Library Totals

    ----------------------------------------------------------------------

==============================================================================


      Code (inc. data)   RO Data    RW Data    ZI Data      Debug   

     29344       1678       1288        388       3908     192848   Grand Totals
     29344       1678       1288         88       3908     192848   ELF Image Totals (compressed)
     29344       1678       1288         88          0          0   ROM Totals

==============================================================================

    Total RO  Size (Code + RO Data)                30632 (  29.91kB)
    Total RW  Size (RW Data + ZI Data)              4296 (   4.20kB)
    Total ROM Size (Code + RO Data + RW Data)      30720 (  30.00kB)

==============================================================================

