Component: ARM Compiler 5.06 update 6 (build 750) Tool: armlink [4d35ed]

==============================================================================

Section Cross References

    main.o(.text) refers to it.o(.text) for Delay
    main.o(.text) refers to commsmasterslave.o(.text) for SendSlave
    main.o(.text) refers to gd32f1x0_usart.o(.text) for usart_deinit
    main.o(.text) refers to bldc.o(.text) for SetEnable
    main.o(.text) refers to gd32f1x0_gpio.o(.text) for gpio_bit_write
    main.o(.text) refers to gd32f1x0_fwdgt.o(.text) for fwdgt_counter_reload
    main.o(.text) refers to system_gd32f1x0.o(.text) for SystemCoreClockUpdate
    main.o(.text) refers to setup.o(.text) for Watchdog_init
    main.o(.text) refers to commsremote.o(.text) for Send_Data_over_REMOTE_serialPort_of_MasterBoard
    main.o(.text) refers to dflt_clz.o(x$fpl$dflt) for __aeabi_i2d
    main.o(.text) refers to dleqf.o(x$fpl$dleqf) for __aeabi_cdcmple
    main.o(.text) refers to fflt_clz.o(x$fpl$fflt) for __aeabi_i2f
    main.o(.text) refers to faddsub_clz.o(x$fpl$fsub) for __aeabi_fsub
    main.o(.text) refers to f2d.o(x$fpl$f2d) for __aeabi_f2d
    main.o(.text) refers to dmul.o(x$fpl$dmul) for __aeabi_dmul
    main.o(.text) refers to ddiv.o(x$fpl$ddiv) for __aeabi_ddiv
    main.o(.text) refers to daddsub_clz.o(x$fpl$dadd) for __aeabi_dadd
    main.o(.text) refers to d2f.o(x$fpl$d2f) for __aeabi_d2f
    main.o(.text) refers to fmul.o(x$fpl$fmul) for __aeabi_fmul
    main.o(.text) refers to ffix.o(x$fpl$ffix) for __aeabi_f2iz
    main.o(.text) refers to fdiv.o(x$fpl$fdiv) for __aeabi_fdiv
    main.o(.text) refers to faddsub_clz.o(x$fpl$fadd) for __aeabi_fadd
    main.o(.text) refers to ffixu.o(x$fpl$ffixu) for __aeabi_f2uiz
    main.o(.text) refers to frleqf.o(x$fpl$frleqf) for __aeabi_cfrcmple
    main.o(.text) refers to fleqf.o(x$fpl$fleqf) for __aeabi_cfcmple
    main.o(.text) refers to bldc.o(.data) for buzzerPattern
    main.o(.text) refers to main.o(.data) for speed
    main.o(.text) refers to system_gd32f1x0.o(.data) for SystemCoreClock
    main.o(.text) refers to main.o(.constdata) for lookUpTableAngle
    main.o(.text) refers to drleqf.o(x$fpl$drleqf) for __aeabi_cdrcmple
    main.o(.text) refers to it.o(.data) for timedOut
    bldc.o(.text) refers to fflt_clz.o(x$fpl$ffltu) for __aeabi_ui2f
    bldc.o(.text) refers to f2d.o(x$fpl$f2d) for __aeabi_f2d
    bldc.o(.text) refers to dmul.o(x$fpl$dmul) for __aeabi_dmul
    bldc.o(.text) refers to daddsub_clz.o(x$fpl$dadd) for __aeabi_dadd
    bldc.o(.text) refers to d2f.o(x$fpl$d2f) for __aeabi_d2f
    bldc.o(.text) refers to gd32f1x0_gpio.o(.text) for gpio_bit_write
    bldc.o(.text) refers to dflt_clz.o(x$fpl$dflt) for __aeabi_i2d
    bldc.o(.text) refers to dleqf.o(x$fpl$dleqf) for __aeabi_cdcmple
    bldc.o(.text) refers to frleqf.o(x$fpl$frleqf) for __aeabi_cfrcmple
    bldc.o(.text) refers to gd32f1x0_timer.o(.text) for timer_automatic_output_disable
    bldc.o(.text) refers to dfix.o(x$fpl$dfix) for __aeabi_d2iz
    bldc.o(.text) refers to bldc.o(i.blockPWM) for blockPWM
    bldc.o(.text) refers to bldc.o(.data) for bldc_enable
    bldc.o(.text) refers to it.o(.data) for timedOut
    bldc.o(.text) refers to bldc.o(.constdata) for hall_to_pos
    bldc.o(.text) refers to fdiv.o(x$fpl$fdiv) for __aeabi_fdiv
    bldc.o(.text) refers to fleqf.o(x$fpl$fleqf) for __aeabi_cfcmple
    bldc.o(.text) refers to fflt_clz.o(x$fpl$fflt) for __aeabi_i2f
    bldc.o(.text) refers to fmul.o(x$fpl$fmul) for __aeabi_fmul
    bldc.o(.text) refers to faddsub_clz.o(x$fpl$fadd) for __aeabi_fadd
    bldc.o(.text) refers to ffix.o(x$fpl$ffix) for __aeabi_f2iz
    setup.o(.text) refers to gd32f1x0_misc.o(.text) for nvic_priority_group_set
    setup.o(.text) refers to gd32f1x0_rcu.o(.text) for rcu_flag_get
    setup.o(.text) refers to gd32f1x0_fwdgt.o(.text) for fwdgt_config
    setup.o(.text) refers to gd32f1x0_timer.o(.text) for timer_deinit
    setup.o(.text) refers to gd32f1x0_gpio.o(.text) for gpio_mode_set
    setup.o(.text) refers to setup.o(.bss) for timeoutTimer_paramter_struct
    setup.o(.text) refers to gd32f1x0_dma.o(.text) for dma_deinit
    setup.o(.text) refers to rt_memcpy_w.o(.text) for __aeabi_memcpy4
    setup.o(.text) refers to gd32f1x0_adc.o(.text) for adc_channel_length_config
    setup.o(.text) refers to gd32f1x0_i2c.o(.text) for i2c_clock_config
    setup.o(.text) refers to gd32f1x0_usart.o(.text) for usart_baudrate_set
    setup.o(.text) refers to bldc.o(.data) for adc_buffer
    setup.o(.text) refers to setup.o(.data) for usartMasterSlave_rx_buf
    it.o(.text) refers to commsaccelerometer.o(.text) for GetAccelerometerData
    it.o(.text) refers to navigator.o(.text) for checkNavigationStatus
    it.o(.text) refers to commsinterlocks.o(.text) for checkInterlockInputs
    it.o(.text) refers to gd32f1x0_timer.o(.text) for timer_interrupt_flag_clear
    it.o(.text) refers to gd32f1x0_adc.o(.text) for adc_software_trigger_enable
[...]
    .constdata                               0x08007924   Section       14  bldc.o(.constdata)
    .constdata                               0x08007938   Section      152  atan.o(.constdata)
    atanhi                                   0x08007938   Data          32  atan.o(.constdata)
    atanlo                                   0x08007958   Data          32  atan.o(.constdata)
    aTodd                                    0x08007978   Data          40  atan.o(.constdata)
    aTeven                                   0x080079a0   Data          48  atan.o(.constdata)
    .data                                    0x20000000   Section       44  main.o(.data)
    .data                                    0x2000002c   Section       96  bldc.o(.data)
    .data                                    0x2000008c   Section        2  setup.o(.data)
    .data                                    0x20000090   Section       12  it.o(.data)
    .data                                    0x2000009c   Section        8  commsmasterslave.o(.data)
    sMasterSlaveRecord                       0x2000009d   Data           1  commsmasterslave.o(.data)
    sUSARTMasterSlaveRecordBuffer            0x2000009e   Data           5  commsmasterslave.o(.data)
    sUSARTMasterSlaveRecordBufferCounter     0x200000a3   Data           1  commsmasterslave.o(.data)
    .data                                    0x200000a4   Section       16  commsactuator.o(.data)
    .data                                    0x200000b4   Section       21  commssteeringpwm.o(.data)
    .data                                    0x200000cc   Section       48  commsaccelerometer.o(.data)
    .data                                    0x200000fc   Section        4  commsremote.o(.data)
    isRecordingDataPacket                    0x200000fc   Data           1  commsremote.o(.data)
    sUSARTRemote_MasterBoard_RecordBufferCounter 0x200000fd   Data           1  commsremote.o(.data)
    .data                                    0x20000100   Section      108  navigator.o(.data)
    .data                                    0x2000016c   Section        4  system_gd32f1x0.o(.data)
    .bss                                     0x20000170   Section     1600  main.o(.bss)
    .bss                                     0x200007b0   Section      132  setup.o(.bss)
    .bss                                     0x20000834   Section       22  commsaccelerometer.o(.bss)
    .bss                                     0x2000084a   Section        9  commsremote.o(.bss)
    sUSARTRemote_MasterBoard_RecordBuffer    0x2000084a   Data           9  commsremote.o(.bss)
    .bss                                     0x20000854   Section       96  libspace.o(.bss)
    HEAP                                     0x200008b8   Section     1024  startup_gd32f1x0.o(HEAP)
    Heap_Mem                                 0x200008b8   Data        1024  startup_gd32f1x0.o(HEAP)
    STACK                                    0x20000cb8   Section     1024  startup_gd32f1x0.o(STACK)
    Stack_Mem                                0x20000cb8   Data        1024  startup_gd32f1x0.o(STACK)
    __initial_sp                             0x200010b8   Data           0  startup_gd32f1x0.o(STACK)

    Global Symbols

    Symbol Name                              Value     Ov Type        Size  Object(Section)

    BuildAttributes$$THM_ISAv4$P$D$K$B$S$PE$A:L22UL41UL21$X:L11$S22US41US21$IEEE1$IW$USESV6$~STKCKD$USESV7$~SHL$OTIME$ROPI$IEEEX$EBA8$UX$STANDARDLIB$REQ8$PRES8$EABIv2 0x00000000   Number         0  anon$$obj.o ABSOLUTE
    __ARM_use_no_argv                        0x00000000   Number         0  main.o ABSOLUTE
    __ARM_exceptions_init                     - Undefined Weak Reference
    __alloca_initialize                       - Undefined Weak Reference
    __arm_preinit_                            - Undefined Weak Reference
    __cpp_initialize__aeabi_                  - Undefined Weak Reference
    __cxa_finalize                            - Undefined Weak Reference
    __rt_locale                               - Undefined Weak Reference
    __sigvec_lookup                           - Undefined Weak Reference
    _atexit_init                              - Undefined Weak Reference
    _call_atexit_fns                          - Undefined Weak Reference
    _clock_init                               - Undefined Weak Reference
    _fp_trap_init                             - Undefined Weak Reference
    _fp_trap_shutdown                         - Undefined Weak Reference
    _get_lc_collate                           - Undefined Weak Reference
    _get_lc_ctype                             - Undefined Weak Reference
    _get_lc_monetary                          - Undefined Weak Reference
    _get_lc_numeric                           - Undefined Weak Reference
    _get_lc_time                              - Undefined Weak Reference
    _getenv_init                              - Undefined Weak Reference
    _handle_redirection                       - Undefined Weak Reference
    _init_alloc                               - Undefined Weak Reference
    _init_user_alloc                          - Undefined Weak Reference
    _initio                                   - Undefined Weak Reference
    _rand_init                                - Undefined Weak Reference
    _signal_finish                            - Undefined Weak Reference
    _signal_init                              - Undefined Weak Reference
    _terminate_alloc                          - Undefined Weak Reference
    _terminate_user_alloc                     - Undefined Weak Reference
    _terminateio                              - Undefined Weak Reference
    __Vectors_Size                           0x00000168   Number         0  startup_gd32f1x0.o ABSOLUTE
    __Vectors                                0x08000000   Data           4  startup_gd32f1x0.o(RESET)
    __Vectors_End                            0x08000168   Data           0  startup_gd32f1x0.o(RESET)
    __main                                   0x08000169   Thumb Code     8  __main.o(!!!main)
    __scatterload                            0x08000171   Thumb Code     0  __scatter.o(!!!scatter)
    __scatterload_rt2                        0x08000171   Thumb Code    44  __scatter.o(!!!scatter)
    __scatterload_rt2_thumb_only             0x08000171   Thumb Code     0  __scatter.o(!!!scatter)
    __scatterload_null                       0x0800017f   Thumb Code     0  __scatter.o(!!!scatter)
    __decompress                             0x080001a5   Thumb Code    90  __dczerorl2.o(!!dczerorl2)
    __decompress1                            0x080001a5   Thumb Code     0  __dczerorl2.o(!!dczerorl2)
    __scatterload_zeroinit                   0x08000201   Thumb Code    28  __scatter_zi.o(!!handler_zi)
    __rt_lib_init                            0x0800021d   Thumb Code     0  libinit.o(.ARM.Collect$$libinit$$00000000)
    __rt_lib_init_alloca_1                   0x0800021f   Thumb Code     0  libinit2.o(.ARM.Collect$$libinit$$0000002E)
    __rt_lib_init_argv_1                     0x0800021f   Thumb Code     0  libinit2.o(.ARM.Collect$$libinit$$0000002C)
    __rt_lib_init_atexit_1                   0x0800021f   Thumb Code     0  libinit2.o(.ARM.Collect$$libinit$$0000001B)
    __rt_lib_init_clock_1                    0x0800021f   Thumb Code     0  libinit2.o(.ARM.Collect$$libinit$$00000021)
    __rt_lib_init_cpp_1                      0x0800021f   Thumb Code     0  libinit2.o(.ARM.Collect$$libinit$$00000032)
    __rt_lib_init_exceptions_1               0x0800021f   Thumb Code     0  libinit2.o(.ARM.Collect$$libinit$$00000030)
    __rt_lib_init_fp_1                       0x0800021f   Thumb Code     0  libinit2.o(.ARM.Collect$$libinit$$00000002)
    __rt_lib_init_fp_trap_1                  0x0800021f   Thumb Code     0  libinit2.o(.ARM.Collect$$libinit$$0000001F)
    __rt_lib_init_getenv_1                   0x0800021f   Thumb Code     0  libinit2.o(.ARM.Collect$$libinit$$00000023)
    __rt_lib_init_heap_1                     0x0800021f   Thumb Code     0  libinit2.o(.ARM.Collect$$libinit$$0000000A)
    __rt_lib_init_lc_collate_1               0x0800021f   Thumb Code     0  libinit2.o(.ARM.Collect$$libinit$$00000011)
    __rt_lib_init_lc_ctype_1                 0x0800021f   Thumb Code     0  libinit2.o(.ARM.Collect$$libinit$$00000013)
    __rt_lib_init_lc_monetary_1              0x0800021f   Thumb Code     0  libinit2.o(.ARM.Collect$$libinit$$00000015)
    __rt_lib_init_lc_numeric_1               0x0800021f   Thumb Code     0  libinit2.o(.ARM.Collect$$libinit$$00000017)
    __rt_lib_init_lc_time_1                  0x0800021f   Thumb Code     0  libinit2.o(.ARM.Collect$$libinit$$00000019)
    __rt_lib_init_preinit_1                  0x0800021f   Thumb Code     0  libinit2.o(.ARM.Collect$$libinit$$00000004)
    __rt_lib_init_rand_1                     0x0800021f   Thumb Code     0  libinit2.o(.ARM.Collect$$libinit$$0000000E)
    __rt_lib_init_return                     0x0800021f   Thumb Code     0  libinit2.o(.ARM.Collect$$libinit$$00000033)
    __rt_lib_init_signal_1                   0x0800021f   Thumb Code     0  libinit2.o(.ARM.Collect$$libinit$$0000001D)
    __rt_lib_init_stdio_1                    0x0800021f   Thumb Code     0  libinit2.o(.ARM.Collect$$libinit$$00000025)
    __rt_lib_init_user_alloc_1               0x0800021f   Thumb Code     0  libinit2.o(.ARM.Collect$$libinit$$0000000C)
    __rt_lib_shutdown                        0x08000221   Thumb Code     0  libshutdown.o(.ARM.Collect$$libshutdown$$00000000)
    __rt_lib_shutdown_cpp_1                  0x08000223   Thumb Code     0  libshutdown2.o(.ARM.Collect$$libshutdown$$00000002)
    __rt_lib_shutdown_fp_trap_1              0x08000223   Thumb Code     0  libshutdown2.o(.ARM.Collect$$libshutdown$$00000007)
    __rt_lib_shutdown_heap_1                 0x08000223   Thumb Code     0  libshutdown2.o(.ARM.Collect$$libshutdown$$0000000F)
    __rt_lib_shutdown_return                 0x08000223   Thumb Code     0  libshutdown2.o(.ARM.Collect$$libshutdown$$00000010)
    __rt_lib_shutdown_signal_1               0x08000223   Thumb Code     0  libshutdown2.o(.ARM.Collect$$libshutdown$$0000000A)
    __rt_lib_shutdown_stdio_1                0x08000223   Thumb Code     0  libshutdown2.o(.ARM.Collect$$libshutdown$$00000004)
    __rt_lib_shutdown_user_alloc_1           0x08000223   Thumb Code     0  libshutdown2.o(.ARM.Collect$$libshutdown$$0000000C)
    __rt_entry                               0x08000225   Thumb Code     0  __rtentry.o(.ARM.Collect$$rtentry$$00000000)
    __rt_entry_presh_1                       0x08000225   Thumb Code     0  __rtentry2.o(.ARM.Collect$$rtentry$$00000002)
    __rt_entry_sh                            0x08000225   Thumb Code     0  __rtentry4.o(.ARM.Collect$$rtentry$$00000004)
    __rt_entry_li                            0x0800022b   Thumb Code     0  __rtentry2.o(.ARM.Collect$$rtentry$$0000000A)
    __rt_entry_postsh_1                      0x0800022b   Thumb Code     0  __rtentry2.o(.ARM.Collect$$rtentry$$00000009)
    __rt_entry_main                          0x0800022f   Thumb Code     0  __rtentry2.o(.ARM.Collect$$rtentry$$0000000D)
    __rt_entry_postli_1                      0x0800022f   Thumb Code     0  __rtentry2.o(.ARM.Collect$$rtentry$$0000000C)
    __rt_exit                                0x08000237   Thumb Code     0  rtexit.o(.ARM.Collect$$rtexit$$00000000)
    __rt_exit_ls                             0x08000239   Thumb Code     0  rtexit2.o(.ARM.Collect$$rtexit$$00000003)
    __rt_exit_prels_1                        0x08000239   Thumb Code     0  rtexit2.o(.ARM.Collect$$rtexit$$00000002)
    __rt_exit_exit                           0x0800023d   Thumb Code     0  rtexit2.o(.ARM.Collect$$rtexit$$00000004)
    ShutOff                                  0x08000245   Thumb Code    84  main.o(.text)
    ShowBatteryState                         0x08000299   Thumb Code     2  main.o(.text)
    BeepsBackwards                           0x0800029b   Thumb Code    40  main.o(.text)
    main                                     0x080002c3   Thumb Code  1522  main.o(.text)
    SetEnable                                0x08000905   Thumb Code     6  bldc.o(.text)
    SetPWM                                   0x0800090b   Thumb Code    30  bldc.o(.text)
    CalculateBLDC                            0x08000929   Thumb Code  1652  bldc.o(.text)
    go_to                                    0x08000f9d   Thumb Code   166  bldc.o(.text)
    Interrupt_init                           0x08001095   Thumb Code    12  setup.o(.text)
    Watchdog_init                            0x080010a1   Thumb Code    54  setup.o(.text)
    TimeoutTimer_init                        0x080010d7   Thumb Code    80  setup.o(.text)
    GPIO_init                                0x08001127   Thumb Code   950  setup.o(.text)
    PWM_init                                 0x080014dd   Thumb Code   356  setup.o(.text)
    ADC_init                                 0x08001641   Thumb Code   226  setup.o(.text)
    I2C_IMU_init                             0x08001723   Thumb Code    40  setup.o(.text)
    USART_MasterSlave_init                   0x0800174b   Thumb Code   206  setup.o(.text)
    USART_REMOTE_COM_init                    0x08001819   Thumb Code   264  setup.o(.text)
    SysTick_Handler                          0x08001921   Thumb Code    12  it.o(.text)
    ResetTimeout                             0x0800192d   Thumb Code     8  it.o(.text)
    TIMER_20ms                               0x08001935   Thumb Code     8  it.o(.text)
    TIMER_1000ms                             0x0800193d   Thumb Code     8  it.o(.text)
    TIMER_100ms                              0x08001945   Thumb Code    36  it.o(.text)
    TIMER13_IRQHandler                       0x08001969   Thumb Code   122  it.o(.text)
    TIMER0_BRK_UP_TRG_COM_IRQHandler         0x080019e3   Thumb Code    26  it.o(.text)
    DMA_Channel0_IRQHandler                  0x080019fd   Thumb Code    26  it.o(.text)
    DMA_Channel1_2_IRQHandler                0x08001a17   Thumb Code    26  it.o(.text)
    DMA_Channel3_4_IRQHandler                0x08001a31   Thumb Code    26  it.o(.text)
    millis                                   0x08001a4b   Thumb Code     6  it.o(.text)
    Delay                                    0x08001a51   Thumb Code    20  it.o(.text)
    NMI_Handler                              0x08001a65   Thumb Code     2  it.o(.text)
    HardFault_Handler                        0x08001a67   Thumb Code     4  it.o(.text)
    MemManage_Handler                        0x08001a6b   Thumb Code     4  it.o(.text)
    BusFault_Handler                         0x08001a6f   Thumb Code     4  it.o(.text)
    UsageFault_Handler                       0x08001a73   Thumb Code     4  it.o(.text)
    SVC_Handler                              0x08001a77   Thumb Code     2  it.o(.text)
    DebugMon_Handler                         0x08001a79   Thumb Code     2  it.o(.text)
    PendSV_Handler                           0x08001a7b   Thumb Code     2  it.o(.text)
    SendBuffer                               0x08001aa9   Thumb Code    50  comms.o(.text)
    CalcCRC                                  0x08001adb   Thumb Code    62  comms.o(.text)
    CheckUSARTMasterSlaveInput               0x08001b19   Thumb Code   126  commsmasterslave.o(.text)
    UpdateUSARTMasterSlaveInput              0x08001b97   Thumb Code    70  commsmasterslave.o(.text)
    SendSlave                                0x08001bdd   Thumb Code   226  commsmasterslave.o(.text)
    UpdateActuatorOutput                     0x08001ce5   Thumb Code   144  commsactuator.o(.text)
    checkInterlockInputs                     0x08001d89   Thumb Code    34  commsinterlocks.o(.text)
    CheckPWMRemoteControlInput               0x08001db5   Thumb Code   594  commssteeringpwm.o(.text)
    GetAccelerometerData                     0x08002051   Thumb Code  2460  commsaccelerometer.o(.text)
    Send_Data_over_REMOTE_serialPort_of_MasterBoard 0x08002a19   Thumb Code     2  commsremote.o(.text)
    CheckUSART_Remote_MasterBoard_Input      0x08002a1b   Thumb Code    24  commsremote.o(.text)
    UpdateUSART_REMOTE_MASTER_BOARD_Input    0x08002a33   Thumb Code    76  commsremote.o(.text)
    move                                     0x08002a91   Thumb Code   162  navigator.o(.text)
    checkNavigationStatus                    0x08002b33   Thumb Code   116  navigator.o(.text)
    adc_deinit                               0x08002bcd   Thumb Code    20  gd32f1x0_adc.o(.text)
    adc_enable                               0x08002be1   Thumb Code    24  gd32f1x0_adc.o(.text)
    adc_disable                              0x08002bf9   Thumb Code    14  gd32f1x0_adc.o(.text)
    adc_calibration_enable                   0x08002c07   Thumb Code    54  gd32f1x0_adc.o(.text)
    adc_dma_mode_enable                      0x08002c3d   Thumb Code    14  gd32f1x0_adc.o(.text)
    adc_dma_mode_disable                     0x08002c4b   Thumb Code    14  gd32f1x0_adc.o(.text)
    adc_tempsensor_vrefint_enable            0x08002c59   Thumb Code    14  gd32f1x0_adc.o(.text)
    adc_tempsensor_vrefint_disable           0x08002c67   Thumb Code    14  gd32f1x0_adc.o(.text)
    adc_vbat_enable                          0x08002c75   Thumb Code    14  gd32f1x0_adc.o(.text)
    adc_vbat_disable                         0x08002c83   Thumb Code    14  gd32f1x0_adc.o(.text)
    adc_discontinuous_mode_config            0x08002c91   Thumb Code    94  gd32f1x0_adc.o(.text)
    adc_special_function_config              0x08002cef   Thumb Code   130  gd32f1x0_adc.o(.text)
    adc_data_alignment_config                0x08002d71   Thumb Code    30  gd32f1x0_adc.o(.text)
    adc_channel_length_config                0x08002d8f   Thumb Code    88  gd32f1x0_adc.o(.text)
    adc_regular_channel_config               0x08002de7   Thumb Code   218  gd32f1x0_adc.o(.text)
    adc_inserted_channel_config              0x08002ec1   Thumb Code   146  gd32f1x0_adc.o(.text)
    adc_inserted_channel_offset_config       0x08002f53   Thumb Code    42  gd32f1x0_adc.o(.text)
    adc_external_trigger_config              0x08002f7d   Thumb Code    88  gd32f1x0_adc.o(.text)
    adc_external_trigger_source_config       0x08002fd5   Thumb Code    60  gd32f1x0_adc.o(.text)
    adc_software_trigger_enable              0x08003011   Thumb Code    38  gd32f1x0_adc.o(.text)
    adc_regular_data_read                    0x08003037   Thumb Code    10  gd32f1x0_adc.o(.text)
    adc_inserted_data_read                   0x08003041   Thumb Code    60  gd32f1x0_adc.o(.text)
    adc_flag_get                             0x0800307d   Thumb Code    18  gd32f1x0_adc.o(.text)
    adc_flag_clear                           0x0800308f   Thumb Code    16  gd32f1x0_adc.o(.text)
    adc_interrupt_flag_get                   0x0800309f   Thumb Code   108  gd32f1x0_adc.o(.text)
    adc_interrupt_flag_clear                 0x0800310b   Thumb Code    16  gd32f1x0_adc.o(.text)
    adc_interrupt_enable                     0x0800311b   Thumb Code    68  gd32f1x0_adc.o(.text)
    adc_interrupt_disable                    0x0800315f   Thumb Code    68  gd32f1x0_adc.o(.text)
    adc_watchdog_single_channel_enable       0x080031a3   Thumb Code    40  gd32f1x0_adc.o(.text)
    adc_watchdog_group_channel_enable        0x080031cb   Thumb Code    92  gd32f1x0_adc.o(.text)
    adc_watchdog_disable                     0x08003227   Thumb Code    18  gd32f1x0_adc.o(.text)
    adc_watchdog_threshold_config            0x08003239   Thumb Code    12  gd32f1x0_adc.o(.text)
    dma_deinit                               0x08003251   Thumb Code    88  gd32f1x0_dma.o(.text)
    dma_init                                 0x080032a9   Thumb Code   270  gd32f1x0_dma.o(.text)
    dma_circulation_enable                   0x080033b7   Thumb Code    30  gd32f1x0_dma.o(.text)
    dma_circulation_disable                  0x080033d5   Thumb Code    30  gd32f1x0_dma.o(.text)
    dma_memory_to_memory_enable              0x080033f3   Thumb Code    30  gd32f1x0_dma.o(.text)
    dma_memory_to_memory_disable             0x08003411   Thumb Code    30  gd32f1x0_dma.o(.text)
    dma_channel_enable                       0x0800342f   Thumb Code    30  gd32f1x0_dma.o(.text)
    dma_channel_disable                      0x0800344d   Thumb Code    30  gd32f1x0_dma.o(.text)
    dma_periph_address_config                0x0800346b   Thumb Code    14  gd32f1x0_dma.o(.text)
    dma_memory_address_config                0x08003479   Thumb Code    14  gd32f1x0_dma.o(.text)
    dma_transfer_number_config               0x08003487   Thumb Code    14  gd32f1x0_dma.o(.text)
    dma_transfer_number_get                  0x08003495   Thumb Code    16  gd32f1x0_dma.o(.text)
    dma_priority_config                      0x080034a5   Thumb Code    34  gd32f1x0_dma.o(.text)
    dma_memory_width_config                  0x080034c7   Thumb Code    34  gd32f1x0_dma.o(.text)
    dma_periph_width_config                  0x080034e9   Thumb Code    34  gd32f1x0_dma.o(.text)
    dma_memory_increase_enable               0x0800350b   Thumb Code    30  gd32f1x0_dma.o(.text)
    dma_memory_increase_disable              0x08003529   Thumb Code    30  gd32f1x0_dma.o(.text)
    dma_periph_increase_enable               0x08003547   Thumb Code    30  gd32f1x0_dma.o(.text)
    dma_periph_increase_disable              0x08003565   Thumb Code    30  gd32f1x0_dma.o(.text)
    dma_transfer_direction_config            0x08003583   Thumb Code    64  gd32f1x0_dma.o(.text)
    dma_interrupt_flag_get                   0x080035c3   Thumb Code   196  gd32f1x0_dma.o(.text)
    dma_interrupt_flag_clear                 0x08003687   Thumb Code    18  gd32f1x0_dma.o(.text)
    dma_interrupt_enable                     0x08003699   Thumb Code    30  gd32f1x0_dma.o(.text)
    dma_interrupt_disable                    0x080036b7   Thumb Code    30  gd32f1x0_dma.o(.text)
    dma_flag_get                             0x080036d5   Thumb Code    26  gd32f1x0_dma.o(.text)
    dma_flag_clear                           0x080036ef   Thumb Code    18  gd32f1x0_dma.o(.text)
    fwdgt_write_disable                      0x08003705   Thumb Code     8  gd32f1x0_fwdgt.o(.text)
    fwdgt_counter_reload                     0x0800370d   Thumb Code    10  gd32f1x0_fwdgt.o(.text)
    fwdgt_enable                             0x08003717   Thumb Code    10  gd32f1x0_fwdgt.o(.text)
    fwdgt_window_value_config                0x08003721   Thumb Code    54  gd32f1x0_fwdgt.o(.text)
    fwdgt_config                             0x08003757   Thumb Code    94  gd32f1x0_fwdgt.o(.text)
    fwdgt_flag_get                           0x080037b5   Thumb Code    18  gd32f1x0_fwdgt.o(.text)
    gpio_deinit                              0x080037d1   Thumb Code   140  gd32f1x0_gpio.o(.text)
    gpio_mode_set                            0x0800385d   Thumb Code    78  gd32f1x0_gpio.o(.text)
    gpio_output_options_set                  0x080038ab   Thumb Code    66  gd32f1x0_gpio.o(.text)
    gpio_bit_set                             0x080038ed   Thumb Code     4  gd32f1x0_gpio.o(.text)
    gpio_bit_reset                           0x080038f1   Thumb Code     4  gd32f1x0_gpio.o(.text)
    gpio_bit_write                           0x080038f5   Thumb Code    10  gd32f1x0_gpio.o(.text)
    gpio_port_write                          0x080038ff   Thumb Code     4  gd32f1x0_gpio.o(.text)
    gpio_input_bit_get                       0x08003903   Thumb Code    16  gd32f1x0_gpio.o(.text)
    gpio_input_port_get                      0x08003913   Thumb Code     8  gd32f1x0_gpio.o(.text)
    gpio_output_bit_get                      0x0800391b   Thumb Code    16  gd32f1x0_gpio.o(.text)
    gpio_output_port_get                     0x0800392b   Thumb Code     8  gd32f1x0_gpio.o(.text)
    gpio_af_set                              0x08003933   Thumb Code    94  gd32f1x0_gpio.o(.text)
    gpio_pin_lock                            0x08003991   Thumb Code    18  gd32f1x0_gpio.o(.text)
    i2c_deinit                               0x080039ad   Thumb Code    60  gd32f1x0_i2c.o(.text)
    i2c_clock_config                         0x080039e9   Thumb Code   204  gd32f1x0_i2c.o(.text)
    i2c_mode_addr_config                     0x08003ab5   Thumb Code    24  gd32f1x0_i2c.o(.text)
    i2c_smbus_type_config                    0x08003acd   Thumb Code    24  gd32f1x0_i2c.o(.text)
    i2c_ack_config                           0x08003ae5   Thumb Code    24  gd32f1x0_i2c.o(.text)
    i2c_ackpos_config                        0x08003afd   Thumb Code    22  gd32f1x0_i2c.o(.text)
    i2c_master_addressing                    0x08003b13   Thumb Code    20  gd32f1x0_i2c.o(.text)
    i2c_dualaddr_enable                      0x08003b27   Thumb Code    24  gd32f1x0_i2c.o(.text)
    i2c_enable                               0x08003b3f   Thumb Code    10  gd32f1x0_i2c.o(.text)
    i2c_disable                              0x08003b49   Thumb Code    10  gd32f1x0_i2c.o(.text)
    i2c_start_on_bus                         0x08003b53   Thumb Code    10  gd32f1x0_i2c.o(.text)
    i2c_stop_on_bus                          0x08003b5d   Thumb Code    10  gd32f1x0_i2c.o(.text)
    i2c_data_transmit                        0x08003b67   Thumb Code     6  gd32f1x0_i2c.o(.text)
    i2c_data_receive                         0x08003b6d   Thumb Code     8  gd32f1x0_i2c.o(.text)
    i2c_dma_enable                           0x08003b75   Thumb Code    16  gd32f1x0_i2c.o(.text)
    i2c_dma_last_transfer_enable             0x08003b85   Thumb Code    16  gd32f1x0_i2c.o(.text)
    i2c_stretch_scl_low_config               0x08003b95   Thumb Code    16  gd32f1x0_i2c.o(.text)
    i2c_slave_response_to_gcall_config       0x08003ba5   Thumb Code    16  gd32f1x0_i2c.o(.text)
    i2c_software_reset_config                0x08003bb5   Thumb Code    16  gd32f1x0_i2c.o(.text)
    i2c_flag_get                             0x08003bc5   Thumb Code    50  gd32f1x0_i2c.o(.text)
    i2c_flag_clear                           0x08003bf7   Thumb Code    18  gd32f1x0_i2c.o(.text)
    i2c_interrupt_enable                     0x08003c09   Thumb Code     8  gd32f1x0_i2c.o(.text)
    i2c_interrupt_disable                    0x08003c11   Thumb Code     8  gd32f1x0_i2c.o(.text)
    i2c_interrupt_flag_get                   0x08003c19   Thumb Code    94  gd32f1x0_i2c.o(.text)
    i2c_interrupt_flag_clear                 0x08003c77   Thumb Code    18  gd32f1x0_i2c.o(.text)
    i2c_pec_enable                           0x08003c89   Thumb Code    16  gd32f1x0_i2c.o(.text)
    i2c_pec_transfer_enable                  0x08003c99   Thumb Code    16  gd32f1x0_i2c.o(.text)
    i2c_pec_value_get                        0x08003ca9   Thumb Code    10  gd32f1x0_i2c.o(.text)
    i2c_smbus_issue_alert                    0x08003cb3   Thumb Code    16  gd32f1x0_i2c.o(.text)
    i2c_smbus_arp_enable                     0x08003cc3   Thumb Code    16  gd32f1x0_i2c.o(.text)
    nvic_priority_group_set                  0x08003ce5   Thumb Code    10  gd32f1x0_misc.o(.text)
    nvic_irq_enable                          0x08003cef   Thumb Code   156  gd32f1x0_misc.o(.text)
    nvic_irq_disable                         0x08003d8b   Thumb Code    18  gd32f1x0_misc.o(.text)
    nvic_vector_table_set                    0x08003d9d   Thumb Code    14  gd32f1x0_misc.o(.text)
    system_lowpower_set                      0x08003dab   Thumb Code    16  gd32f1x0_misc.o(.text)
    system_lowpower_reset                    0x08003dbb   Thumb Code    16  gd32f1x0_misc.o(.text)
    systick_clksource_set                    0x08003dcb   Thumb Code    40  gd32f1x0_misc.o(.text)
    rcu_deinit                               0x08003e09   Thumb Code   112  gd32f1x0_rcu.o(.text)
    rcu_periph_clock_enable                  0x08003e79   Thumb Code    28  gd32f1x0_rcu.o(.text)
    rcu_periph_clock_disable                 0x08003e95   Thumb Code    28  gd32f1x0_rcu.o(.text)
    rcu_periph_clock_sleep_enable            0x08003eb1   Thumb Code    28  gd32f1x0_rcu.o(.text)
    rcu_periph_clock_sleep_disable           0x08003ecd   Thumb Code    28  gd32f1x0_rcu.o(.text)
    rcu_periph_reset_enable                  0x08003ee9   Thumb Code    28  gd32f1x0_rcu.o(.text)
    rcu_periph_reset_disable                 0x08003f05   Thumb Code    28  gd32f1x0_rcu.o(.text)
    rcu_bkp_reset_enable                     0x08003f21   Thumb Code    14  gd32f1x0_rcu.o(.text)
    rcu_bkp_reset_disable                    0x08003f2f   Thumb Code    14  gd32f1x0_rcu.o(.text)
    rcu_system_clock_source_config           0x08003f3d   Thumb Code    22  gd32f1x0_rcu.o(.text)
    rcu_system_clock_source_get              0x08003f53   Thumb Code    10  gd32f1x0_rcu.o(.text)
    rcu_ahb_clock_config                     0x08003f5d   Thumb Code    22  gd32f1x0_rcu.o(.text)
    rcu_apb1_clock_config                    0x08003f73   Thumb Code    22  gd32f1x0_rcu.o(.text)
    rcu_apb2_clock_config                    0x08003f89   Thumb Code    22  gd32f1x0_rcu.o(.text)
    rcu_adc_clock_config                     0x08003f9f   Thumb Code   148  gd32f1x0_rcu.o(.text)
    rcu_usbd_clock_config                    0x08004033   Thumb Code    22  gd32f1x0_rcu.o(.text)
    rcu_ckout_config                         0x08004049   Thumb Code    24  gd32f1x0_rcu.o(.text)
    rcu_pll_config                           0x08004061   Thumb Code    28  gd32f1x0_rcu.o(.text)
    rcu_usart_clock_config                   0x0800407d   Thumb Code    22  gd32f1x0_rcu.o(.text)
    rcu_cec_clock_config                     0x08004093   Thumb Code    22  gd32f1x0_rcu.o(.text)
    rcu_rtc_clock_config                     0x080040a9   Thumb Code    22  gd32f1x0_rcu.o(.text)
    rcu_hxtal_prediv_config                  0x080040bf   Thumb Code    20  gd32f1x0_rcu.o(.text)
    rcu_lxtal_drive_capability_config        0x080040d3   Thumb Code    22  gd32f1x0_rcu.o(.text)
    rcu_flag_get                             0x080040e9   Thumb Code    30  gd32f1x0_rcu.o(.text)
    rcu_all_reset_flag_clear                 0x08004107   Thumb Code    14  gd32f1x0_rcu.o(.text)
    rcu_interrupt_flag_get                   0x08004115   Thumb Code    18  gd32f1x0_rcu.o(.text)
    rcu_interrupt_flag_clear                 0x08004127   Thumb Code    12  gd32f1x0_rcu.o(.text)
    rcu_interrupt_enable                     0x08004133   Thumb Code    12  gd32f1x0_rcu.o(.text)
    rcu_interrupt_disable                    0x0800413f   Thumb Code    12  gd32f1x0_rcu.o(.text)
    rcu_osci_stab_wait                       0x0800414b   Thumb Code   284  gd32f1x0_rcu.o(.text)
    rcu_osci_on                              0x08004267   Thumb Code    28  gd32f1x0_rcu.o(.text)
    rcu_osci_off                             0x08004283   Thumb Code    28  gd32f1x0_rcu.o(.text)
    rcu_osci_bypass_mode_enable              0x0800429f   Thumb Code    94  gd32f1x0_rcu.o(.text)
    rcu_osci_bypass_mode_disable             0x080042fd   Thumb Code    94  gd32f1x0_rcu.o(.text)
    rcu_hxtal_clock_monitor_enable           0x0800435b   Thumb Code    14  gd32f1x0_rcu.o(.text)
    rcu_hxtal_clock_monitor_disable          0x08004369   Thumb Code    14  gd32f1x0_rcu.o(.text)
    rcu_irc8m_adjust_value_set               0x08004377   Thumb Code    20  gd32f1x0_rcu.o(.text)
    rcu_irc14m_adjust_value_set              0x0800438b   Thumb Code    20  gd32f1x0_rcu.o(.text)
    rcu_voltage_key_unlock                   0x0800439f   Thumb Code    28  gd32f1x0_rcu.o(.text)
    rcu_deepsleep_voltage_set                0x080043bb   Thumb Code    30  gd32f1x0_rcu.o(.text)
    rcu_power_down_voltage_set               0x080043d9   Thumb Code    30  gd32f1x0_rcu.o(.text)
    rcu_clock_freq_get                       0x080043f7   Thumb Code   690  gd32f1x0_rcu.o(.text)
    timer_deinit                             0x080046b1   Thumb Code   210  gd32f1x0_timer.o(.text)
    timer_init                               0x08004783   Thumb Code   126  gd32f1x0_timer.o(.text)
    timer_enable                             0x08004801   Thumb Code    10  gd32f1x0_timer.o(.text)
    timer_disable                            0x0800480b   Thumb Code    10  gd32f1x0_timer.o(.text)
    timer_auto_reload_shadow_enable          0x08004815   Thumb Code    10  gd32f1x0_timer.o(.text)
    timer_auto_reload_shadow_disable         0x0800481f   Thumb Code    10  gd32f1x0_timer.o(.text)
    timer_update_event_enable                0x08004829   Thumb Code    10  gd32f1x0_timer.o(.text)
    timer_update_event_disable               0x08004833   Thumb Code    10  gd32f1x0_timer.o(.text)
    timer_counter_alignment                  0x0800483d   Thumb Code    16  gd32f1x0_timer.o(.text)
    timer_counter_up_direction               0x0800484d   Thumb Code    14  gd32f1x0_timer.o(.text)
    timer_counter_down_direction             0x0800485b   Thumb Code    18  gd32f1x0_timer.o(.text)
    timer_prescaler_config                   0x0800486d   Thumb Code    14  gd32f1x0_timer.o(.text)
    timer_repetition_value_config            0x0800487b   Thumb Code     4  gd32f1x0_timer.o(.text)
    timer_autoreload_value_config            0x0800487f   Thumb Code     4  gd32f1x0_timer.o(.text)
    timer_counter_value_config               0x08004883   Thumb Code     4  gd32f1x0_timer.o(.text)
    timer_counter_read                       0x08004887   Thumb Code     8  gd32f1x0_timer.o(.text)
    timer_prescaler_read                     0x0800488f   Thumb Code    10  gd32f1x0_timer.o(.text)
    timer_single_pulse_mode_config           0x08004899   Thumb Code    26  gd32f1x0_timer.o(.text)
    timer_update_source_config               0x080048b3   Thumb Code    26  gd32f1x0_timer.o(.text)
    timer_interrupt_enable                   0x080048cd   Thumb Code     8  gd32f1x0_timer.o(.text)
    timer_interrupt_disable                  0x080048d5   Thumb Code     8  gd32f1x0_timer.o(.text)
    timer_interrupt_flag_get                 0x080048dd   Thumb Code    32  gd32f1x0_timer.o(.text)
    timer_interrupt_flag_clear               0x080048fd   Thumb Code     8  gd32f1x0_timer.o(.text)
    timer_flag_get                           0x08004905   Thumb Code    18  gd32f1x0_timer.o(.text)
    timer_flag_clear                         0x08004917   Thumb Code     8  gd32f1x0_timer.o(.text)
    timer_dma_enable                         0x0800491f   Thumb Code     8  gd32f1x0_timer.o(.text)
    timer_dma_disable                        0x08004927   Thumb Code     8  gd32f1x0_timer.o(.text)
    timer_channel_dma_request_source_select  0x0800492f   Thumb Code    26  gd32f1x0_timer.o(.text)
    timer_dma_transfer_config                0x08004949   Thumb Code    24  gd32f1x0_timer.o(.text)
    timer_event_software_generate            0x08004961   Thumb Code     8  gd32f1x0_timer.o(.text)
    timer_break_config                       0x08004969   Thumb Code    30  gd32f1x0_timer.o(.text)
    timer_break_enable                       0x08004987   Thumb Code    10  gd32f1x0_timer.o(.text)
    timer_break_disable                      0x08004991   Thumb Code     8  gd32f1x0_timer.o(.text)
    timer_automatic_output_enable            0x08004999   Thumb Code    10  gd32f1x0_timer.o(.text)
    timer_automatic_output_disable           0x080049a3   Thumb Code     8  gd32f1x0_timer.o(.text)
    timer_primary_output_config              0x080049ab   Thumb Code    22  gd32f1x0_timer.o(.text)
    timer_channel_control_shadow_config      0x080049c1   Thumb Code    22  gd32f1x0_timer.o(.text)
    timer_channel_control_shadow_update_config 0x080049d7   Thumb Code    26  gd32f1x0_timer.o(.text)
    timer_channel_output_config              0x080049f1   Thumb Code   472  gd32f1x0_timer.o(.text)
    timer_channel_output_mode_config         0x08004bc9   Thumb Code    90  gd32f1x0_timer.o(.text)
    timer_channel_output_pulse_value_config  0x08004c23   Thumb Code    38  gd32f1x0_timer.o(.text)
    timer_channel_output_shadow_config       0x08004c49   Thumb Code    90  gd32f1x0_timer.o(.text)
    timer_channel_output_fast_config         0x08004ca3   Thumb Code    90  gd32f1x0_timer.o(.text)
    timer_channel_output_clear_config        0x08004cfd   Thumb Code    90  gd32f1x0_timer.o(.text)
    timer_channel_output_polarity_config     0x08004d57   Thumb Code    92  gd32f1x0_timer.o(.text)
    timer_channel_complementary_output_polarity_config 0x08004db3   Thumb Code    70  gd32f1x0_timer.o(.text)
    timer_ocpre_clear_source_config          0x08004df9   Thumb Code    26  gd32f1x0_timer.o(.text)
    timer_channel_output_state_config        0x08004e13   Thumb Code    92  gd32f1x0_timer.o(.text)
    timer_channel_complementary_output_state_config 0x08004e6f   Thumb Code    70  gd32f1x0_timer.o(.text)
    timer_channel_input_capture_prescaler_config 0x08004eb5   Thumb Code    90  gd32f1x0_timer.o(.text)
    timer_input_capture_config               0x08004f0f   Thumb Code   332  gd32f1x0_timer.o(.text)
    timer_channel_capture_value_register_read 0x0800505b   Thumb Code    42  gd32f1x0_timer.o(.text)
    timer_input_pwm_capture_config           0x08005085   Thumb Code   352  gd32f1x0_timer.o(.text)
    timer_hall_mode_config                   0x080051e5   Thumb Code    26  gd32f1x0_timer.o(.text)
    timer_input_trigger_source_select        0x080051ff   Thumb Code    16  gd32f1x0_timer.o(.text)
    timer_master_output_trigger_source_select 0x0800520f   Thumb Code    16  gd32f1x0_timer.o(.text)
    timer_slave_mode_select                  0x0800521f   Thumb Code    16  gd32f1x0_timer.o(.text)
    timer_master_slave_mode_config           0x0800522f   Thumb Code    26  gd32f1x0_timer.o(.text)
    timer_external_trigger_config            0x08005249   Thumb Code    30  gd32f1x0_timer.o(.text)
    timer_quadrature_decoder_mode_config     0x08005267   Thumb Code    64  gd32f1x0_timer.o(.text)
    timer_internal_clock_config              0x080052a7   Thumb Code     8  gd32f1x0_timer.o(.text)
    timer_internal_trigger_as_external_clock_config 0x080052af   Thumb Code    32  gd32f1x0_timer.o(.text)
    timer_external_trigger_as_external_clock_config 0x080052cf   Thumb Code   164  gd32f1x0_timer.o(.text)
    timer_external_clock_mode0_config        0x08005373   Thumb Code    56  gd32f1x0_timer.o(.text)
    timer_external_clock_mode1_config        0x080053ab   Thumb Code    32  gd32f1x0_timer.o(.text)
    timer_external_clock_mode1_disable       0x080053cb   Thumb Code    10  gd32f1x0_timer.o(.text)
    timer_channel_remap_config               0x080053d5   Thumb Code     6  gd32f1x0_timer.o(.text)
    usart_deinit                             0x080053dd   Thumb Code    58  gd32f1x0_usart.o(.text)
    usart_baudrate_set                       0x08005417   Thumb Code   120  gd32f1x0_usart.o(.text)
    usart_parity_config                      0x0800548f   Thumb Code    24  gd32f1x0_usart.o(.text)
    usart_word_length_set                    0x080054a7   Thumb Code    24  gd32f1x0_usart.o(.text)
    usart_stop_bit_set                       0x080054bf   Thumb Code    24  gd32f1x0_usart.o(.text)
    usart_enable                             0x080054d7   Thumb Code    10  gd32f1x0_usart.o(.text)
    usart_disable                            0x080054e1   Thumb Code    10  gd32f1x0_usart.o(.text)
    usart_transmit_config                    0x080054eb   Thumb Code    16  gd32f1x0_usart.o(.text)
    usart_receive_config                     0x080054fb   Thumb Code    16  gd32f1x0_usart.o(.text)
    usart_data_transmit                      0x0800550b   Thumb Code     8  gd32f1x0_usart.o(.text)
    usart_data_receive                       0x08005513   Thumb Code    10  gd32f1x0_usart.o(.text)
    usart_data_first_config                  0x0800551d   Thumb Code    28  gd32f1x0_usart.o(.text)
    usart_invert_config                      0x08005539   Thumb Code   110  gd32f1x0_usart.o(.text)
    usart_overrun_enable                     0x080055a7   Thumb Code    18  gd32f1x0_usart.o(.text)
    usart_overrun_disable                    0x080055b9   Thumb Code    18  gd32f1x0_usart.o(.text)
    usart_oversample_config                  0x080055cb   Thumb Code    24  gd32f1x0_usart.o(.text)
    usart_sample_bit_config                  0x080055e3   Thumb Code    24  gd32f1x0_usart.o(.text)
    usart_autobaud_detection_enable          0x080055fb   Thumb Code    10  gd32f1x0_usart.o(.text)
    usart_autobaud_detection_disable         0x08005605   Thumb Code    10  gd32f1x0_usart.o(.text)
    usart_autobaud_detection_mode_config     0x0800560f   Thumb Code    16  gd32f1x0_usart.o(.text)
    usart_mute_mode_enable                   0x0800561f   Thumb Code    10  gd32f1x0_usart.o(.text)
    usart_mute_mode_disable                  0x08005629   Thumb Code    10  gd32f1x0_usart.o(.text)
    usart_mute_mode_wakeup_config            0x08005633   Thumb Code    24  gd32f1x0_usart.o(.text)
    usart_address_detection_mode_config      0x0800564b   Thumb Code    28  gd32f1x0_usart.o(.text)
    usart_address_config                     0x08005667   Thumb Code    32  gd32f1x0_usart.o(.text)
    usart_receiver_timeout_enable            0x08005687   Thumb Code    10  gd32f1x0_usart.o(.text)
    usart_receiver_timeout_disable           0x08005691   Thumb Code    10  gd32f1x0_usart.o(.text)
    usart_receiver_timeout_config            0x0800569b   Thumb Code    16  gd32f1x0_usart.o(.text)
    usart_lin_mode_enable                    0x080056ab   Thumb Code    18  gd32f1x0_usart.o(.text)
    usart_lin_mode_disable                   0x080056bd   Thumb Code    18  gd32f1x0_usart.o(.text)
    usart_lin_break_dection_length_config    0x080056cf   Thumb Code    20  gd32f1x0_usart.o(.text)
    usart_halfduplex_enable                  0x080056e3   Thumb Code    18  gd32f1x0_usart.o(.text)
    usart_halfduplex_disable                 0x080056f5   Thumb Code    18  gd32f1x0_usart.o(.text)
    usart_clock_enable                       0x08005707   Thumb Code    18  gd32f1x0_usart.o(.text)
    usart_clock_disable                      0x08005719   Thumb Code    18  gd32f1x0_usart.o(.text)
    usart_synchronous_clock_config           0x0800572b   Thumb Code    50  gd32f1x0_usart.o(.text)
    usart_smartcard_mode_enable              0x0800575d   Thumb Code    18  gd32f1x0_usart.o(.text)
    usart_smartcard_mode_disable             0x0800576f   Thumb Code    18  gd32f1x0_usart.o(.text)
    usart_smartcard_mode_nack_enable         0x08005781   Thumb Code    18  gd32f1x0_usart.o(.text)
    usart_smartcard_mode_nack_disable        0x08005793   Thumb Code    18  gd32f1x0_usart.o(.text)
    usart_guard_time_config                  0x080057a5   Thumb Code    36  gd32f1x0_usart.o(.text)
    usart_block_length_config                0x080057c9   Thumb Code    24  gd32f1x0_usart.o(.text)
    usart_smartcard_autoretry_config         0x080057e1   Thumb Code    32  gd32f1x0_usart.o(.text)
    usart_irda_mode_enable                   0x08005801   Thumb Code    18  gd32f1x0_usart.o(.text)
    usart_irda_mode_disable                  0x08005813   Thumb Code    18  gd32f1x0_usart.o(.text)
    usart_irda_lowpower_config               0x08005825   Thumb Code    20  gd32f1x0_usart.o(.text)
    usart_prescaler_config                   0x08005839   Thumb Code    24  gd32f1x0_usart.o(.text)
    usart_hardware_flow_rts_config           0x08005851   Thumb Code    24  gd32f1x0_usart.o(.text)
    usart_hardware_flow_cts_config           0x08005869   Thumb Code    24  gd32f1x0_usart.o(.text)
    usart_rs485_driver_enable                0x08005881   Thumb Code    18  gd32f1x0_usart.o(.text)
    usart_rs485_driver_disable               0x08005893   Thumb Code    18  gd32f1x0_usart.o(.text)
    usart_driver_assertime_config            0x080058a5   Thumb Code    32  gd32f1x0_usart.o(.text)
    usart_driver_deassertime_config          0x080058c5   Thumb Code    32  gd32f1x0_usart.o(.text)
    usart_depolarity_config                  0x080058e5   Thumb Code    28  gd32f1x0_usart.o(.text)
    usart_dma_receive_config                 0x08005901   Thumb Code    16  gd32f1x0_usart.o(.text)
    usart_dma_transmit_config                0x08005911   Thumb Code    16  gd32f1x0_usart.o(.text)
    usart_reception_error_dma_disable        0x08005921   Thumb Code    18  gd32f1x0_usart.o(.text)
    usart_reception_error_dma_enable         0x08005933   Thumb Code    18  gd32f1x0_usart.o(.text)
    usart_wakeup_enable                      0x08005945   Thumb Code    10  gd32f1x0_usart.o(.text)
    usart_wakeup_disable                     0x0800594f   Thumb Code    10  gd32f1x0_usart.o(.text)
    usart_wakeup_mode_config                 0x08005959   Thumb Code    28  gd32f1x0_usart.o(.text)
    usart_flag_get                           0x08005975   Thumb Code    30  gd32f1x0_usart.o(.text)
    usart_flag_clear                         0x08005993   Thumb Code    18  gd32f1x0_usart.o(.text)
    usart_interrupt_enable                   0x080059a5   Thumb Code    26  gd32f1x0_usart.o(.text)
    usart_interrupt_disable                  0x080059bf   Thumb Code    26  gd32f1x0_usart.o(.text)
    usart_command_enable                     0x080059d9   Thumb Code     8  gd32f1x0_usart.o(.text)
    usart_interrupt_flag_get                 0x080059e1   Thumb Code    56  gd32f1x0_usart.o(.text)
    usart_interrupt_flag_clear               0x08005a19   Thumb Code    18  gd32f1x0_usart.o(.text)
    Reset_Handler                            0x08005a2d   Thumb Code     8  startup_gd32f1x0.o(.text)
    ADC_CMP_IRQHandler                       0x08005a47   Thumb Code     0  startup_gd32f1x0.o(.text)
    CAN0_RX0_IRQHandler                      0x08005a47   Thumb Code     0  startup_gd32f1x0.o(.text)
    CAN0_RX1_IRQHandler                      0x08005a47   Thumb Code     0  startup_gd32f1x0.o(.text)
    CAN0_SCE_IRQHandler                      0x08005a47   Thumb Code     0  startup_gd32f1x0.o(.text)
    CAN0_TX_IRQHandler                       0x08005a47   Thumb Code     0  startup_gd32f1x0.o(.text)
    CAN1_RX0_IRQHandler                      0x08005a47   Thumb Code     0  startup_gd32f1x0.o(.text)
    CAN1_RX1_IRQHandler                      0x08005a47   Thumb Code     0  startup_gd32f1x0.o(.text)
    CAN1_SCE_IRQHandler                      0x08005a47   Thumb Code     0  startup_gd32f1x0.o(.text)
    CAN1_TX_IRQHandler                       0x08005a47   Thumb Code     0  startup_gd32f1x0.o(.text)
    CEC_IRQHandler                           0x08005a47   Thumb Code     0  startup_gd32f1x0.o(.text)
    DMA_Channel5_6_IRQHandler                0x08005a47   Thumb Code     0  startup_gd32f1x0.o(.text)
    EXTI0_1_IRQHandler                       0x08005a47   Thumb Code     0  startup_gd32f1x0.o(.text)
    EXTI2_3_IRQHandler                       0x08005a47   Thumb Code     0  startup_gd32f1x0.o(.text)
    EXTI4_15_IRQHandler                      0x08005a47   Thumb Code     0  startup_gd32f1x0.o(.text)
    FMC_IRQHandler                           0x08005a47   Thumb Code     0  startup_gd32f1x0.o(.text)
    I2C0_ER_IRQHandler                       0x08005a47   Thumb Code     0  startup_gd32f1x0.o(.text)
    I2C0_EV_IRQHandler                       0x08005a47   Thumb Code     0  startup_gd32f1x0.o(.text)
    I2C1_ER_IRQHandler                       0x08005a47   Thumb Code     0  startup_gd32f1x0.o(.text)
    I2C1_EV_IRQHandler                       0x08005a47   Thumb Code     0  startup_gd32f1x0.o(.text)
    I2C2_ER_IRQHandler                       0x08005a47   Thumb Code     0  startup_gd32f1x0.o(.text)
    I2C2_EV_IRQHandler                       0x08005a47   Thumb Code     0  startup_gd32f1x0.o(.text)
    LVD_IRQHandler                           0x08005a47   Thumb Code     0  startup_gd32f1x0.o(.text)
    RCU_IRQHandler                           0x08005a47   Thumb Code     0  startup_gd32f1x0.o(.text)
    RTC_IRQHandler                           0x08005a47   Thumb Code     0  startup_gd32f1x0.o(.text)
    SLCD_IRQHandler                          0x08005a47   Thumb Code     0  startup_gd32f1x0.o(.text)
    SPI0_IRQHandler                          0x08005a47   Thumb Code     0  startup_gd32f1x0.o(.text)
    SPI1_IRQHandler                          0x08005a47   Thumb Code     0  startup_gd32f1x0.o(.text)
    SPI2_IRQHandler                          0x08005a47   Thumb Code     0  startup_gd32f1x0.o(.text)
    TIMER0_Channel_IRQHandler                0x08005a47   Thumb Code     0  startup_gd32f1x0.o(.text)
    TIMER14_IRQHandler                       0x08005a47   Thumb Code     0  startup_gd32f1x0.o(.text)
    TIMER15_IRQHandler                       0x08005a47   Thumb Code     0  startup_gd32f1x0.o(.text)
    TIMER16_IRQHandler                       0x08005a47   Thumb Code     0  startup_gd32f1x0.o(.text)
    TIMER1_IRQHandler                        0x08005a47   Thumb Code     0  startup_gd32f1x0.o(.text)
    TIMER2_IRQHandler                        0x08005a47   Thumb Code     0  startup_gd32f1x0.o(.text)
    TIMER5_DAC_IRQHandler                    0x08005a47   Thumb Code     0  startup_gd32f1x0.o(.text)
    TSI_IRQHandler                           0x08005a47   Thumb Code     0  startup_gd32f1x0.o(.text)
    USART0_IRQHandler                        0x08005a47   Thumb Code     0  startup_gd32f1x0.o(.text)
    USART1_IRQHandler                        0x08005a47   Thumb Code     0  startup_gd32f1x0.o(.text)
    USBDWakeUp_IRQHandler                    0x08005a47   Thumb Code     0  startup_gd32f1x0.o(.text)
    USBD_HP_IRQHandler                       0x08005a47   Thumb Code     0  startup_gd32f1x0.o(.text)
    USBD_LP_IRQHandler                       0x08005a47   Thumb Code     0  startup_gd32f1x0.o(.text)
    WWDGT_IRQHandler                         0x08005a47   Thumb Code     0  startup_gd32f1x0.o(.text)
    __user_initial_stackheap                 0x08005a49   Thumb Code    10  startup_gd32f1x0.o(.text)
    SystemInit                               0x08005adf   Thumb Code   118  system_gd32f1x0.o(.text)
    SystemCoreClockUpdate                    0x08005b55   Thumb Code   208  system_gd32f1x0.o(.text)
    __aeabi_memcpy4                          0x08005c59   Thumb Code     0  rt_memcpy_w.o(.text)
    __aeabi_memcpy8                          0x08005c59   Thumb Code     0  rt_memcpy_w.o(.text)
    __rt_memcpy_w                            0x08005c59   Thumb Code   100  rt_memcpy_w.o(.text)
    _memcpy_lastbytes_aligned                0x08005ca1   Thumb Code     0  rt_memcpy_w.o(.text)
    __use_two_region_memory                  0x08005cbd   Thumb Code     2  heapauxi.o(.text)
    __rt_heap_escrow$2region                 0x08005cbf   Thumb Code     2  heapauxi.o(.text)
    __rt_heap_expand$2region                 0x08005cc1   Thumb Code     2  heapauxi.o(.text)
    __read_errno                             0x08005cc3   Thumb Code    10  _rserrno.o(.text)
    __set_errno                              0x08005ccd   Thumb Code    12  _rserrno.o(.text)
    __aeabi_errno_addr                       0x08005cd9   Thumb Code     8  rt_errno_addr_intlibspace.o(.text)
    __errno$intlibspace                      0x08005cd9   Thumb Code     0  rt_errno_addr_intlibspace.o(.text)
    __rt_errno_addr$intlibspace              0x08005cd9   Thumb Code     0  rt_errno_addr_intlibspace.o(.text)
    __user_libspace                          0x08005ce1   Thumb Code     8  libspace.o(.text)
    __user_perproc_libspace                  0x08005ce1   Thumb Code     0  libspace.o(.text)
    __user_perthread_libspace                0x08005ce1   Thumb Code     0  libspace.o(.text)
    __user_setup_stackheap                   0x08005ce9   Thumb Code    74  sys_stackheap_outer.o(.text)
    exit                                     0x08005d33   Thumb Code    18  exit.o(.text)
    _sys_exit                                0x08005d45   Thumb Code     8  sys_exit.o(.text)
    __I$use$semihosting                      0x08005d51   Thumb Code     0  use_no_semi.o(.text)
    __use_no_semihosting_swi                 0x08005d51   Thumb Code     2  use_no_semi.o(.text)
    __ARM_fpclassify                         0x08005d53   Thumb Code    40  fpclassify.o(i.__ARM_fpclassify)
    __semihosting_library_function           0x08005d53   Thumb Code     0  indicate_semi.o(.text)
    __kernel_poly                            0x08005d7b   Thumb Code   170  poly.o(i.__kernel_poly)
    __mathlib_dbl_infnan                     0x08005e25   Thumb Code     6  dunder.o(i.__mathlib_dbl_infnan)
    __mathlib_dbl_underflow                  0x08005e2d   Thumb Code    10  dunder.o(i.__mathlib_dbl_underflow)
    atan                                     0x08005e3d   Thumb Code   474  atan.o(i.atan)
    blockPWM                                 0x0800605d   Thumb Code   558  bldc.o(i.blockPWM)
    sqrt                                     0x0800628b   Thumb Code    76  sqrt.o(i.sqrt)
    __aeabi_d2f                              0x080062d9   Thumb Code     0  d2f.o(x$fpl$d2f)
    _d2f                                     0x080062d9   Thumb Code    98  d2f.o(x$fpl$d2f)
    __aeabi_dadd                             0x0800633d   Thumb Code     0  daddsub_clz.o(x$fpl$dadd)
    _dadd                                    0x0800633d   Thumb Code   332  daddsub_clz.o(x$fpl$dadd)
    __fpl_dcheck_NaN1                        0x0800648d   Thumb Code    10  dcheck1.o(x$fpl$dcheck1)
    __fpl_dcmp_Inf                           0x0800649d   Thumb Code    24  dcmpi.o(x$fpl$dcmpinf)
    __aeabi_ddiv                             0x080064b5   Thumb Code     0  ddiv.o(x$fpl$ddiv)
    _ddiv                                    0x080064b5   Thumb Code   552  ddiv.o(x$fpl$ddiv)
    __aeabi_d2iz                             0x08006765   Thumb Code     0  dfix.o(x$fpl$dfix)
    _dfix                                    0x08006765   Thumb Code    94  dfix.o(x$fpl$dfix)
    __aeabi_i2d                              0x080067c3   Thumb Code     0  dflt_clz.o(x$fpl$dflt)
    _dflt                                    0x080067c3   Thumb Code    46  dflt_clz.o(x$fpl$dflt)
    __aeabi_cdcmple                          0x080067f1   Thumb Code     0  dleqf.o(x$fpl$dleqf)
    _dcmple                                  0x080067f1   Thumb Code   120  dleqf.o(x$fpl$dleqf)
    __fpl_dcmple_InfNaN                      0x08006853   Thumb Code     0  dleqf.o(x$fpl$dleqf)
    __aeabi_dmul                             0x08006869   Thumb Code     0  dmul.o(x$fpl$dmul)
    _dmul                                    0x08006869   Thumb Code   332  dmul.o(x$fpl$dmul)
    __fpl_dnaninf                            0x080069bd   Thumb Code   156  dnaninf.o(x$fpl$dnaninf)
    __fpl_dretinf                            0x08006a59   Thumb Code    12  dretinf.o(x$fpl$dretinf)
    __aeabi_cdrcmple                         0x08006a65   Thumb Code     0  drleqf.o(x$fpl$drleqf)
    _drcmple                                 0x08006a65   Thumb Code   108  drleqf.o(x$fpl$drleqf)
    __aeabi_drsub                            0x08006ad1   Thumb Code     0  daddsub_clz.o(x$fpl$drsb)
    _drsb                                    0x08006ad1   Thumb Code    22  daddsub_clz.o(x$fpl$drsb)
    _dsqrt                                   0x08006ae9   Thumb Code   456  dsqrt_noumaal.o(x$fpl$dsqrt)
    __aeabi_dsub                             0x08006cb5   Thumb Code     0  daddsub_clz.o(x$fpl$dsub)
    _dsub                                    0x08006cb5   Thumb Code   464  daddsub_clz.o(x$fpl$dsub)
    __aeabi_f2d                              0x08006e89   Thumb Code     0  f2d.o(x$fpl$f2d)
    _f2d                                     0x08006e89   Thumb Code    86  f2d.o(x$fpl$f2d)
    __aeabi_fadd                             0x08006ee1   Thumb Code     0  faddsub_clz.o(x$fpl$fadd)
    _fadd                                    0x08006ee1   Thumb Code   196  faddsub_clz.o(x$fpl$fadd)
    __fpl_fcmp_Inf                           0x08006fa5   Thumb Code    24  fcmpi.o(x$fpl$fcmpinf)
    __aeabi_fdiv                             0x08006fbd   Thumb Code     0  fdiv.o(x$fpl$fdiv)
    _fdiv                                    0x08006fbd   Thumb Code   384  fdiv.o(x$fpl$fdiv)
    __aeabi_f2iz                             0x08007141   Thumb Code     0  ffix.o(x$fpl$ffix)
    _ffix                                    0x08007141   Thumb Code    54  ffix.o(x$fpl$ffix)
    __aeabi_f2uiz                            0x08007179   Thumb Code     0  ffixu.o(x$fpl$ffixu)
    _ffixu                                   0x08007179   Thumb Code    62  ffixu.o(x$fpl$ffixu)
    __aeabi_i2f                              0x080071b9   Thumb Code     0  fflt_clz.o(x$fpl$fflt)
    _fflt                                    0x080071b9   Thumb Code    48  fflt_clz.o(x$fpl$fflt)
    __aeabi_ui2f                             0x080071e9   Thumb Code     0  fflt_clz.o(x$fpl$ffltu)
    _ffltu                                   0x080071e9   Thumb Code    38  fflt_clz.o(x$fpl$ffltu)
    __aeabi_cfcmple                          0x08007211   Thumb Code     0  fleqf.o(x$fpl$fleqf)
    _fcmple                                  0x08007211   Thumb Code   104  fleqf.o(x$fpl$fleqf)
    __fpl_fcmple_InfNaN                      0x08007263   Thumb Code     0  fleqf.o(x$fpl$fleqf)
    __aeabi_fmul                             0x08007279   Thumb Code     0  fmul.o(x$fpl$fmul)
    _fmul                                    0x08007279   Thumb Code   258  fmul.o(x$fpl$fmul)
    __fpl_fnaninf                            0x0800737b   Thumb Code   140  fnaninf.o(x$fpl$fnaninf)
    __fpl_fretinf                            0x08007407   Thumb Code    10  fretinf.o(x$fpl$fretinf)
    __aeabi_cfrcmple                         0x08007411   Thumb Code     0  frleqf.o(x$fpl$frleqf)
    _frcmple                                 0x08007411   Thumb Code    98  frleqf.o(x$fpl$frleqf)
    __aeabi_fsub                             0x08007475   Thumb Code     0  faddsub_clz.o(x$fpl$fsub)
    _fsub                                    0x08007475   Thumb Code   234  faddsub_clz.o(x$fpl$fsub)
    __fpl_return_NaN                         0x0800755f   Thumb Code   100  retnan.o(x$fpl$retnan)
    __ARM_scalbn                             0x080075c3   Thumb Code    92  scalbn.o(x$fpl$scalbn)
    __fpl_cmpreturn                          0x0800761f   Thumb Code    48  trapv.o(x$fpl$trapveneer)
    __I$use$fp                               0x0800764e   Number         0  usenofp.o(x$fpl$usenofp)
    lookUpTableAngle                         0x08007650   Data         724  main.o(.constdata)
    speedConversionFactor                    0x08007924   Data           4  bldc.o(.constdata)
    pwm_res                                  0x08007928   Data           2  bldc.o(.constdata)
    hall_to_pos                              0x0800792a   Data           8  bldc.o(.constdata)
    Region$$Table$$Base                      0x080079d0   Number         0  anon$$obj.o(Region$$Table)
    Region$$Table$$Limit                     0x080079f0   Number         0  anon$$obj.o(Region$$Table)
    steer                                    0x20000000   Data           4  main.o(.data)
    speed                                    0x20000004   Data           4  main.o(.data)
    actuatorSpeed                            0x20000008   Data           4  main.o(.data)
    logImuArrayCurrentIndex                  0x2000000c   Data           2  main.o(.data)
    pitchAngle                               0x20000010   Data           4  main.o(.data)
    rollAngle                                0x20000014   Data           4  main.o(.data)
    yawAngle                                 0x20000018   Data           4  main.o(.data)
    recordAccelerometerLog                   0x2000001c   Data           1  main.o(.data)
    printAccelerometerLog                    0x2000001d   Data           1  main.o(.data)
    panicButtonPressed                       0x2000001e   Data           1  main.o(.data)
    it_is_Raining                            0x2000001f   Data           1  main.o(.data)
    activateWeakening                        0x20000020   Data           1  main.o(.data)
    beepsBackwards                           0x20000021   Data           1  main.o(.data)
    inactivity_timeout_counter               0x20000024   Data           4  main.o(.data)
    steerCounter                             0x20000028   Data           4  main.o(.data)
    PID_PARAM_KP                             0x2000002c   Data           4  bldc.o(.data)
    PID_PARAM_KI                             0x20000030   Data           4  bldc.o(.data)
    PID_PARAM_KD                             0x20000034   Data           4  bldc.o(.data)
    overCurrent                              0x20000038   Data           1  bldc.o(.data)
    motorIsStopping                          0x20000039   Data           1  bldc.o(.data)
    moveByStepsTimeout                       0x2000003a   Data           2  bldc.o(.data)
    batteryVoltage                           0x2000003c   Data           4  bldc.o(.data)
    currentDC                                0x20000040   Data           4  bldc.o(.data)
    realSpeed                                0x20000044   Data           4  bldc.o(.data)
    remainingStepsFloat                      0x20000048   Data           4  bldc.o(.data)
    moveBySteps                              0x2000004c   Data           1  bldc.o(.data)
    moveByStepsCompleted                     0x2000004d   Data           1  bldc.o(.data)
    printMovementCompleted                   0x2000004e   Data           1  bldc.o(.data)
    remainingSteps                           0x20000050   Data           2  bldc.o(.data)
    tmpPwmCorrectionFactor                   0x20000054   Data           4  bldc.o(.data)
    pwmCorrectionFactor                      0x20000058   Data           2  bldc.o(.data)
    approachingCorrectionFactor              0x2000005a   Data           1  bldc.o(.data)
    bldc_inputFilterPwm                      0x2000005c   Data           2  bldc.o(.data)
    bldc_enable                              0x2000005e   Data           1  bldc.o(.data)
    adc_buffer                               0x20000060   Data           4  bldc.o(.data)
    hall_a                                   0x20000064   Data           1  bldc.o(.data)
    hall_b                                   0x20000065   Data           1  bldc.o(.data)
    hall_c                                   0x20000066   Data           1  bldc.o(.data)
    hall                                     0x20000067   Data           1  bldc.o(.data)
    y                                        0x20000068   Data           4  bldc.o(.data)
    b                                        0x2000006c   Data           4  bldc.o(.data)
    g                                        0x20000070   Data           4  bldc.o(.data)
    pos                                      0x20000074   Data           1  bldc.o(.data)
    lastPos                                  0x20000075   Data           1  bldc.o(.data)
    bldc_outputFilterPwm                     0x20000076   Data           2  bldc.o(.data)
    filter_reg                               0x20000078   Data           4  bldc.o(.data)
    buzzerToggle                             0x2000007c   Data           1  bldc.o(.data)
    buzzerFreq                               0x2000007d   Data           1  bldc.o(.data)
    buzzerPattern                            0x2000007e   Data           1  bldc.o(.data)
    buzzerTimer                              0x20000080   Data           2  bldc.o(.data)
    offsetcount                              0x20000082   Data           2  bldc.o(.data)
    offsetdc                                 0x20000084   Data           2  bldc.o(.data)
    speedCounter                             0x20000088   Data           4  bldc.o(.data)
    usartMasterSlave_rx_buf                  0x2000008c   Data           1  setup.o(.data)
    usartRemote_MasterBoard_COM_rx_buf       0x2000008d   Data           1  setup.o(.data)
    msTicks                                  0x20000090   Data           4  it.o(.data)
    timeoutCounter_ms                        0x20000094   Data           4  it.o(.data)
    timedOut                                 0x20000098   Data           1  it.o(.data)
    tmpLoopCounter                           0x20000099   Data           1  it.o(.data)
    tmpLoopCounter1                          0x2000009a   Data           1  it.o(.data)
    tmpLoopCounter2                          0x2000009b   Data           1  it.o(.data)
    slaveBoardMovementByStepCompleted        0x2000009c   Data           1  commsmasterslave.o(.data)
    counterPWMFrame                          0x200000a4   Data           4  commsactuator.o(.data)
    counterTest                              0x200000a8   Data           4  commsactuator.o(.data)
    signalIsHigh                             0x200000ac   Data           1  commsactuator.o(.data)
    signalHighTime                           0x200000b0   Data           4  commsactuator.o(.data)
    tmpSpeed                                 0x200000b4   Data           4  commssteeringpwm.o(.data)
    tmpSteer                                 0x200000b8   Data           4  commssteeringpwm.o(.data)
    previousPWMSpeedSignalLevel              0x200000bc   Data           1  commssteeringpwm.o(.data)
    previousPWMSteerSignalLevel              0x200000bd   Data           1  commssteeringpwm.o(.data)
    rc_speed_delay                           0x200000c0   Data           4  commssteeringpwm.o(.data)
    rc_steer_delay                           0x200000c4   Data           4  commssteeringpwm.o(.data)
    pwm_speed_count                          0x200000c8   Data           1  commssteeringpwm.o(.data)
    gyroscopeIsSleeping                      0x200000cc   Data           1  commsaccelerometer.o(.data)
    accelerometerIsSleeping                  0x200000cd   Data           1  commsaccelerometer.o(.data)
    magnetometerIsSleeping                   0x200000ce   Data           1  commsaccelerometer.o(.data)
    parametersStillToBeSet                   0x200000cf   Data           1  commsaccelerometer.o(.data)
    calibrationStillToBePerformed            0x200000d0   Data           1  commsaccelerometer.o(.data)
    componentIsWakingUp                      0x200000d1   Data           1  commsaccelerometer.o(.data)
    ImuNotCalibrated                         0x200000d2   Data           1  commsaccelerometer.o(.data)
    waitCycles                               0x200000d4   Data           2  commsaccelerometer.o(.data)
    tmpVar                                   0x200000d6   Data           1  commsaccelerometer.o(.data)
    accelerationX                            0x200000d8   Data           4  commsaccelerometer.o(.data)
    accelerationY                            0x200000dc   Data           4  commsaccelerometer.o(.data)
    accelerationZ                            0x200000e0   Data           4  commsaccelerometer.o(.data)
    gyroX                                    0x200000e4   Data           4  commsaccelerometer.o(.data)
    gyroY                                    0x200000e8   Data           4  commsaccelerometer.o(.data)
    gyroZ                                    0x200000ec   Data           4  commsaccelerometer.o(.data)
    temperature                              0x200000f0   Data           4  commsaccelerometer.o(.data)
    timestamp                                0x200000f4   Data           4  commsaccelerometer.o(.data)
    tmpDoubleVal                             0x200000f8   Data           4  commsaccelerometer.o(.data)
    printHelpLegend                          0x200000fe   Data           1  commsremote.o(.data)
    printSpeedAndSteer                       0x200000ff   Data           1  commsremote.o(.data)
    jumpsCounter                             0x20000100   Data           1  navigator.o(.data)
    programPointer                           0x20000102   Data           2  navigator.o(.data)
    pathArray                                0x20000104   Data          32  navigator.o(.data)
    pathArray2                               0x20000124   Data          36  navigator.o(.data)
    pathArray3                               0x20000148   Data          36  navigator.o(.data)
    SystemCoreClock                          0x2000016c   Data           4  system_gd32f1x0.o(.data)
    logImuArray                              0x20000170   Data        1600  main.o(.bss)
    timeoutTimer_paramter_struct             0x200007b0   Data          16  setup.o(.bss)
    timerBldc_paramter_struct                0x200007c0   Data          16  setup.o(.bss)
    timerBldc_break_parameter_struct         0x200007d0   Data          14  setup.o(.bss)
    timerBldc_oc_parameter_struct            0x200007de   Data          12  setup.o(.bss)
    dma_init_struct_usart                    0x200007ec   Data          36  setup.o(.bss)
    dma_init_struct_adc                      0x20000810   Data          36  setup.o(.bss)
    imuArray                                 0x20000834   Data          22  commsaccelerometer.o(.bss)
    __libspace_start                         0x20000854   Data          96  libspace.o(.bss)
    __temporary_stack_top$libspace           0x200008b4   Data           0  libspace.o(.bss)



==============================================================================

Memory Map of the image

  Image Entry point : 0x08000169

  Load Region LR_IROM1 (Base: 0x08000000, Size: 0x00007b60, Max: 0x00010000, ABSOLUTE, COMPRESSED[0x00007a40])

    Execution Region ER_IROM1 (Exec base: 0x08000000, Load base: 0x08000000, Size: 0x000079f0, Max: 0x00010000, ABSOLUTE)

    Exec Addr    Load Addr    Size         Type   Attr      Idx    E Section Name        Object

    0x08000000   0x08000000   0x00000168   Data   RO          851    RESET               startup_gd32f1x0.o
    0x08000168   0x08000168   0x00000008   Code   RO          892  * !!!main             c_w.l(__main.o)
    0x08000170   0x08000170   0x00000034   Code   RO         1177    !!!scatter          c_w.l(__scatter.o)
    0x080001a4   0x080001a4   0x0000005a   Code   RO         1175    !!dczerorl2         c_w.l(__dczerorl2.o)
    0x080001fe   0x080001fe   0x00000002   PAD
    0x08000200   0x08000200   0x0000001c   Code   RO         1179    !!handler_zi        c_w.l(__scatter_zi.o)
    0x0800021c   0x0800021c   0x00000002   Code   RO         1044    .ARM.Collect$$libinit$$00000000  c_w.l(libinit.o)
    0x0800021e   0x0800021e   0x00000000   Code   RO         1050    .ARM.Collect$$libinit$$00000002  c_w.l(libinit2.o)
    0x0800021e   0x0800021e   0x00000000   Code   RO         1052    .ARM.Collect$$libinit$$00000004  c_w.l(libinit2.o)
    0x0800021e   0x0800021e   0x00000000   Code   RO         1055    .ARM.Collect$$libinit$$0000000A  c_w.l(libinit2.o)
    0x0800021e   0x0800021e   0x00000000   Code   RO         1057    .ARM.Collect$$libinit$$0000000C  c_w.l(libinit2.o)
    0x0800021e   0x0800021e   0x00000000   Code   RO         1059    .ARM.Collect$$libinit$$0000000E  c_w.l(libinit2.o)
    0x0800021e   0x0800021e   0x00000000   Code   RO         1062    .ARM.Collect$$libinit$$00000011  c_w.l(libinit2.o)
    0x0800021e   0x0800021e   0x00000000   Code   RO         1064    .ARM.Collect$$libinit$$00000013  c_w.l(libinit2.o)
    0x0800021e   0x0800021e   0x00000000   Code   RO         1066    .ARM.Collect$$libinit$$00000015  c_w.l(libinit2.o)
    0x0800021e   0x0800021e   0x00000000   Code   RO         1068    .ARM.Collect$$libinit$$00000017  c_w.l(libinit2.o)
    0x0800021e   0x0800021e   0x00000000   Code   RO         1070    .ARM.Collect$$libinit$$00000019  c_w.l(libinit2.o)
    0x0800021e   0x0800021e   0x00000000   Code   RO         1072    .ARM.Collect$$libinit$$0000001B  c_w.l(libinit2.o)
    0x0800021e   0x0800021e   0x00000000   Code   RO         1074    .ARM.Collect$$libinit$$0000001D  c_w.l(libinit2.o)
    0x0800021e   0x0800021e   0x00000000   Code   RO         1076    .ARM.Collect$$libinit$$0000001F  c_w.l(libinit2.o)
    0x0800021e   0x0800021e   0x00000000   Code   RO         1078    .ARM.Collect$$libinit$$00000021  c_w.l(libinit2.o)
    0x0800021e   0x0800021e   0x00000000   Code   RO         1080    .ARM.Collect$$libinit$$00000023  c_w.l(libinit2.o)
    0x0800021e   0x0800021e   0x00000000   Code   RO         1082    .ARM.Collect$$libinit$$00000025  c_w.l(libinit2.o)
    0x0800021e   0x0800021e   0x00000000   Code   RO         1086    .ARM.Collect$$libinit$$0000002C  c_w.l(libinit2.o)
    0x0800021e   0x0800021e   0x00000000   Code   RO         1088    .ARM.Collect$$libinit$$0000002E  c_w.l(libinit2.o)
    0x0800021e   0x0800021e   0x00000000   Code   RO         1090    .ARM.Collect$$libinit$$00000030  c_w.l(libinit2.o)
    0x0800021e   0x0800021e   0x00000000   Code   RO         1092    .ARM.Collect$$libinit$$00000032  c_w.l(libinit2.o)
    0x0800021e   0x0800021e   0x00000002   Code   RO         1093    .ARM.Collect$$libinit$$00000033  c_w.l(libinit2.o)
    0x08000220   0x08000220   0x00000002   Code   RO         1115    .ARM.Collect$$libshutdown$$00000000  c_w.l(libshutdown.o)
    0x08000222   0x08000222   0x00000000   Code   RO         1128    .ARM.Collect$$libshutdown$$00000002  c_w.l(libshutdown2.o)
    0x08000222   0x08000222   0x00000000   Code   RO         1130    .ARM.Collect$$libshutdown$$00000004  c_w.l(libshutdown2.o)
    0x08000222   0x08000222   0x00000000   Code   RO         1133    .ARM.Collect$$libshutdown$$00000007  c_w.l(libshutdown2.o)
    0x08000222   0x08000222   0x00000000   Code   RO         1136    .ARM.Collect$$libshutdown$$0000000A  c_w.l(libshutdown2.o)
    0x08000222   0x08000222   0x00000000   Code   RO         1138    .ARM.Collect$$libshutdown$$0000000C  c_w.l(libshutdown2.o)
    0x08000222   0x08000222   0x00000000   Code   RO         1141    .ARM.Collect$$libshutdown$$0000000F  c_w.l(libshutdown2.o)
    0x08000222   0x08000222   0x00000002   Code   RO         1142    .ARM.Collect$$libshutdown$$00000010  c_w.l(libshutdown2.o)
    0x08000224   0x08000224   0x00000000   Code   RO          972    .ARM.Collect$$rtentry$$00000000  c_w.l(__rtentry.o)
    0x08000224   0x08000224   0x00000000   Code   RO         1011    .ARM.Collect$$rtentry$$00000002  c_w.l(__rtentry2.o)
    0x08000224   0x08000224   0x00000006   Code   RO         1023    .ARM.Collect$$rtentry$$00000004  c_w.l(__rtentry4.o)
    0x0800022a   0x0800022a   0x00000000   Code   RO         1013    .ARM.Collect$$rtentry$$00000009  c_w.l(__rtentry2.o)
    0x0800022a   0x0800022a   0x00000004   Code   RO         1014    .ARM.Collect$$rtentry$$0000000A  c_w.l(__rtentry2.o)
    0x0800022e   0x0800022e   0x00000000   Code   RO         1016    .ARM.Collect$$rtentry$$0000000C  c_w.l(__rtentry2.o)
    0x0800022e   0x0800022e   0x00000008   Code   RO         1017    .ARM.Collect$$rtentry$$0000000D  c_w.l(__rtentry2.o)
    0x08000236   0x08000236   0x00000002   Code   RO         1047    .ARM.Collect$$rtexit$$00000000  c_w.l(rtexit.o)
    0x08000238   0x08000238   0x00000000   Code   RO         1097    .ARM.Collect$$rtexit$$00000002  c_w.l(rtexit2.o)
    0x08000238   0x08000238   0x00000004   Code   RO         1098    .ARM.Collect$$rtexit$$00000003  c_w.l(rtexit2.o)
    0x0800023c   0x0800023c   0x00000006   Code   RO         1099    .ARM.Collect$$rtexit$$00000004  c_w.l(rtexit2.o)
    0x08000242   0x08000242   0x00000002   PAD
    0x08000244   0x08000244   0x000006c0   Code   RO            4    .text               main.o
    0x08000904   0x08000904   0x00000790   Code   RO          161    .text               bldc.o
    0x08001094   0x08001094   0x0000088c   Code   RO          200    .text               setup.o
    0x08001920   0x08001920   0x00000188   Code   RO          229    .text               it.o
    0x08001aa8   0x08001aa8   0x00000070   Code   RO          266    .text               comms.o
    0x08001b18   0x08001b18   0x000001cc   Code   RO          317    .text               commsmasterslave.o
    0x08001ce4   0x08001ce4   0x000000a4   Code   RO          366    .text               commsactuator.o
    0x08001d88   0x08001d88   0x0000002c   Code   RO          394    .text               commsinterlocks.o
    0x08001db4   0x08001db4   0x0000029c   Code   RO          419    .text               commssteeringpwm.o
    0x08002050   0x08002050   0x000009c8   Code   RO          447    .text               commsaccelerometer.o
    0x08002a18   0x08002a18   0x00000078   Code   RO          476    .text               commsremote.o
    0x08002a90   0x08002a90   0x0000013c   Code   RO          505    .text               navigator.o
    0x08002bcc   0x08002bcc   0x00000684   Code   RO          536    .text               gd32f1x0_adc.o
    0x08003250   0x08003250   0x000004b4   Code   RO          584    .text               gd32f1x0_dma.o
    0x08003704   0x08003704   0x000000cc   Code   RO          608    .text               gd32f1x0_fwdgt.o
    0x080037d0   0x080037d0   0x000001dc   Code   RO          632    .text               gd32f1x0_gpio.o
    0x080039ac   0x080039ac   0x00000338   Code   RO          656    .text               gd32f1x0_i2c.o
    0x08003ce4   0x08003ce4   0x00000124   Code   RO          680    .text               gd32f1x0_misc.o
    0x08003e08   0x08003e08   0x000008a8   Code   RO          732    .text               gd32f1x0_rcu.o
    0x080046b0   0x080046b0   0x00000d2a   Code   RO          780    .text               gd32f1x0_timer.o
    0x080053da   0x080053da   0x00000002   PAD
    0x080053dc   0x080053dc   0x0000064e   Code   RO          804    .text               gd32f1x0_usart.o
    0x08005a2a   0x08005a2a   0x00000002   PAD
    0x08005a2c   0x08005a2c   0x00000040   Code   RO          852    .text               startup_gd32f1x0.o
    0x08005a6c   0x08005a6c   0x000001ec   Code   RO          859    .text               system_gd32f1x0.o
    0x08005c58   0x08005c58   0x00000064   Code   RO          888    .text               c_w.l(rt_memcpy_w.o)
    0x08005cbc   0x08005cbc   0x00000006   Code   RO          890    .text               c_w.l(heapauxi.o)
    0x08005cc2   0x08005cc2   0x00000016   Code   RO          973    .text               c_w.l(_rserrno.o)
    0x08005cd8   0x08005cd8   0x00000008   Code   RO         1028    .text               c_w.l(rt_errno_addr_intlibspace.o)
    0x08005ce0   0x08005ce0   0x00000008   Code   RO         1032    .text               c_w.l(libspace.o)
    0x08005ce8   0x08005ce8   0x0000004a   Code   RO         1035    .text               c_w.l(sys_stackheap_outer.o)
    0x08005d32   0x08005d32   0x00000012   Code   RO         1037    .text               c_w.l(exit.o)
    0x08005d44   0x08005d44   0x0000000c   Code   RO         1107    .text               c_w.l(sys_exit.o)
    0x08005d50   0x08005d50   0x00000002   Code   RO         1118    .text               c_w.l(use_no_semi.o)
    0x08005d52   0x08005d52   0x00000000   Code   RO         1120    .text               c_w.l(indicate_semi.o)
    0x08005d52   0x08005d52   0x00000028   Code   RO         1006    i.__ARM_fpclassify  m_ws.l(fpclassify.o)
    0x08005d7a   0x08005d7a   0x000000aa   Code   RO         1008    i.__kernel_poly     m_ws.l(poly.o)
    0x08005e24   0x08005e24   0x00000006   Code   RO          993    i.__mathlib_dbl_infnan  m_ws.l(dunder.o)
    0x08005e2a   0x08005e2a   0x00000002   PAD
    0x08005e2c   0x08005e2c   0x00000010   Code   RO          998    i.__mathlib_dbl_underflow  m_ws.l(dunder.o)
    0x08005e3c   0x08005e3c   0x00000220   Code   RO          955    i.atan              m_ws.l(atan.o)
    0x0800605c   0x0800605c   0x0000022e   Code   RO          183    i.blockPWM          bldc.o
    0x0800628a   0x0800628a   0x0000004c   Code   RO          965    i.sqrt              m_ws.l(sqrt.o)
    0x080062d6   0x080062d6   0x00000002   PAD
    0x080062d8   0x080062d8   0x00000062   Code   RO          894    x$fpl$d2f           fz_ws.l(d2f.o)
    0x0800633a   0x0800633a   0x00000002   PAD
    0x0800633c   0x0800633c   0x00000150   Code   RO          896    x$fpl$dadd          fz_ws.l(daddsub_clz.o)
    0x0800648c   0x0800648c   0x00000010   Code   RO         1030    x$fpl$dcheck1       fz_ws.l(dcheck1.o)
    0x0800649c   0x0800649c   0x00000018   Code   RO          975    x$fpl$dcmpinf       fz_ws.l(dcmpi.o)
    0x080064b4   0x080064b4   0x000002b0   Code   RO          903    x$fpl$ddiv          fz_ws.l(ddiv.o)
    0x08006764   0x08006764   0x0000005e   Code   RO          906    x$fpl$dfix          fz_ws.l(dfix.o)
    0x080067c2   0x080067c2   0x0000002e   Code   RO          911    x$fpl$dflt          fz_ws.l(dflt_clz.o)
    0x080067f0   0x080067f0   0x00000078   Code   RO          916    x$fpl$dleqf         fz_ws.l(dleqf.o)
    0x08006868   0x08006868   0x00000154   Code   RO          918    x$fpl$dmul          fz_ws.l(dmul.o)
    0x080069bc   0x080069bc   0x0000009c   Code   RO          977    x$fpl$dnaninf       fz_ws.l(dnaninf.o)
    0x08006a58   0x08006a58   0x0000000c   Code   RO          979    x$fpl$dretinf       fz_ws.l(dretinf.o)
    0x08006a64   0x08006a64   0x0000006c   Code   RO          920    x$fpl$drleqf        fz_ws.l(drleqf.o)
    0x08006ad0   0x08006ad0   0x00000016   Code   RO          897    x$fpl$drsb          fz_ws.l(daddsub_clz.o)
    0x08006ae6   0x08006ae6   0x00000002   PAD
    0x08006ae8   0x08006ae8   0x000001cc   Code   RO          981    x$fpl$dsqrt         fz_ws.l(dsqrt_noumaal.o)
    0x08006cb4   0x08006cb4   0x000001d4   Code   RO          898    x$fpl$dsub          fz_ws.l(daddsub_clz.o)
    0x08006e88   0x08006e88   0x00000056   Code   RO          922    x$fpl$f2d           fz_ws.l(f2d.o)
    0x08006ede   0x08006ede   0x00000002   PAD
    0x08006ee0   0x08006ee0   0x000000c4   Code   RO          924    x$fpl$fadd          fz_ws.l(faddsub_clz.o)
    0x08006fa4   0x08006fa4   0x00000018   Code   RO          983    x$fpl$fcmpinf       fz_ws.l(fcmpi.o)
    0x08006fbc   0x08006fbc   0x00000184   Code   RO          931    x$fpl$fdiv          fz_ws.l(fdiv.o)
    0x08007140   0x08007140   0x00000036   Code   RO          934    x$fpl$ffix          fz_ws.l(ffix.o)
    0x08007176   0x08007176   0x00000002   PAD
    0x08007178   0x08007178   0x0000003e   Code   RO          938    x$fpl$ffixu         fz_ws.l(ffixu.o)
    0x080071b6   0x080071b6   0x00000002   PAD
    0x080071b8   0x080071b8   0x00000030   Code   RO          943    x$fpl$fflt          fz_ws.l(fflt_clz.o)
    0x080071e8   0x080071e8   0x00000026   Code   RO          942    x$fpl$ffltu         fz_ws.l(fflt_clz.o)
    0x0800720e   0x0800720e   0x00000002   PAD
    0x08007210   0x08007210   0x00000068   Code   RO          948    x$fpl$fleqf         fz_ws.l(fleqf.o)
    0x08007278   0x08007278   0x00000102   Code   RO          950    x$fpl$fmul          fz_ws.l(fmul.o)
    0x0800737a   0x0800737a   0x0000008c   Code   RO          985    x$fpl$fnaninf       fz_ws.l(fnaninf.o)
    0x08007406   0x08007406   0x0000000a   Code   RO          987    x$fpl$fretinf       fz_ws.l(fretinf.o)
    0x08007410   0x08007410   0x00000062   Code   RO          952    x$fpl$frleqf        fz_ws.l(frleqf.o)
    0x08007472   0x08007472   0x00000002   PAD
    0x08007474   0x08007474   0x000000ea   Code   RO          926    x$fpl$fsub          fz_ws.l(faddsub_clz.o)
    0x0800755e   0x0800755e   0x00000064   Code   RO         1045    x$fpl$retnan        fz_ws.l(retnan.o)
    0x080075c2   0x080075c2   0x0000005c   Code   RO          989    x$fpl$scalbn        fz_ws.l(scalbn.o)
    0x0800761e   0x0800761e   0x00000030   Code   RO         1094    x$fpl$trapveneer    fz_ws.l(trapv.o)
    0x0800764e   0x0800764e   0x00000000   Code   RO          991    x$fpl$usenofp       fz_ws.l(usenofp.o)
    0x0800764e   0x0800764e   0x00000002   PAD
    0x08007650   0x08007650   0x000002d4   Data   RO            6    .constdata          main.o
    0x08007924   0x08007924   0x0000000e   Data   RO          162    .constdata          bldc.o
    0x08007932   0x08007932   0x00000006   PAD
    0x08007938   0x08007938   0x00000098   Data   RO          956    .constdata          m_ws.l(atan.o)
    0x080079d0   0x080079d0   0x00000020   Data   RO         1173    Region$$Table       anon$$obj.o


    Execution Region RW_IRAM1 (Exec base: 0x20000000, Load base: 0x080079f0, Size: 0x000010b8, Max: 0x00002000, ABSOLUTE, COMPRESSED[0x00000050])

    Exec Addr    Load Addr    Size         Type   Attr      Idx    E Section Name        Object

    0x20000000   COMPRESSED   0x0000002c   Data   RW            7    .data               main.o
    0x2000002c   COMPRESSED   0x00000060   Data   RW          163    .data               bldc.o
    0x2000008c   COMPRESSED   0x00000002   Data   RW          202    .data               setup.o
    0x2000008e   COMPRESSED   0x00000002   PAD
    0x20000090   COMPRESSED   0x0000000c   Data   RW          230    .data               it.o
    0x2000009c   COMPRESSED   0x00000008   Data   RW          318    .data               commsmasterslave.o
    0x200000a4   COMPRESSED   0x00000010   Data   RW          367    .data               commsactuator.o
    0x200000b4   COMPRESSED   0x00000015   Data   RW          420    .data               commssteeringpwm.o
    0x200000c9   COMPRESSED   0x00000003   PAD
    0x200000cc   COMPRESSED   0x00000030   Data   RW          449    .data               commsaccelerometer.o
    0x200000fc   COMPRESSED   0x00000004   Data   RW          478    .data               commsremote.o
    0x20000100   COMPRESSED   0x0000006c   Data   RW          506    .data               navigator.o
    0x2000016c   COMPRESSED   0x00000004   Data   RW          860    .data               system_gd32f1x0.o
    0x20000170        -       0x00000640   Zero   RW            5    .bss                main.o
    0x200007b0        -       0x00000084   Zero   RW          201    .bss                setup.o
    0x20000834        -       0x00000016   Zero   RW          448    .bss                commsaccelerometer.o
    0x2000084a        -       0x00000009   Zero   RW          477    .bss                commsremote.o
    0x20000853   COMPRESSED   0x00000001   PAD
    0x20000854        -       0x00000060   Zero   RW         1033    .bss                c_w.l(libspace.o)
    0x200008b4   COMPRESSED   0x00000004   PAD
    0x200008b8        -       0x00000400   Zero   RW          850    HEAP                startup_gd32f1x0.o
    0x20000cb8        -       0x00000400   Zero   RW          849    STACK               startup_gd32f1x0.o


==============================================================================

Image component sizes


      Code (inc. data)   RO Data    RW Data    ZI Data      Debug   Object Name

      2494        288         14         96          0       5215   bldc.o
       112          0          0          0          0       1309   comms.o
      2504        200          0         48         22       3689   commsaccelerometer.o
       164         20          0         16          0        949   commsactuator.o
        44         10          0          0          0        491   commsinterlocks.o
       460         38          0          8          0       3008   commsmasterslave.o
       120         18          0          4          9       2781   commsremote.o
       668         74          0         21          0       1315   commssteeringpwm.o
      1668         22          0          0          0       6921   gd32f1x0_adc.o
      1204          8          0          0          0       5867   gd32f1x0_dma.o
       204         10          0          0          0       1774   gd32f1x0_fwdgt.o
       476         10          0          0          0       3733   gd32f1x0_gpio.o
       824         18          0          0          0       7374   gd32f1x0_i2c.o
       292         22          0          0          0       1853   gd32f1x0_misc.o
      2216         90          0          0          0       9352   gd32f1x0_rcu.o
      3370         30          0          0          0      17896   gd32f1x0_timer.o
      1614         12          0          0          0      14161   gd32f1x0_usart.o
       392         44          0         12          0       3492   it.o
      1728        188        724         44       1600      93098   main.o
       316         38          0        108          0       2116   navigator.o
      2188         76          0          2        132       3861   setup.o
        64         26        360          0       2048        896   startup_gd32f1x0.o
       492         52          0          4          0       2077   system_gd32f1x0.o

    ----------------------------------------------------------------------
     23618       1294       1136        368       3812     193228   Object Totals
         0          0         32          0          0          0   (incl. Generated)
         4          0          6          5          1          0   (incl. Padding)

    ----------------------------------------------------------------------

      Code (inc. data)   RO Data    RW Data    ZI Data      Debug   Library Member Name

        90          0          0          0          0          0   __dczerorl2.o
         8          0          0          0          0         68   __main.o
         0          0          0          0          0          0   __rtentry.o
        12          0          0          0          0          0   __rtentry2.o
         6          0          0          0          0          0   __rtentry4.o
        52          8          0          0          0          0   __scatter.o
        28          0          0          0          0          0   __scatter_zi.o
        22          0          0          0          0        100   _rserrno.o
        18          0          0          0          0         80   exit.o
         6          0          0          0          0        152   heapauxi.o
         0          0          0          0          0          0   indicate_semi.o
         2          0          0          0          0          0   libinit.o
         2          0          0          0          0          0   libinit2.o
         2          0          0          0          0          0   libshutdown.o
         2          0          0          0          0          0   libshutdown2.o
         8          4          0          0         96         68   libspace.o
         8          4          0          0          0         68   rt_errno_addr_intlibspace.o
       100          0          0          0          0         80   rt_memcpy_w.o
         2          0          0          0          0          0   rtexit.o
        10          0          0          0          0          0   rtexit2.o
        12          4          0          0          0         68   sys_exit.o
        74          0          0          0          0         80   sys_stackheap_outer.o
         2          0          0          0          0         68   use_no_semi.o
        98          4          0          0          0         92   d2f.o
       826         16          0          0          0        348   daddsub_clz.o
        16          4          0          0          0         68   dcheck1.o
        24          0          0          0          0         68   dcmpi.o
       688        140          0          0          0        208   ddiv.o
        94          4          0          0          0         92   dfix.o
        46          0          0          0          0         68   dflt_clz.o
       120          4          0          0          0         92   dleqf.o
       340         12          0          0          0        104   dmul.o
       156          4          0          0          0         92   dnaninf.o
        12          0          0          0          0         68   dretinf.o
       108          0          0          0          0         80   drleqf.o
       460         56          0          0          0        120   dsqrt_noumaal.o
        86          4          0          0          0         84   f2d.o
       430          8          0          0          0        168   faddsub_clz.o
        24          0          0          0          0         68   fcmpi.o
       388         76          0          0          0         96   fdiv.o
        54          4          0          0          0         84   ffix.o
        62          4          0          0          0         84   ffixu.o
        86          0          0          0          0        136   fflt_clz.o
       104          4          0          0          0         84   fleqf.o
       258          4          0          0          0         84   fmul.o
       140          4          0          0          0         84   fnaninf.o
        10          0          0          0          0         68   fretinf.o
        98          0          0          0          0         68   frleqf.o
       100          0          0          0          0         68   retnan.o
        92          0          0          0          0         68   scalbn.o
        48          0          0          0          0         68   trapv.o
         0          0          0          0          0          0   usenofp.o
       544         70        152          0          0        124   atan.o
        22          6          0          0          0        136   dunder.o
        40          0          0          0          0         68   fpclassify.o
       170          0          0          0          0         96   poly.o
        76          0          0          0          0         84   sqrt.o

    ----------------------------------------------------------------------
      6310        448        152          0        100       4152   Library Totals
        24          0          0          0          4          0   (incl. Padding)

    ----------------------------------------------------------------------

      Code (inc. data)   RO Data    RW Data    ZI Data      Debug   Library Name

       466         20          0          0         96        832   c_w.l
      4968        352          0          0          0       2812   fz_ws.l
       852         76        152          0          0        508   m_ws.l

    ----------------------------------------------------------------------
      6310        448        152          0        100       4152   Library Totals

    ----------------------------------------------------------------------

==============================================================================


      Code (inc. data)   RO Data    RW Data    ZI Data      Debug   

     29928       1742       1288        368       3912     192748   Grand Totals
     29928       1742       1288         80       3912     192748   ELF Image Totals (compressed)
     29928       1742       1288         80          0          0   ROM Totals

==============================================================================

    Total RO  Size (Code + RO Data)                31216 (  30.48kB)
    Total RW  Size (RW Data + ZI Data)              4280 (   4.18kB)
    Total ROM Size (Code + RO Data + RW Data)      31296 (  30.56kB)

==============================================================================

